Archive member included to satisfy reference by file (symbol)

/opt/sifive/riscv64-unknown-elf-gcc-8.3.0-2020.04.0-x86_64-linux-ubuntu14/bin/../lib/gcc/riscv64-unknown-elf/8.3.0/../../../../riscv64-unknown-elf/lib/rv32imac/ilp32/libc_nano.a(lib_a-strlen.o)
                              .//build/example-freertos-blinky.o (strlen)
/opt/sifive/riscv64-unknown-elf-gcc-8.3.0-2020.04.0-x86_64-linux-ubuntu14/bin/../lib/gcc/riscv64-unknown-elf/8.3.0/../../../../riscv64-unknown-elf/lib/rv32imac/ilp32/libc_nano.a(lib_a-syswrite.o)
                              .//build/example-freertos-blinky.o (write)
/opt/sifive/riscv64-unknown-elf-gcc-8.3.0-2020.04.0-x86_64-linux-ubuntu14/bin/../lib/gcc/riscv64-unknown-elf/8.3.0/../../../../riscv64-unknown-elf/lib/rv32imac/ilp32/libc_nano.a(lib_a-writer.o)
                              /opt/sifive/riscv64-unknown-elf-gcc-8.3.0-2020.04.0-x86_64-linux-ubuntu14/bin/../lib/gcc/riscv64-unknown-elf/8.3.0/../../../../riscv64-unknown-elf/lib/rv32imac/ilp32/libc_nano.a(lib_a-syswrite.o) (_write_r)
/opt/sifive/riscv64-unknown-elf-gcc-8.3.0-2020.04.0-x86_64-linux-ubuntu14/bin/../lib/gcc/riscv64-unknown-elf/8.3.0/../../../../riscv64-unknown-elf/lib/rv32imac/ilp32/libc_nano.a(lib_a-impure.o)
                              /opt/sifive/riscv64-unknown-elf-gcc-8.3.0-2020.04.0-x86_64-linux-ubuntu14/bin/../lib/gcc/riscv64-unknown-elf/8.3.0/../../../../riscv64-unknown-elf/lib/rv32imac/ilp32/libc_nano.a(lib_a-syswrite.o) (_impure_ptr)
/opt/sifive/riscv64-unknown-elf-gcc-8.3.0-2020.04.0-x86_64-linux-ubuntu14/bin/../lib/gcc/riscv64-unknown-elf/8.3.0/../../../../riscv64-unknown-elf/lib/rv32imac/ilp32/libc_nano.a(lib_a-reent.o)
                              /opt/sifive/riscv64-unknown-elf-gcc-8.3.0-2020.04.0-x86_64-linux-ubuntu14/bin/../lib/gcc/riscv64-unknown-elf/8.3.0/../../../../riscv64-unknown-elf/lib/rv32imac/ilp32/libc_nano.a(lib_a-writer.o) (errno)
/opt/sifive/riscv64-unknown-elf-gcc-8.3.0-2020.04.0-x86_64-linux-ubuntu14/bin/../lib/gcc/riscv64-unknown-elf/8.3.0/../../../../riscv64-unknown-elf/lib/rv32imac/ilp32/libc_nano.a(lib_a-nano-freer.o)
                              /opt/sifive/riscv64-unknown-elf-gcc-8.3.0-2020.04.0-x86_64-linux-ubuntu14/bin/../lib/gcc/riscv64-unknown-elf/8.3.0/../../../../riscv64-unknown-elf/lib/rv32imac/ilp32/libc_nano.a(lib_a-reent.o) (_free_r)
/opt/sifive/riscv64-unknown-elf-gcc-8.3.0-2020.04.0-x86_64-linux-ubuntu14/bin/../lib/gcc/riscv64-unknown-elf/8.3.0/../../../../riscv64-unknown-elf/lib/rv32imac/ilp32/libc_nano.a(lib_a-nano-mallocr.o)
                              /opt/sifive/riscv64-unknown-elf-gcc-8.3.0-2020.04.0-x86_64-linux-ubuntu14/bin/../lib/gcc/riscv64-unknown-elf/8.3.0/../../../../riscv64-unknown-elf/lib/rv32imac/ilp32/libc_nano.a(lib_a-nano-freer.o) (__malloc_free_list)
/opt/sifive/riscv64-unknown-elf-gcc-8.3.0-2020.04.0-x86_64-linux-ubuntu14/bin/../lib/gcc/riscv64-unknown-elf/8.3.0/../../../../riscv64-unknown-elf/lib/rv32imac/ilp32/libc_nano.a(lib_a-sbrkr.o)
                              /opt/sifive/riscv64-unknown-elf-gcc-8.3.0-2020.04.0-x86_64-linux-ubuntu14/bin/../lib/gcc/riscv64-unknown-elf/8.3.0/../../../../riscv64-unknown-elf/lib/rv32imac/ilp32/libc_nano.a(lib_a-nano-mallocr.o) (_sbrk_r)
/opt/sifive/riscv64-unknown-elf-gcc-8.3.0-2020.04.0-x86_64-linux-ubuntu14/bin/../lib/gcc/riscv64-unknown-elf/8.3.0/../../../../riscv64-unknown-elf/lib/rv32imac/ilp32/libc_nano.a(lib_a-mlock.o)
                              /opt/sifive/riscv64-unknown-elf-gcc-8.3.0-2020.04.0-x86_64-linux-ubuntu14/bin/../lib/gcc/riscv64-unknown-elf/8.3.0/../../../../riscv64-unknown-elf/lib/rv32imac/ilp32/libc_nano.a(lib_a-nano-freer.o) (__malloc_lock)
/home/sss22213/Desktop/RISC-V-E-SDK-automatically-build-tools/freedom-e-sdk/bsp/sifive-hifive1-revb/install/lib/debug//libmetal.a(inline.o)
                              .//build/example-freertos-blinky.o (__metal_dt_mem_dtim_80000000)
/home/sss22213/Desktop/RISC-V-E-SDK-automatically-build-tools/freedom-e-sdk/bsp/sifive-hifive1-revb/install/lib/debug//libmetal.a(riscv_clint0.o)
                              /home/sss22213/Desktop/RISC-V-E-SDK-automatically-build-tools/freedom-e-sdk/bsp/sifive-hifive1-revb/install/lib/debug//libmetal.a(inline.o) (__metal_driver_vtable_riscv_clint0)
/home/sss22213/Desktop/RISC-V-E-SDK-automatically-build-tools/freedom-e-sdk/bsp/sifive-hifive1-revb/install/lib/debug//libmetal.a(riscv_cpu.o)
                              /home/sss22213/Desktop/RISC-V-E-SDK-automatically-build-tools/freedom-e-sdk/bsp/sifive-hifive1-revb/install/lib/debug//libmetal.a(riscv_clint0.o) (__metal_controller_interrupt_vector_mode)
/home/sss22213/Desktop/RISC-V-E-SDK-automatically-build-tools/freedom-e-sdk/bsp/sifive-hifive1-revb/install/lib/debug//libmetal.a(riscv_plic0.o)
                              /home/sss22213/Desktop/RISC-V-E-SDK-automatically-build-tools/freedom-e-sdk/bsp/sifive-hifive1-revb/install/lib/debug//libmetal.a(inline.o) (__metal_driver_vtable_riscv_plic0)
[...]
Memory Configuration

Name             Origin             Length             Attributes
itim             0x0000000008000000 0x0000000000002000 axrwl
ram              0x0000000080000000 0x0000000000004000 arw !xl
rom              0x0000000020010000 0x000000000006a120 xrl !aw
*default*        0x0000000000000000 0xffffffffffffffff

Linker script and memory map

                0x0000000000000200                __stack_size = 0x200
                0x0000000000000200                __heap_size = 0x200
LOAD .//build/example-freertos-blinky.o
LOAD .//build/Bridge_Freedom-metal_FreeRTOS.o
START GROUP
LOAD /opt/sifive/riscv64-unknown-elf-gcc-8.3.0-2020.04.0-x86_64-linux-ubuntu14/bin/../lib/gcc/riscv64-unknown-elf/8.3.0/../../../../riscv64-unknown-elf/lib/rv32imac/ilp32/libc_nano.a
LOAD /opt/sifive/riscv64-unknown-elf-gcc-8.3.0-2020.04.0-x86_64-linux-ubuntu14/bin/../lib/gcc/riscv64-unknown-elf/8.3.0/rv32imac/ilp32/libgcc.a
LOAD /opt/sifive/riscv64-unknown-elf-gcc-8.3.0-2020.04.0-x86_64-linux-ubuntu14/bin/../lib/gcc/riscv64-unknown-elf/8.3.0/../../../../riscv64-unknown-elf/lib/rv32imac/ilp32/libm.a
LOAD /home/sss22213/Desktop/RISC-V-E-SDK-automatically-build-tools/freedom-e-sdk/bsp/sifive-hifive1-revb/install/lib/debug//libmetal.a
LOAD /home/sss22213/Desktop/RISC-V-E-SDK-automatically-build-tools/freedom-e-sdk/bsp/sifive-hifive1-revb/install/lib/debug//libmetal-gloss.a
LOAD /home/sss22213/Desktop/RISC-V-E-SDK-automatically-build-tools/freedom-e-sdk/software/example-freertos-sht20/build/FreeRTOS/lib/libFreeRTOS.a
END GROUP
                0x0000000000000200                __stack_size = DEFINED (__stack_size)?__stack_size:0x400
                [!provide]                        PROVIDE (__stack_size = __stack_size)
                0x0000000000000200                __heap_size = DEFINED (__heap_size)?__heap_size:0x800
                0x0000000000000000                PROVIDE (__metal_boot_hart = 0x0)
                0x0000000000000001                PROVIDE (__metal_chicken_bit = 0x1)
                0x0000000000000000                PROVIDE (__metal_eccscrub_bit = 0x0)
                [!provide]                        PROVIDE (metal_dtim_0_memory_start = 0x80000000)
                [!provide]                        PROVIDE (metal_dtim_0_memory_end = 0x80004000)
                [!provide]                        PROVIDE (metal_itim_0_memory_start = 0x8000000)
                [!provide]                        PROVIDE (metal_itim_0_memory_end = 0x8002000)

.init           0x0000000020010000      0x2e6
 *(.text.metal.init.enter)
 .text.metal.init.enter
                0x0000000020010000       0x90 /home/sss22213/Desktop/RISC-V-E-SDK-automatically-build-tools/freedom-e-sdk/bsp/sifive-hifive1-revb/install/lib/debug//libmetal.a(entry.o)
                0x0000000020010000                _enter
 *(.text.metal.init.*)
 .text.metal.init.__register_frame_info
                0x0000000020010090        0x2 /home/sss22213/Desktop/RISC-V-E-SDK-automatically-build-tools/freedom-e-sdk/bsp/sifive-hifive1-revb/install/lib/debug//libmetal.a(entry.o)
                0x0000000020010090                __register_frame_info
 .text.metal.init.scrub
                0x0000000020010092       0xaa /home/sss22213/Desktop/RISC-V-E-SDK-automatically-build-tools/freedom-e-sdk/bsp/sifive-hifive1-revb/install/lib/debug//libmetal.a(scrub.o)
                0x0000000020010092                metal_mem_scrub
                0x00000000200100d6                __metal_before_start
 *fill*         0x000000002001013c        0x0 
 .text.metal.init.trapvec
                0x000000002001013c        0xe /home/sss22213/Desktop/RISC-V-E-SDK-automatically-build-tools/freedom-e-sdk/bsp/sifive-hifive1-revb/install/lib/debug//libmetal.a(trap.o)
                0x000000002001013c                early_trap_vector
 *(SORT_NONE(.init))
 .init          0x000000002001014a        0xe /home/sss22213/Desktop/RISC-V-E-SDK-automatically-build-tools/freedom-e-sdk/bsp/sifive-hifive1-revb/install/lib/debug//libmetal.a(synchronize_harts.o)
                0x000000002001014a                __metal_synchronize_harts
 *(.text.libgloss.start)
 .text.libgloss.start
                0x0000000020010158      0x18e /home/sss22213/Desktop/RISC-V-E-SDK-automatically-build-tools/freedom-e-sdk/bsp/sifive-hifive1-revb/install/lib/debug//libmetal-gloss.a(crt0.o)
                0x0000000020010158                _start
                0x00000000200102c4                _init
                0x00000000200102c4                _fini
                0x00000000200102c6                secondary_main

.fini
 *(SORT_NONE(.fini))

.preinit_array  0x00000000200102e8        0x0
                0x00000000200102e8                PROVIDE (__preinit_array_start = .)
 *(.preinit_array)
                0x00000000200102e8                PROVIDE (__preinit_array_end = .)

.init_array     0x00000000200102e8       0x10
                0x00000000200102e8                PROVIDE (__init_array_start = .)
 *(SORT_BY_INIT_PRIORITY(.init_array.*) SORT_BY_INIT_PRIORITY(.ctors.*))
 *(.init_array EXCLUDE_FILE(*crtend?.o *crtend.o *crtbegin?.o *crtbegin.o) .ctors)
 .init_array    0x00000000200102e8        0x4 .//build/Bridge_Freedom-metal_FreeRTOS.o
                0x00000000200102ec                PROVIDE (__init_array_end = .)
                0x00000000200102ec                PROVIDE (metal_constructors_start = .)
 *(SORT_BY_INIT_PRIORITY(.metal.init_array.*))
 .metal.init_array.5000
                0x00000000200102ec        0x8 /home/sss22213/Desktop/RISC-V-E-SDK-automatically-build-tools/freedom-e-sdk/bsp/sifive-hifive1-revb/install/lib/debug//libmetal.a(sifive_fe310-g000_pll.o)
                0x00000000200102ec                _metal_sifive_fe310_g000_pll_init_ptr
                0x00000000200102f0                _use_hfxosc_ptr
 .metal.init_array.5000
                0x00000000200102f4        0x4 /home/sss22213/Desktop/RISC-V-E-SDK-automatically-build-tools/freedom-e-sdk/bsp/sifive-hifive1-revb/install/lib/debug//libmetal.a(tty.o)
                0x00000000200102f4                _metal_tty_init_ptr
 *(.metal.init_array)
                0x00000000200102f8                PROVIDE (metal_constructors_end = .)

.fini_array     0x00000000200102f8        0x0
                0x00000000200102f8                PROVIDE (__fini_array_start = .)
 *(SORT_BY_INIT_PRIORITY(.fini_array.*) SORT_BY_INIT_PRIORITY(.dtors.*))
 *(.fini_array EXCLUDE_FILE(*crtend?.o *crtend.o *crtbegin?.o *crtbegin.o) .dtors)
                0x00000000200102f8                PROVIDE (__fini_array_end = .)
                0x00000000200102f8                PROVIDE (metal_destructors_start = .)
 *(SORT_BY_INIT_PRIORITY(.metal.fini_array.*))
 *(.metal.fini_array)
                0x00000000200102f8                PROVIDE (metal_destructors_end = .)

.privileged_functions
                0x0000000020010300        0x0
                0x0000000020010300                __privileged_functions_start__ = .
 *(privileged_functions)
                0x0000000020010300                . = ALIGN (0x20)
                0x0000000020010300                __privileged_functions_end__ = .

.ctors          0x00000000200102f8       0x82
                0x0000000020010300                . = ALIGN (0x20)
 *fill*         0x00000000200102f8        0x8 
                0x0000000020010300                __unprivileged_section_start__ = .
 *crtbegin.o(.ctors)
 *crtbegin?.o(.ctors)
 *(EXCLUDE_FILE(*crtend?.o *crtend.o) .ctors)
 *(SORT_BY_NAME(.ctors.*))
 *(.ctors)
 *(.metal.ctors .metal.ctors.*)
 .metal.ctors   0x0000000020010300       0x56 /home/sss22213/Desktop/RISC-V-E-SDK-automatically-build-tools/freedom-e-sdk/bsp/sifive-hifive1-revb/install/lib/debug//libmetal.a(sifive_fe310-g000_pll.o)
                0x0000000020010300                metal_sifive_fe310_g000_pll_init
                0x000000002001032c                use_hfxosc
 .metal.ctors   0x0000000020010356       0x24 /home/sss22213/Desktop/RISC-V-E-SDK-automatically-build-tools/freedom-e-sdk/bsp/sifive-hifive1-revb/install/lib/debug//libmetal.a(tty.o)
                0x0000000020010356                metal_tty_init

.dtors
 *crtbegin.o(.dtors)
 *crtbegin?.o(.dtors)
 *(EXCLUDE_FILE(*crtend?.o *crtend.o) .dtors)
 *(SORT_BY_NAME(.dtors.*))
 *(.dtors)
 *(.metal.dtors .metal.dtors.*)

.rodata         0x000000002001037c      0xdfc
 *(.rdata)
 *(.rodata .rodata.*)
 .rodata        0x000000002001037c       0xaf .//build/example-freertos-blinky.o
 *fill*         0x000000002001042b        0x1 
 .rodata        0x000000002001042c       0x18 .//build/Bridge_Freedom-metal_FreeRTOS.o
 .rodata.__metal_driver_vtable_riscv_clint0
                0x0000000020010444       0x64 /home/sss22213/Desktop/RISC-V-E-SDK-automatically-build-tools/freedom-e-sdk/bsp/sifive-hifive1-revb/install/lib/debug//libmetal.a(riscv_clint0.o)
                0x0000000020010444                __metal_driver_vtable_riscv_clint0
 .rodata.__metal_controller_interrupt_vector
                0x00000000200104a8       0x14 /home/sss22213/Desktop/RISC-V-E-SDK-automatically-build-tools/freedom-e-sdk/bsp/sifive-hifive1-revb/install/lib/debug//libmetal.a(riscv_cpu.o)
 .rodata.__metal_local_interrupt_enable
                0x00000000200104bc       0x80 /home/sss22213/Desktop/RISC-V-E-SDK-automatically-build-tools/freedom-e-sdk/bsp/sifive-hifive1-revb/install/lib/debug//libmetal.a(riscv_cpu.o)
 .rodata.__metal_driver_vtable_riscv_cpu_intc
                0x000000002001053c       0x64 /home/sss22213/Desktop/RISC-V-E-SDK-automatically-build-tools/freedom-e-sdk/bsp/sifive-hifive1-revb/install/lib/debug//libmetal.a(riscv_cpu.o)
                0x000000002001053c                __metal_driver_vtable_riscv_cpu_intc
 .rodata.__metal_driver_vtable_cpu
                0x00000000200105a0       0x44 /home/sss22213/Desktop/RISC-V-E-SDK-automatically-build-tools/freedom-e-sdk/bsp/sifive-hifive1-revb/install/lib/debug//libmetal.a(riscv_cpu.o)
                0x00000000200105a0                __metal_driver_vtable_cpu
 .rodata.__metal_driver_vtable_riscv_plic0
                0x00000000200105e4       0x64 /home/sss22213/Desktop/RISC-V-E-SDK-automatically-build-tools/freedom-e-sdk/bsp/sifive-hifive1-revb/install/lib/debug//libmetal.a(riscv_plic0.o)
                0x00000000200105e4                __metal_driver_vtable_riscv_plic0
 .rodata.pll_configs
                0x0000000020010648      0x880 /home/sss22213/Desktop/RISC-V-E-SDK-automatically-build-tools/freedom-e-sdk/bsp/sifive-hifive1-revb/install/lib/debug//libmetal.a(sifive_fe310-g000_pll.o)
 .rodata.__metal_driver_vtable_sifive_fe310_g000_pll
                0x0000000020010ec8        0xc /home/sss22213/Desktop/RISC-V-E-SDK-automatically-build-tools/freedom-e-sdk/bsp/sifive-hifive1-revb/install/lib/debug//libmetal.a(sifive_fe310-g000_pll.o)
                0x0000000020010ec8                __metal_driver_vtable_sifive_fe310_g000_pll
 .rodata        0x0000000020010ed4       0x1d /home/sss22213/Desktop/RISC-V-E-SDK-automatically-build-tools/freedom-e-sdk/bsp/sifive-hifive1-revb/install/lib/debug//libmetal.a(sifive_gpio-leds.o)
 *fill*         0x0000000020010ef1        0x3 
 .rodata.__metal_driver_vtable_sifive_led
                0x0000000020010ef4       0x14 /home/sss22213/Desktop/RISC-V-E-SDK-automatically-build-tools/freedom-e-sdk/bsp/sifive-hifive1-revb/install/lib/debug//libmetal.a(sifive_gpio-leds.o)
                0x0000000020010ef4                __metal_driver_vtable_sifive_led
 .rodata.__metal_driver_sifive_gpio0_config_int
                0x0000000020010f08       0x20 /home/sss22213/Desktop/RISC-V-E-SDK-automatically-build-tools/freedom-e-sdk/bsp/sifive-hifive1-revb/install/lib/debug//libmetal.a(sifive_gpio0.o)
 .rodata.__metal_driver_sifive_gpio0_clear_int
                0x0000000020010f28       0x20 /home/sss22213/Desktop/RISC-V-E-SDK-automatically-build-tools/freedom-e-sdk/bsp/sifive-hifive1-revb/install/lib/debug//libmetal.a(sifive_gpio0.o)
 .rodata.__metal_driver_vtable_sifive_gpio0
                0x0000000020010f48       0x3c /home/sss22213/Desktop/RISC-V-E-SDK-automatically-build-tools/freedom-e-sdk/bsp/sifive-hifive1-revb/install/lib/debug//libmetal.a(sifive_gpio0.o)
                0x0000000020010f48                __metal_driver_vtable_sifive_gpio0
 .rodata.__metal_driver_vtable_sifive_uart0
                0x0000000020010f84       0x40 /home/sss22213/Desktop/RISC-V-E-SDK-automatically-build-tools/freedom-e-sdk/bsp/sifive-hifive1-revb/install/lib/debug//libmetal.a(sifive_uart0.o)
                0x0000000020010f84                __metal_driver_vtable_sifive_uart0
 .rodata.libgloss.start
                0x0000000020010fc4       0x11 /home/sss22213/Desktop/RISC-V-E-SDK-automatically-build-tools/freedom-e-sdk/bsp/sifive-hifive1-revb/install/lib/debug//libmetal-gloss.a(crt0.o)
 *fill*         0x0000000020010fd5        0x3 
 .rodata        0x0000000020010fd8        0x5 /home/sss22213/Desktop/RISC-V-E-SDK-automatically-build-tools/freedom-e-sdk/software/example-freertos-sht20/build/FreeRTOS/lib/libFreeRTOS.a(tasks.o)
 *fill*         0x0000000020010fdd        0x3 
 .rodata        0x0000000020010fe0        0xd /home/sss22213/Desktop/RISC-V-E-SDK-automatically-build-tools/freedom-e-sdk/software/example-freertos-sht20/build/FreeRTOS/lib/libFreeRTOS.a(timers.o)
 *fill*         0x0000000020010fed        0x3 
 .rodata.prvProcessReceivedCommands
                0x0000000020010ff0       0x28 /home/sss22213/Desktop/RISC-V-E-SDK-automatically-build-tools/freedom-e-sdk/software/example-freertos-sht20/build/FreeRTOS/lib/libFreeRTOS.a(timers.o)
 .rodata.__sf_fake_stderr
                0x0000000020011018       0x20 /opt/sifive/riscv64-unknown-elf-gcc-8.3.0-2020.04.0-x86_64-linux-ubuntu14/bin/../lib/gcc/riscv64-unknown-elf/8.3.0/../../../../riscv64-unknown-elf/lib/rv32imac/ilp32/libc_nano.a(lib_a-findfp.o)
                0x0000000020011018                __sf_fake_stderr
 .rodata.__sf_fake_stdin
                0x0000000020011038       0x20 /opt/sifive/riscv64-unknown-elf-gcc-8.3.0-2020.04.0-x86_64-linux-ubuntu14/bin/../lib/gcc/riscv64-unknown-elf/8.3.0/../../../../riscv64-unknown-elf/lib/rv32imac/ilp32/libc_nano.a(lib_a-findfp.o)
                0x0000000020011038                __sf_fake_stdin
 .rodata.__sf_fake_stdout
                0x0000000020011058       0x20 /opt/sifive/riscv64-unknown-elf-gcc-8.3.0-2020.04.0-x86_64-linux-ubuntu14/bin/../lib/gcc/riscv64-unknown-elf/8.3.0/../../../../riscv64-unknown-elf/lib/rv32imac/ilp32/libc_nano.a(lib_a-findfp.o)
                0x0000000020011058                __sf_fake_stdout
 .rodata        0x0000000020011078      0x100 /opt/sifive/riscv64-unknown-elf-gcc-8.3.0-2020.04.0-x86_64-linux-ubuntu14/bin/../lib/gcc/riscv64-unknown-elf/8.3.0/rv32imac/ilp32/libgcc.a(_clz.o)
                0x0000000020011078                __clz_tab
 *(.gnu.linkonce.r.*)
                0x0000000020011178                . = ALIGN (0x8)
 *fill*         0x0000000020011178        0x0 
 *(.srodata.cst16)
 *(.srodata.cst8)
 *(.srodata.cst4)
 *(.srodata.cst2)
 *(.srodata .srodata.*)

.itim           0x0000000008000000        0x0 load address 0x0000000020011178
 *(.itim .itim.*)
                0x0000000020011178                PROVIDE (metal_segment_itim_source_start = LOADADDR (.itim))
                0x0000000008000000                PROVIDE (metal_segment_itim_target_start = ADDR (.itim))
                0x0000000008000000                PROVIDE (metal_segment_itim_target_end = (ADDR (.itim) + SIZEOF (.itim)))

.lim            0x0000000080000000        0x0 load address 0x0000000020011178
 *(.lim .lim.*)
                0x0000000020011178                PROVIDE (metal_segment_lim_source_start = LOADADDR (.lim))
                0x0000000080000000                PROVIDE (metal_segment_lim_target_start = ADDR (.lim))
                0x0000000080000000                PROVIDE (metal_segment_lim_target_end = (ADDR (.lim) + SIZEOF (.lim)))

.text           0x0000000020011200     0x8b40
 *(.text.unlikely .text.unlikely.*)
 *(.text.startup .text.startup.*)
 *(.text .text.*)
 .text.main     0x0000000020011200       0xc8 .//build/example-freertos-blinky.o
                0x0000000020011200                main
 .text.prvQueueSendTask
                0x00000000200112c8       0x80 .//build/example-freertos-blinky.o
 .text.prvQueueReceiveTask
                0x0000000020011348       0x8a .//build/example-freertos-blinky.o
 .text.prvSetupHardware
                0x00000000200113d2       0xce .//build/example-freertos-blinky.o
 .text.vApplicationMallocFailedHook
                0x00000000200114a0       0x22 .//build/example-freertos-blinky.o
                0x00000000200114a0                vApplicationMallocFailedHook
 .text.vApplicationStackOverflowHook
                0x00000000200114c2       0x4a .//build/example-freertos-blinky.o
                0x00000000200114c2                vApplicationStackOverflowHook
 .text.__metal_driver_cpu_interrupt_controller
                0x000000002001150c       0x2a .//build/Bridge_Freedom-metal_FreeRTOS.o
 .text.FreeRTOS_init
                0x0000000020011536       0x94 .//build/Bridge_Freedom-metal_FreeRTOS.o
 .text.FreedomMetal_InterruptHandler
                0x00000000200115ca      0x10e .//build/Bridge_Freedom-metal_FreeRTOS.o
                0x00000000200115ca                FreedomMetal_InterruptHandler
 .text.FreedomMetal_ExceptionHandler
                0x00000000200116d8       0x86 .//build/Bridge_Freedom-metal_FreeRTOS.o
                0x00000000200116d8                FreedomMetal_ExceptionHandler
 .text.strlen   0x000000002001175e       0x12 /opt/sifive/riscv64-unknown-elf-gcc-8.3.0-2020.04.0-x86_64-linux-ubuntu14/bin/../lib/gcc/riscv64-unknown-elf/8.3.0/../../../../riscv64-unknown-elf/lib/rv32imac/ilp32/libc_nano.a(lib_a-strlen.o)
                0x000000002001175e                strlen
 .text.write    0x0000000020011770       0x12 /opt/sifive/riscv64-unknown-elf-gcc-8.3.0-2020.04.0-x86_64-linux-ubuntu14/bin/../lib/gcc/riscv64-unknown-elf/8.3.0/../../../../riscv64-unknown-elf/lib/rv32imac/ilp32/libc_nano.a(lib_a-syswrite.o)
                0x0000000020011770                write
 .text._write_r
                0x0000000020011782       0x2e /opt/sifive/riscv64-unknown-elf-gcc-8.3.0-2020.04.0-x86_64-linux-ubuntu14/bin/../lib/gcc/riscv64-unknown-elf/8.3.0/../../../../riscv64-unknown-elf/lib/rv32imac/ilp32/libc_nano.a(lib_a-writer.o)
                0x0000000020011782                _write_r
 .text.cleanup_glue
                0x00000000200117b0       0x20 /opt/sifive/riscv64-unknown-elf-gcc-8.3.0-2020.04.0-x86_64-linux-ubuntu14/bin/../lib/gcc/riscv64-unknown-elf/8.3.0/../../../../riscv64-unknown-elf/lib/rv32imac/ilp32/libc_nano.a(lib_a-reent.o)
                0x00000000200117b0                cleanup_glue
 .text._reclaim_reent
                0x00000000200117d0       0xc4 /opt/sifive/riscv64-unknown-elf-gcc-8.3.0-2020.04.0-x86_64-linux-ubuntu14/bin/../lib/gcc/riscv64-unknown-elf/8.3.0/../../../../riscv64-unknown-elf/lib/rv32imac/ilp32/libc_nano.a(lib_a-reent.o)
                0x00000000200117d0                _reclaim_reent
 .text._free_r  0x0000000020011894       0xac /opt/sifive/riscv64-unknown-elf-gcc-8.3.0-2020.04.0-x86_64-linux-ubuntu14/bin/../lib/gcc/riscv64-unknown-elf/8.3.0/../../../../riscv64-unknown-elf/lib/rv32imac/ilp32/libc_nano.a(lib_a-nano-freer.o)
                0x0000000020011894                _free_r
 .text.__malloc_lock
                0x0000000020011940        0x2 /opt/sifive/riscv64-unknown-elf-gcc-8.3.0-2020.04.0-x86_64-linux-ubuntu14/bin/../lib/gcc/riscv64-unknown-elf/8.3.0/../../../../riscv64-unknown-elf/lib/rv32imac/ilp32/libc_nano.a(lib_a-mlock.o)
                0x0000000020011940                __malloc_lock
 .text.__malloc_unlock
                0x0000000020011942        0x2 /opt/sifive/riscv64-unknown-elf-gcc-8.3.0-2020.04.0-x86_64-linux-ubuntu14/bin/../lib/gcc/riscv64-unknown-elf/8.3.0/../../../../riscv64-unknown-elf/lib/rv32imac/ilp32/libc_nano.a(lib_a-mlock.o)
                0x0000000020011942                __malloc_unlock
 .text.__metal_driver_sifive_clint0_control_base
                0x0000000020011944       0x2a /home/sss22213/Desktop/RISC-V-E-SDK-automatically-build-tools/freedom-e-sdk/bsp/sifive-hifive1-revb/install/lib/debug//libmetal.a(riscv_clint0.o)
 .text.__metal_driver_sifive_clint0_num_interrupts
                0x000000002001196e       0x28 /home/sss22213/Desktop/RISC-V-E-SDK-automatically-build-tools/freedom-e-sdk/bsp/sifive-hifive1-revb/install/lib/debug//libmetal.a(riscv_clint0.o)
 .text.__metal_driver_sifive_clint0_interrupt_parents
                0x0000000020011996       0x3c /home/sss22213/Desktop/RISC-V-E-SDK-automatically-build-tools/freedom-e-sdk/bsp/sifive-hifive1-revb/install/lib/debug//libmetal.a(riscv_clint0.o)
 .text.__metal_driver_sifive_clint0_interrupt_lines
                0x00000000200119d2       0x30 /home/sss22213/Desktop/RISC-V-E-SDK-automatically-build-tools/freedom-e-sdk/bsp/sifive-hifive1-revb/install/lib/debug//libmetal.a(riscv_clint0.o)
 .text.__metal_clint0_mtime_get
                0x0000000020011a02       0x9a /home/sss22213/Desktop/RISC-V-E-SDK-automatically-build-tools/freedom-e-sdk/bsp/sifive-hifive1-revb/install/lib/debug//libmetal.a(riscv_clint0.o)
                0x0000000020011a02                __metal_clint0_mtime_get
 .text.__metal_driver_riscv_clint0_mtimecmp_set
                0x0000000020011a9c       0x96 /home/sss22213/Desktop/RISC-V-E-SDK-automatically-build-tools/freedom-e-sdk/bsp/sifive-hifive1-revb/install/lib/debug//libmetal.a(riscv_clint0.o)
                0x0000000020011a9c                __metal_driver_riscv_clint0_mtimecmp_set
 .text._get_cpu_intc
                0x0000000020011b32       0x36 /home/sss22213/Desktop/RISC-V-E-SDK-automatically-build-tools/freedom-e-sdk/bsp/sifive-hifive1-revb/install/lib/debug//libmetal.a(riscv_clint0.o)
 .text.__metal_driver_riscv_clint0_init
                0x0000000020011b68       0x88 /home/sss22213/Desktop/RISC-V-E-SDK-automatically-build-tools/freedom-e-sdk/bsp/sifive-hifive1-revb/install/lib/debug//libmetal.a(riscv_clint0.o)
                0x0000000020011b68                __metal_driver_riscv_clint0_init
 .text.__metal_driver_riscv_clint0_register
                0x0000000020011bf0       0xda /home/sss22213/Desktop/RISC-V-E-SDK-automatically-build-tools/freedom-e-sdk/bsp/sifive-hifive1-revb/install/lib/debug//libmetal.a(riscv_clint0.o)
                0x0000000020011bf0                __metal_driver_riscv_clint0_register
 .text.__metal_driver_riscv_clint0_vector_register
                0x0000000020011cca       0x28 /home/sss22213/Desktop/RISC-V-E-SDK-automatically-build-tools/freedom-e-sdk/bsp/sifive-hifive1-revb/install/lib/debug//libmetal.a(riscv_clint0.o)
                0x0000000020011cca                __metal_driver_riscv_clint0_vector_register
 .text.__metal_driver_riscv_clint0_get_vector_mode
                0x0000000020011cf2       0x1c /home/sss22213/Desktop/RISC-V-E-SDK-automatically-build-tools/freedom-e-sdk/bsp/sifive-hifive1-revb/install/lib/debug//libmetal.a(riscv_clint0.o)
                0x0000000020011cf2                __metal_driver_riscv_clint0_get_vector_mode
 .text.__metal_driver_riscv_clint0_set_vector_mode
                0x0000000020011d0e       0x58 /home/sss22213/Desktop/RISC-V-E-SDK-automatically-build-tools/freedom-e-sdk/bsp/sifive-hifive1-revb/install/lib/debug//libmetal.a(riscv_clint0.o)
                0x0000000020011d0e                __metal_driver_riscv_clint0_set_vector_mode
 .text.__metal_driver_riscv_clint0_enable
                0x0000000020011d66       0xb2 /home/sss22213/Desktop/RISC-V-E-SDK-automatically-build-tools/freedom-e-sdk/bsp/sifive-hifive1-revb/install/lib/debug//libmetal.a(riscv_clint0.o)
                0x0000000020011d66                __metal_driver_riscv_clint0_enable
 .text.__metal_driver_riscv_clint0_disable
                0x0000000020011e18       0xb2 /home/sss22213/Desktop/RISC-V-E-SDK-automatically-build-tools/freedom-e-sdk/bsp/sifive-hifive1-revb/install/lib/debug//libmetal.a(riscv_clint0.o)
                0x0000000020011e18                __metal_driver_riscv_clint0_disable
 .text.__metal_driver_riscv_clint0_command_request
                0x0000000020011eca      0x132 /home/sss22213/Desktop/RISC-V-E-SDK-automatically-build-tools/freedom-e-sdk/bsp/sifive-hifive1-revb/install/lib/debug//libmetal.a(riscv_clint0.o)
                0x0000000020011eca                __metal_driver_riscv_clint0_command_request
 .text.__metal_driver_riscv_clint0_clear_interrupt
                0x0000000020011ffc       0x34 /home/sss22213/Desktop/RISC-V-E-SDK-automatically-build-tools/freedom-e-sdk/bsp/sifive-hifive1-revb/install/lib/debug//libmetal.a(riscv_clint0.o)
                0x0000000020011ffc                __metal_driver_riscv_clint0_clear_interrupt
 .text.__metal_driver_riscv_clint0_set_interrupt
                0x0000000020012030       0x34 /home/sss22213/Desktop/RISC-V-E-SDK-automatically-build-tools/freedom-e-sdk/bsp/sifive-hifive1-revb/install/lib/debug//libmetal.a(riscv_clint0.o)
                0x0000000020012030                __metal_driver_riscv_clint0_set_interrupt
 .text.__metal_driver_cpu_hartid
                0x0000000020012064       0x24 /home/sss22213/Desktop/RISC-V-E-SDK-automatically-build-tools/freedom-e-sdk/bsp/sifive-hifive1-revb/install/lib/debug//libmetal.a(riscv_cpu.o)
 .text.__metal_driver_cpu_timebase
                0x0000000020012088       0x2a /home/sss22213/Desktop/RISC-V-E-SDK-automatically-build-tools/freedom-e-sdk/bsp/sifive-hifive1-revb/install/lib/debug//libmetal.a(riscv_cpu.o)
 .text.__metal_driver_cpu_interrupt_controller
                0x00000000200120b2       0x2a /home/sss22213/Desktop/RISC-V-E-SDK-automatically-build-tools/freedom-e-sdk/bsp/sifive-hifive1-revb/install/lib/debug//libmetal.a(riscv_cpu.o)
 .text.__metal_driver_cpu_buserror
                0x00000000200120dc       0x24 /home/sss22213/Desktop/RISC-V-E-SDK-automatically-build-tools/freedom-e-sdk/bsp/sifive-hifive1-revb/install/lib/debug//libmetal.a(riscv_cpu.o)
 .text.__metal_driver_cpu_get
                0x0000000020012100       0x30 /home/sss22213/Desktop/RISC-V-E-SDK-automatically-build-tools/freedom-e-sdk/bsp/sifive-hifive1-revb/install/lib/debug//libmetal.a(riscv_cpu.o)
                0x0000000020012100                __metal_driver_cpu_get
 .text.__metal_myhart_id
                0x0000000020012130       0x1a /home/sss22213/Desktop/RISC-V-E-SDK-automatically-build-tools/freedom-e-sdk/bsp/sifive-hifive1-revb/install/lib/debug//libmetal.a(riscv_cpu.o)
                0x0000000020012130                __metal_myhart_id
 .text.__metal_interrupt_global_enable
                0x000000002001214a       0x18 /home/sss22213/Desktop/RISC-V-E-SDK-automatically-build-tools/freedom-e-sdk/bsp/sifive-hifive1-revb/install/lib/debug//libmetal.a(riscv_cpu.o)
                0x000000002001214a                __metal_interrupt_global_enable
 .text.__metal_interrupt_global_disable
                0x0000000020012162       0x18 /home/sss22213/Desktop/RISC-V-E-SDK-automatically-build-tools/freedom-e-sdk/bsp/sifive-hifive1-revb/install/lib/debug//libmetal.a(riscv_cpu.o)
                0x0000000020012162                __metal_interrupt_global_disable
 .text.__metal_interrupt_software_enable
                0x000000002001217a       0x18 /home/sss22213/Desktop/RISC-V-E-SDK-automatically-build-tools/freedom-e-sdk/bsp/sifive-hifive1-revb/install/lib/debug//libmetal.a(riscv_cpu.o)
                0x000000002001217a                __metal_interrupt_software_enable
 .text.__metal_interrupt_software_disable
                0x0000000020012192       0x18 /home/sss22213/Desktop/RISC-V-E-SDK-automatically-build-tools/freedom-e-sdk/bsp/sifive-hifive1-revb/install/lib/debug//libmetal.a(riscv_cpu.o)
                0x0000000020012192                __metal_interrupt_software_disable
 .text.__metal_interrupt_timer_enable
                0x00000000200121aa       0x1a /home/sss22213/Desktop/RISC-V-E-SDK-automatically-build-tools/freedom-e-sdk/bsp/sifive-hifive1-revb/install/lib/debug//libmetal.a(riscv_cpu.o)
                0x00000000200121aa                __metal_interrupt_timer_enable
 .text.__metal_interrupt_timer_disable
                0x00000000200121c4       0x1a /home/sss22213/Desktop/RISC-V-E-SDK-automatically-build-tools/freedom-e-sdk/bsp/sifive-hifive1-revb/install/lib/debug//libmetal.a(riscv_cpu.o)
                0x00000000200121c4                __metal_interrupt_timer_disable
 .text.__metal_interrupt_external_enable
                0x00000000200121de       0x1c /home/sss22213/Desktop/RISC-V-E-SDK-automatically-build-tools/freedom-e-sdk/bsp/sifive-hifive1-revb/install/lib/debug//libmetal.a(riscv_cpu.o)
                0x00000000200121de                __metal_interrupt_external_enable
 .text.__metal_interrupt_external_disable
                0x00000000200121fa       0x1c /home/sss22213/Desktop/RISC-V-E-SDK-automatically-build-tools/freedom-e-sdk/bsp/sifive-hifive1-revb/install/lib/debug//libmetal.a(riscv_cpu.o)
                0x00000000200121fa                __metal_interrupt_external_disable
 .text.__metal_interrupt_local_enable
                0x0000000020012216       0x2c /home/sss22213/Desktop/RISC-V-E-SDK-automatically-build-tools/freedom-e-sdk/bsp/sifive-hifive1-revb/install/lib/debug//libmetal.a(riscv_cpu.o)
                0x0000000020012216                __metal_interrupt_local_enable
 .text.__metal_interrupt_local_disable
                0x0000000020012242       0x2c /home/sss22213/Desktop/RISC-V-E-SDK-automatically-build-tools/freedom-e-sdk/bsp/sifive-hifive1-revb/install/lib/debug//libmetal.a(riscv_cpu.o)
                0x0000000020012242                __metal_interrupt_local_disable
 .text.__metal_default_exception_handler
                0x000000002001226e       0x18 /home/sss22213/Desktop/RISC-V-E-SDK-automatically-build-tools/freedom-e-sdk/bsp/sifive-hifive1-revb/install/lib/debug//libmetal.a(riscv_cpu.o)
                0x000000002001226e                __metal_default_exception_handler
 .text.__metal_default_interrupt_handler
                0x0000000020012286       0x18 /home/sss22213/Desktop/RISC-V-E-SDK-automatically-build-tools/freedom-e-sdk/bsp/sifive-hifive1-revb/install/lib/debug//libmetal.a(riscv_cpu.o)
                0x0000000020012286                __metal_default_interrupt_handler
 .text.metal_interrupt_vector_handler
                0x000000002001229e       0x2e /home/sss22213/Desktop/RISC-V-E-SDK-automatically-build-tools/freedom-e-sdk/bsp/sifive-hifive1-revb/install/lib/debug//libmetal.a(riscv_cpu.o)
                0x000000002001229e                metal_interrupt_vector_handler
 .text.metal_software_interrupt_vector_handler
                0x00000000200122cc       0x92 /home/sss22213/Desktop/RISC-V-E-SDK-automatically-build-tools/freedom-e-sdk/bsp/sifive-hifive1-revb/install/lib/debug//libmetal.a(riscv_cpu.o)
                0x00000000200122cc                metal_software_interrupt_vector_handler
 .text.__metal_default_sw_handler
                0x000000002001235e       0x68 /home/sss22213/Desktop/RISC-V-E-SDK-automatically-build-tools/freedom-e-sdk/bsp/sifive-hifive1-revb/install/lib/debug//libmetal.a(riscv_cpu.o)
                0x000000002001235e                __metal_default_sw_handler
 .text.metal_timer_interrupt_vector_handler
                0x00000000200123c6       0x92 /home/sss22213/Desktop/RISC-V-E-SDK-automatically-build-tools/freedom-e-sdk/bsp/sifive-hifive1-revb/install/lib/debug//libmetal.a(riscv_cpu.o)
                0x00000000200123c6                metal_timer_interrupt_vector_handler
 .text.__metal_default_beu_handler
                0x0000000020012458       0x16 /home/sss22213/Desktop/RISC-V-E-SDK-automatically-build-tools/freedom-e-sdk/bsp/sifive-hifive1-revb/install/lib/debug//libmetal.a(riscv_cpu.o)
                0x0000000020012458                __metal_default_beu_handler
 .text.__metal_default_timer_handler
                0x000000002001246e       0x66 /home/sss22213/Desktop/RISC-V-E-SDK-automatically-build-tools/freedom-e-sdk/bsp/sifive-hifive1-revb/install/lib/debug//libmetal.a(riscv_cpu.o)
                0x000000002001246e                __metal_default_timer_handler
 *fill*         0x00000000200124d4       0x2c 
 .text.__metal_exception_handler
                0x0000000020012500      0x1f8 /home/sss22213/Desktop/RISC-V-E-SDK-automatically-build-tools/freedom-e-sdk/bsp/sifive-hifive1-revb/install/lib/debug//libmetal.a(riscv_cpu.o)
                0x0000000020012500                __metal_exception_handler
 .text.metal_lc0_interrupt_vector_handler
                0x00000000200126f8       0x96 /home/sss22213/Desktop/RISC-V-E-SDK-automatically-build-tools/freedom-e-sdk/bsp/sifive-hifive1-revb/install/lib/debug//libmetal.a(riscv_cpu.o)
                0x00000000200126f8                metal_lc0_interrupt_vector_handler
 .text.metal_lc1_interrupt_vector_handler
                0x000000002001278e       0x96 /home/sss22213/Desktop/RISC-V-E-SDK-automatically-build-tools/freedom-e-sdk/bsp/sifive-hifive1-revb/install/lib/debug//libmetal.a(riscv_cpu.o)
                0x000000002001278e                metal_lc1_interrupt_vector_handler
 .text.metal_lc2_interrupt_vector_handler
                0x0000000020012824       0x96 /home/sss22213/Desktop/RISC-V-E-SDK-automatically-build-tools/freedom-e-sdk/bsp/sifive-hifive1-revb/install/lib/debug//libmetal.a(riscv_cpu.o)
                0x0000000020012824                metal_lc2_interrupt_vector_handler
 .text.metal_lc3_interrupt_vector_handler
                0x00000000200128ba       0x96 /home/sss22213/Desktop/RISC-V-E-SDK-automatically-build-tools/freedom-e-sdk/bsp/sifive-hifive1-revb/install/lib/debug//libmetal.a(riscv_cpu.o)
                0x00000000200128ba                metal_lc3_interrupt_vector_handler
 .text.metal_lc4_interrupt_vector_handler
                0x0000000020012950       0x96 /home/sss22213/Desktop/RISC-V-E-SDK-automatically-build-tools/freedom-e-sdk/bsp/sifive-hifive1-revb/install/lib/debug//libmetal.a(riscv_cpu.o)
                0x0000000020012950                metal_lc4_interrupt_vector_handler
 .text.metal_lc5_interrupt_vector_handler
                0x00000000200129e6       0x96 /home/sss22213/Desktop/RISC-V-E-SDK-automatically-build-tools/freedom-e-sdk/bsp/sifive-hifive1-revb/install/lib/debug//libmetal.a(riscv_cpu.o)
                0x00000000200129e6                metal_lc5_interrupt_vector_handler
 .text.metal_lc6_interrupt_vector_handler
                0x0000000020012a7c       0x96 /home/sss22213/Desktop/RISC-V-E-SDK-automatically-build-tools/freedom-e-sdk/bsp/sifive-hifive1-revb/install/lib/debug//libmetal.a(riscv_cpu.o)
                0x0000000020012a7c                metal_lc6_interrupt_vector_handler
 .text.metal_lc7_interrupt_vector_handler
                0x0000000020012b12       0x96 /home/sss22213/Desktop/RISC-V-E-SDK-automatically-build-tools/freedom-e-sdk/bsp/sifive-hifive1-revb/install/lib/debug//libmetal.a(riscv_cpu.o)
                0x0000000020012b12                metal_lc7_interrupt_vector_handler
 .text.metal_lc8_interrupt_vector_handler
                0x0000000020012ba8       0x96 /home/sss22213/Desktop/RISC-V-E-SDK-automatically-build-tools/freedom-e-sdk/bsp/sifive-hifive1-revb/install/lib/debug//libmetal.a(riscv_cpu.o)
                0x0000000020012ba8                metal_lc8_interrupt_vector_handler
 .text.metal_lc9_interrupt_vector_handler
                0x0000000020012c3e       0x96 /home/sss22213/Desktop/RISC-V-E-SDK-automatically-build-tools/freedom-e-sdk/bsp/sifive-hifive1-revb/install/lib/debug//libmetal.a(riscv_cpu.o)
                0x0000000020012c3e                metal_lc9_interrupt_vector_handler
 .text.metal_lc10_interrupt_vector_handler
                0x0000000020012cd4       0x96 /home/sss22213/Desktop/RISC-V-E-SDK-automatically-build-tools/freedom-e-sdk/bsp/sifive-hifive1-revb/install/lib/debug//libmetal.a(riscv_cpu.o)
                0x0000000020012cd4                metal_lc10_interrupt_vector_handler
 .text.metal_lc11_interrupt_vector_handler
                0x0000000020012d6a       0x96 /home/sss22213/Desktop/RISC-V-E-SDK-automatically-build-tools/freedom-e-sdk/bsp/sifive-hifive1-revb/install/lib/debug//libmetal.a(riscv_cpu.o)
                0x0000000020012d6a                metal_lc11_interrupt_vector_handler
 .text.metal_lc12_interrupt_vector_handler
                0x0000000020012e00       0x96 /home/sss22213/Desktop/RISC-V-E-SDK-automatically-build-tools/freedom-e-sdk/bsp/sifive-hifive1-revb/install/lib/debug//libmetal.a(riscv_cpu.o)
                0x0000000020012e00                metal_lc12_interrupt_vector_handler
 .text.metal_lc13_interrupt_vector_handler
                0x0000000020012e96       0x96 /home/sss22213/Desktop/RISC-V-E-SDK-automatically-build-tools/freedom-e-sdk/bsp/sifive-hifive1-revb/install/lib/debug//libmetal.a(riscv_cpu.o)
                0x0000000020012e96                metal_lc13_interrupt_vector_handler
 .text.metal_lc14_interrupt_vector_handler
                0x0000000020012f2c       0x96 /home/sss22213/Desktop/RISC-V-E-SDK-automatically-build-tools/freedom-e-sdk/bsp/sifive-hifive1-revb/install/lib/debug//libmetal.a(riscv_cpu.o)
                0x0000000020012f2c                metal_lc14_interrupt_vector_handler
 .text.metal_lc15_interrupt_vector_handler
                0x0000000020012fc2       0x96 /home/sss22213/Desktop/RISC-V-E-SDK-automatically-build-tools/freedom-e-sdk/bsp/sifive-hifive1-revb/install/lib/debug//libmetal.a(riscv_cpu.o)
                0x0000000020012fc2                metal_lc15_interrupt_vector_handler
 .text.__metal_controller_interrupt_vector_mode
                0x0000000020013058       0x50 /home/sss22213/Desktop/RISC-V-E-SDK-automatically-build-tools/freedom-e-sdk/bsp/sifive-hifive1-revb/install/lib/debug//libmetal.a(riscv_cpu.o)
                0x0000000020013058                __metal_controller_interrupt_vector_mode
 .text.__metal_controller_interrupt_vector
                0x00000000200130a8       0x98 /home/sss22213/Desktop/RISC-V-E-SDK-automatically-build-tools/freedom-e-sdk/bsp/sifive-hifive1-revb/install/lib/debug//libmetal.a(riscv_cpu.o)
                0x00000000200130a8                __metal_controller_interrupt_vector
 .text.__metal_valid_interrupt_id
                0x0000000020013140       0x64 /home/sss22213/Desktop/RISC-V-E-SDK-automatically-build-tools/freedom-e-sdk/bsp/sifive-hifive1-revb/install/lib/debug//libmetal.a(riscv_cpu.o)
                0x0000000020013140                __metal_valid_interrupt_id
 .text.__metal_local_interrupt_enable
                0x00000000200131a4       0xbc /home/sss22213/Desktop/RISC-V-E-SDK-automatically-build-tools/freedom-e-sdk/bsp/sifive-hifive1-revb/install/lib/debug//libmetal.a(riscv_cpu.o)
                0x00000000200131a4                __metal_local_interrupt_enable
 .text.__metal_exception_register
                0x0000000020013260       0x4e /home/sss22213/Desktop/RISC-V-E-SDK-automatically-build-tools/freedom-e-sdk/bsp/sifive-hifive1-revb/install/lib/debug//libmetal.a(riscv_cpu.o)
                0x0000000020013260                __metal_exception_register
 .text.__metal_driver_riscv_cpu_controller_interrupt_init
                0x00000000200132ae       0xe2 /home/sss22213/Desktop/RISC-V-E-SDK-automatically-build-tools/freedom-e-sdk/bsp/sifive-hifive1-revb/install/lib/debug//libmetal.a(riscv_cpu.o)
                0x00000000200132ae                __metal_driver_riscv_cpu_controller_interrupt_init
 .text.__metal_driver_riscv_cpu_controller_interrupt_register
                0x0000000020013390      0x1d6 /home/sss22213/Desktop/RISC-V-E-SDK-automatically-build-tools/freedom-e-sdk/bsp/sifive-hifive1-revb/install/lib/debug//libmetal.a(riscv_cpu.o)
                0x0000000020013390                __metal_driver_riscv_cpu_controller_interrupt_register
 .text.__metal_driver_riscv_cpu_controller_interrupt_enable
                0x0000000020013566       0x2a /home/sss22213/Desktop/RISC-V-E-SDK-automatically-build-tools/freedom-e-sdk/bsp/sifive-hifive1-revb/install/lib/debug//libmetal.a(riscv_cpu.o)
                0x0000000020013566                __metal_driver_riscv_cpu_controller_interrupt_enable
 .text.__metal_driver_riscv_cpu_controller_interrupt_disable
                0x0000000020013590       0x2a /home/sss22213/Desktop/RISC-V-E-SDK-automatically-build-tools/freedom-e-sdk/bsp/sifive-hifive1-revb/install/lib/debug//libmetal.a(riscv_cpu.o)
                0x0000000020013590                __metal_driver_riscv_cpu_controller_interrupt_disable
 .text.__metal_driver_riscv_cpu_controller_get_vector_mode
                0x00000000200135ba       0x1c /home/sss22213/Desktop/RISC-V-E-SDK-automatically-build-tools/freedom-e-sdk/bsp/sifive-hifive1-revb/install/lib/debug//libmetal.a(riscv_cpu.o)
                0x00000000200135ba                __metal_driver_riscv_cpu_controller_get_vector_mode
 .text.__metal_driver_riscv_cpu_controller_set_vector_mode
                0x00000000200135d6       0x54 /home/sss22213/Desktop/RISC-V-E-SDK-automatically-build-tools/freedom-e-sdk/bsp/sifive-hifive1-revb/install/lib/debug//libmetal.a(riscv_cpu.o)
                0x00000000200135d6                __metal_driver_riscv_cpu_controller_set_vector_mode
 .text.__metal_driver_riscv_cpu_controller_command_request
                0x000000002001362a       0x1c /home/sss22213/Desktop/RISC-V-E-SDK-automatically-build-tools/freedom-e-sdk/bsp/sifive-hifive1-revb/install/lib/debug//libmetal.a(riscv_cpu.o)
                0x000000002001362a                __metal_driver_riscv_cpu_controller_command_request
 .text.__metal_driver_cpu_mcycle_get
                0x0000000020013646       0x72 /home/sss22213/Desktop/RISC-V-E-SDK-automatically-build-tools/freedom-e-sdk/bsp/sifive-hifive1-revb/install/lib/debug//libmetal.a(riscv_cpu.o)
                0x0000000020013646                __metal_driver_cpu_mcycle_get
 .text.__metal_driver_cpu_timebase_get
                0x00000000200136b8       0x46 /home/sss22213/Desktop/RISC-V-E-SDK-automatically-build-tools/freedom-e-sdk/bsp/sifive-hifive1-revb/install/lib/debug//libmetal.a(riscv_cpu.o)
                0x00000000200136b8                __metal_driver_cpu_timebase_get
 .text.__metal_driver_cpu_mtime_get
                0x00000000200136fe       0x66 /home/sss22213/Desktop/RISC-V-E-SDK-automatically-build-tools/freedom-e-sdk/bsp/sifive-hifive1-revb/install/lib/debug//libmetal.a(riscv_cpu.o)
                0x00000000200136fe                __metal_driver_cpu_mtime_get
 .text.__metal_driver_cpu_mtimecmp_set
                0x0000000020013764       0x76 /home/sss22213/Desktop/RISC-V-E-SDK-automatically-build-tools/freedom-e-sdk/bsp/sifive-hifive1-revb/install/lib/debug//libmetal.a(riscv_cpu.o)
                0x0000000020013764                __metal_driver_cpu_mtimecmp_set
 .text.__metal_driver_cpu_timer_controller_interrupt
                0x00000000200137da       0x1a /home/sss22213/Desktop/RISC-V-E-SDK-automatically-build-tools/freedom-e-sdk/bsp/sifive-hifive1-revb/install/lib/debug//libmetal.a(riscv_cpu.o)
                0x00000000200137da                __metal_driver_cpu_timer_controller_interrupt
 .text.__metal_driver_cpu_get_timer_interrupt_id
                0x00000000200137f4       0x14 /home/sss22213/Desktop/RISC-V-E-SDK-automatically-build-tools/freedom-e-sdk/bsp/sifive-hifive1-revb/install/lib/debug//libmetal.a(riscv_cpu.o)
                0x00000000200137f4                __metal_driver_cpu_get_timer_interrupt_id
 .text.__metal_driver_cpu_sw_controller_interrupt
                0x0000000020013808       0x1a /home/sss22213/Desktop/RISC-V-E-SDK-automatically-build-tools/freedom-e-sdk/bsp/sifive-hifive1-revb/install/lib/debug//libmetal.a(riscv_cpu.o)
                0x0000000020013808                __metal_driver_cpu_sw_controller_interrupt
 .text.__metal_driver_cpu_get_sw_interrupt_id
                0x0000000020013822       0x14 /home/sss22213/Desktop/RISC-V-E-SDK-automatically-build-tools/freedom-e-sdk/bsp/sifive-hifive1-revb/install/lib/debug//libmetal.a(riscv_cpu.o)
                0x0000000020013822                __metal_driver_cpu_get_sw_interrupt_id
 .text.__metal_driver_cpu_set_sw_ipi
                0x0000000020013836       0x62 /home/sss22213/Desktop/RISC-V-E-SDK-automatically-build-tools/freedom-e-sdk/bsp/sifive-hifive1-revb/install/lib/debug//libmetal.a(riscv_cpu.o)
                0x0000000020013836                __metal_driver_cpu_set_sw_ipi
 .text.__metal_driver_cpu_clear_sw_ipi
                0x0000000020013898       0x62 /home/sss22213/Desktop/RISC-V-E-SDK-automatically-build-tools/freedom-e-sdk/bsp/sifive-hifive1-revb/install/lib/debug//libmetal.a(riscv_cpu.o)
                0x0000000020013898                __metal_driver_cpu_clear_sw_ipi
 .text.__metal_driver_cpu_get_msip
                0x00000000200138fa       0x60 /home/sss22213/Desktop/RISC-V-E-SDK-automatically-build-tools/freedom-e-sdk/bsp/sifive-hifive1-revb/install/lib/debug//libmetal.a(riscv_cpu.o)
                0x00000000200138fa                __metal_driver_cpu_get_msip
 .text.__metal_driver_cpu_controller_interrupt
                0x000000002001395a       0x20 /home/sss22213/Desktop/RISC-V-E-SDK-automatically-build-tools/freedom-e-sdk/bsp/sifive-hifive1-revb/install/lib/debug//libmetal.a(riscv_cpu.o)
                0x000000002001395a                __metal_driver_cpu_controller_interrupt
 .text.__metal_driver_cpu_exception_register
                0x000000002001397a       0x46 /home/sss22213/Desktop/RISC-V-E-SDK-automatically-build-tools/freedom-e-sdk/bsp/sifive-hifive1-revb/install/lib/debug//libmetal.a(riscv_cpu.o)
                0x000000002001397a                __metal_driver_cpu_exception_register
 .text.__metal_driver_cpu_get_instruction_length
                0x00000000200139c0       0x2e /home/sss22213/Desktop/RISC-V-E-SDK-automatically-build-tools/freedom-e-sdk/bsp/sifive-hifive1-revb/install/lib/debug//libmetal.a(riscv_cpu.o)
                0x00000000200139c0                __metal_driver_cpu_get_instruction_length
 .text.__metal_driver_cpu_get_exception_pc
                0x00000000200139ee       0x1e /home/sss22213/Desktop/RISC-V-E-SDK-automatically-build-tools/freedom-e-sdk/bsp/sifive-hifive1-revb/install/lib/debug//libmetal.a(riscv_cpu.o)
                0x00000000200139ee                __metal_driver_cpu_get_exception_pc
 .text.__metal_driver_cpu_set_exception_pc
                0x0000000020013a0c       0x20 /home/sss22213/Desktop/RISC-V-E-SDK-automatically-build-tools/freedom-e-sdk/bsp/sifive-hifive1-revb/install/lib/debug//libmetal.a(riscv_cpu.o)
                0x0000000020013a0c                __metal_driver_cpu_set_exception_pc
 .text.__metal_driver_cpu_get_buserror
                0x0000000020013a2c       0x20 /home/sss22213/Desktop/RISC-V-E-SDK-automatically-build-tools/freedom-e-sdk/bsp/sifive-hifive1-revb/install/lib/debug//libmetal.a(riscv_cpu.o)
                0x0000000020013a2c                __metal_driver_cpu_get_buserror
 .text.__metal_driver_sifive_plic0_control_base
                0x0000000020013a4c       0x2a /home/sss22213/Desktop/RISC-V-E-SDK-automatically-build-tools/freedom-e-sdk/bsp/sifive-hifive1-revb/install/lib/debug//libmetal.a(riscv_plic0.o)
 .text.__metal_driver_sifive_plic0_num_interrupts
                0x0000000020013a76       0x2a /home/sss22213/Desktop/RISC-V-E-SDK-automatically-build-tools/freedom-e-sdk/bsp/sifive-hifive1-revb/install/lib/debug//libmetal.a(riscv_plic0.o)
 .text.__metal_driver_sifive_plic0_max_priority
                0x0000000020013aa0       0x28 /home/sss22213/Desktop/RISC-V-E-SDK-automatically-build-tools/freedom-e-sdk/bsp/sifive-hifive1-revb/install/lib/debug//libmetal.a(riscv_plic0.o)
 .text.__metal_driver_sifive_plic0_interrupt_parents
                0x0000000020013ac8       0x28 /home/sss22213/Desktop/RISC-V-E-SDK-automatically-build-tools/freedom-e-sdk/bsp/sifive-hifive1-revb/install/lib/debug//libmetal.a(riscv_plic0.o)
 .text.__metal_driver_sifive_plic0_interrupt_lines
                0x0000000020013af0       0x22 /home/sss22213/Desktop/RISC-V-E-SDK-automatically-build-tools/freedom-e-sdk/bsp/sifive-hifive1-revb/install/lib/debug//libmetal.a(riscv_plic0.o)
 .text.__metal_driver_sifive_plic0_context_ids
                0x0000000020013b12       0x1e /home/sss22213/Desktop/RISC-V-E-SDK-automatically-build-tools/freedom-e-sdk/bsp/sifive-hifive1-revb/install/lib/debug//libmetal.a(riscv_plic0.o)
 .text.__metal_plic0_claim_interrupt
                0x0000000020013b30       0x3c /home/sss22213/Desktop/RISC-V-E-SDK-automatically-build-tools/freedom-e-sdk/bsp/sifive-hifive1-revb/install/lib/debug//libmetal.a(riscv_plic0.o)
                0x0000000020013b30                __metal_plic0_claim_interrupt
 .text.__metal_plic0_complete_interrupt
                0x0000000020013b6c       0x46 /home/sss22213/Desktop/RISC-V-E-SDK-automatically-build-tools/freedom-e-sdk/bsp/sifive-hifive1-revb/install/lib/debug//libmetal.a(riscv_plic0.o)
                0x0000000020013b6c                __metal_plic0_complete_interrupt
 .text.__metal_plic0_set_threshold
                0x0000000020013bb2       0x46 /home/sss22213/Desktop/RISC-V-E-SDK-automatically-build-tools/freedom-e-sdk/bsp/sifive-hifive1-revb/install/lib/debug//libmetal.a(riscv_plic0.o)
                0x0000000020013bb2                __metal_plic0_set_threshold
 .text.__metal_plic0_get_threshold
                0x0000000020013bf8       0x3a /home/sss22213/Desktop/RISC-V-E-SDK-automatically-build-tools/freedom-e-sdk/bsp/sifive-hifive1-revb/install/lib/debug//libmetal.a(riscv_plic0.o)
                0x0000000020013bf8                __metal_plic0_get_threshold
 .text.__metal_driver_riscv_plic0_set_priority
                0x0000000020013c32       0x62 /home/sss22213/Desktop/RISC-V-E-SDK-automatically-build-tools/freedom-e-sdk/bsp/sifive-hifive1-revb/install/lib/debug//libmetal.a(riscv_plic0.o)
                0x0000000020013c32                __metal_driver_riscv_plic0_set_priority
 .text.__metal_driver_riscv_plic0_get_priority
                0x0000000020013c94       0x34 /home/sss22213/Desktop/RISC-V-E-SDK-automatically-build-tools/freedom-e-sdk/bsp/sifive-hifive1-revb/install/lib/debug//libmetal.a(riscv_plic0.o)
                0x0000000020013c94                __metal_driver_riscv_plic0_get_priority
 .text.__metal_plic0_enable
                0x0000000020013cc8       0xa2 /home/sss22213/Desktop/RISC-V-E-SDK-automatically-build-tools/freedom-e-sdk/bsp/sifive-hifive1-revb/install/lib/debug//libmetal.a(riscv_plic0.o)
                0x0000000020013cc8                __metal_plic0_enable
 .text.__metal_plic0_default_handler
                0x0000000020013d6a       0x18 /home/sss22213/Desktop/RISC-V-E-SDK-automatically-build-tools/freedom-e-sdk/bsp/sifive-hifive1-revb/install/lib/debug//libmetal.a(riscv_plic0.o)
                0x0000000020013d6a                __metal_plic0_default_handler
 .text.__metal_plic0_handler
                0x0000000020013d82       0xa4 /home/sss22213/Desktop/RISC-V-E-SDK-automatically-build-tools/freedom-e-sdk/bsp/sifive-hifive1-revb/install/lib/debug//libmetal.a(riscv_plic0.o)
                0x0000000020013d82                __metal_plic0_handler
 .text.__metal_driver_riscv_plic0_init
                0x0000000020013e26      0x152 /home/sss22213/Desktop/RISC-V-E-SDK-automatically-build-tools/freedom-e-sdk/bsp/sifive-hifive1-revb/install/lib/debug//libmetal.a(riscv_plic0.o)
                0x0000000020013e26                __metal_driver_riscv_plic0_init
 .text.__metal_driver_riscv_plic0_register
                0x0000000020013f78       0xc2 /home/sss22213/Desktop/RISC-V-E-SDK-automatically-build-tools/freedom-e-sdk/bsp/sifive-hifive1-revb/install/lib/debug//libmetal.a(riscv_plic0.o)
                0x0000000020013f78                __metal_driver_riscv_plic0_register
 .text.__metal_driver_riscv_plic0_enable
                0x000000002001403a       0x50 /home/sss22213/Desktop/RISC-V-E-SDK-automatically-build-tools/freedom-e-sdk/bsp/sifive-hifive1-revb/install/lib/debug//libmetal.a(riscv_plic0.o)
                0x000000002001403a                __metal_driver_riscv_plic0_enable
 .text.__metal_driver_riscv_plic0_disable
                0x000000002001408a       0x50 /home/sss22213/Desktop/RISC-V-E-SDK-automatically-build-tools/freedom-e-sdk/bsp/sifive-hifive1-revb/install/lib/debug//libmetal.a(riscv_plic0.o)
                0x000000002001408a                __metal_driver_riscv_plic0_disable
 .text.__metal_driver_riscv_plic0_set_threshold
                0x00000000200140da       0x30 /home/sss22213/Desktop/RISC-V-E-SDK-automatically-build-tools/freedom-e-sdk/bsp/sifive-hifive1-revb/install/lib/debug//libmetal.a(riscv_plic0.o)
                0x00000000200140da                __metal_driver_riscv_plic0_set_threshold
 .text.__metal_driver_riscv_plic0_get_threshold
                0x000000002001410a       0x28 /home/sss22213/Desktop/RISC-V-E-SDK-automatically-build-tools/freedom-e-sdk/bsp/sifive-hifive1-revb/install/lib/debug//libmetal.a(riscv_plic0.o)
                0x000000002001410a                __metal_driver_riscv_plic0_get_threshold
 .text.__metal_driver_riscv_plic0_affinity_enable
                0x0000000020014132       0x9c /home/sss22213/Desktop/RISC-V-E-SDK-automatically-build-tools/freedom-e-sdk/bsp/sifive-hifive1-revb/install/lib/debug//libmetal.a(riscv_plic0.o)
                0x0000000020014132                __metal_driver_riscv_plic0_affinity_enable
 .text.__metal_driver_riscv_plic0_affinity_disable
                0x00000000200141ce       0x9c /home/sss22213/Desktop/RISC-V-E-SDK-automatically-build-tools/freedom-e-sdk/bsp/sifive-hifive1-revb/install/lib/debug//libmetal.a(riscv_plic0.o)
                0x00000000200141ce                __metal_driver_riscv_plic0_affinity_disable
 .text.__metal_driver_riscv_plic0_affinity_set_threshold
                0x000000002001426a       0x74 /home/sss22213/Desktop/RISC-V-E-SDK-automatically-build-tools/freedom-e-sdk/bsp/sifive-hifive1-revb/install/lib/debug//libmetal.a(riscv_plic0.o)
                0x000000002001426a                __metal_driver_riscv_plic0_affinity_set_threshold
 .text.__metal_driver_riscv_plic0_affinity_get_threshold
                0x00000000200142de       0x28 /home/sss22213/Desktop/RISC-V-E-SDK-automatically-build-tools/freedom-e-sdk/bsp/sifive-hifive1-revb/install/lib/debug//libmetal.a(riscv_plic0.o)
                0x00000000200142de                __metal_driver_riscv_plic0_affinity_get_threshold
 .text.__metal_driver_sifive_fe310_g000_hfrosc_ref
                0x0000000020014306       0x1a /home/sss22213/Desktop/RISC-V-E-SDK-automatically-build-tools/freedom-e-sdk/bsp/sifive-hifive1-revb/install/lib/debug//libmetal.a(sifive_fe310-g000_hfrosc.o)
 .text.__metal_driver_sifive_fe310_g000_hfrosc_config_base
                0x0000000020014320       0x16 /home/sss22213/Desktop/RISC-V-E-SDK-automatically-build-tools/freedom-e-sdk/bsp/sifive-hifive1-revb/install/lib/debug//libmetal.a(sifive_fe310-g000_hfrosc.o)
 .text.__metal_driver_sifive_fe310_g000_hfrosc_config_offset
                0x0000000020014336       0x14 /home/sss22213/Desktop/RISC-V-E-SDK-automatically-build-tools/freedom-e-sdk/bsp/sifive-hifive1-revb/install/lib/debug//libmetal.a(sifive_fe310-g000_hfrosc.o)
 .text.__metal_driver_sifive_fe310_g000_prci_vtable
                0x000000002001434a       0x12 /home/sss22213/Desktop/RISC-V-E-SDK-automatically-build-tools/freedom-e-sdk/bsp/sifive-hifive1-revb/install/lib/debug//libmetal.a(sifive_fe310-g000_hfrosc.o)
 .text.__metal_driver_sifive_fe310_g000_hfrosc_get_rate_hz
                0x000000002001435c       0x84 /home/sss22213/Desktop/RISC-V-E-SDK-automatically-build-tools/freedom-e-sdk/bsp/sifive-hifive1-revb/install/lib/debug//libmetal.a(sifive_fe310-g000_hfrosc.o)
                0x000000002001435c                __metal_driver_sifive_fe310_g000_hfrosc_get_rate_hz
 .text.__metal_driver_sifive_fe310_g000_hfrosc_set_rate_hz
                0x00000000200143e0       0x22 /home/sss22213/Desktop/RISC-V-E-SDK-automatically-build-tools/freedom-e-sdk/bsp/sifive-hifive1-revb/install/lib/debug//libmetal.a(sifive_fe310-g000_hfrosc.o)
                0x00000000200143e0                __metal_driver_sifive_fe310_g000_hfrosc_set_rate_hz
 .text.__metal_driver_sifive_fe310_g000_hfxosc_ref
                0x0000000020014402       0x1a /home/sss22213/Desktop/RISC-V-E-SDK-automatically-build-tools/freedom-e-sdk/bsp/sifive-hifive1-revb/install/lib/debug//libmetal.a(sifive_fe310-g000_hfxosc.o)
 .text.__metal_driver_sifive_fe310_g000_hfxosc_config_base
                0x000000002001441c       0x16 /home/sss22213/Desktop/RISC-V-E-SDK-automatically-build-tools/freedom-e-sdk/bsp/sifive-hifive1-revb/install/lib/debug//libmetal.a(sifive_fe310-g000_hfxosc.o)
 .text.__metal_driver_sifive_fe310_g000_hfxosc_config_offset
                0x0000000020014432       0x14 /home/sss22213/Desktop/RISC-V-E-SDK-automatically-build-tools/freedom-e-sdk/bsp/sifive-hifive1-revb/install/lib/debug//libmetal.a(sifive_fe310-g000_hfxosc.o)
 .text.__metal_driver_sifive_fe310_g000_prci_vtable
                0x0000000020014446       0x12 /home/sss22213/Desktop/RISC-V-E-SDK-automatically-build-tools/freedom-e-sdk/bsp/sifive-hifive1-revb/install/lib/debug//libmetal.a(sifive_fe310-g000_hfxosc.o)
 .text.__metal_driver_sifive_fe310_g000_hfxosc_get_rate_hz
                0x0000000020014458       0x74 /home/sss22213/Desktop/RISC-V-E-SDK-automatically-build-tools/freedom-e-sdk/bsp/sifive-hifive1-revb/install/lib/debug//libmetal.a(sifive_fe310-g000_hfxosc.o)
                0x0000000020014458                __metal_driver_sifive_fe310_g000_hfxosc_get_rate_hz
 .text.__metal_driver_sifive_fe310_g000_hfxosc_set_rate_hz
                0x00000000200144cc       0x22 /home/sss22213/Desktop/RISC-V-E-SDK-automatically-build-tools/freedom-e-sdk/bsp/sifive-hifive1-revb/install/lib/debug//libmetal.a(sifive_fe310-g000_hfxosc.o)
                0x00000000200144cc                __metal_driver_sifive_fe310_g000_hfxosc_set_rate_hz
 .text.__metal_driver_sifive_fe310_g000_pll_pllsel0
                0x00000000200144ee       0x1a /home/sss22213/Desktop/RISC-V-E-SDK-automatically-build-tools/freedom-e-sdk/bsp/sifive-hifive1-revb/install/lib/debug//libmetal.a(sifive_fe310-g000_pll.o)
 .text.__metal_driver_sifive_fe310_g000_pll_pllref
                0x0000000020014508       0x1a /home/sss22213/Desktop/RISC-V-E-SDK-automatically-build-tools/freedom-e-sdk/bsp/sifive-hifive1-revb/install/lib/debug//libmetal.a(sifive_fe310-g000_pll.o)
 .text.__metal_driver_sifive_fe310_g000_pll_divider_base
                0x0000000020014522       0x16 /home/sss22213/Desktop/RISC-V-E-SDK-automatically-build-tools/freedom-e-sdk/bsp/sifive-hifive1-revb/install/lib/debug//libmetal.a(sifive_fe310-g000_pll.o)
 .text.__metal_driver_sifive_fe310_g000_pll_divider_offset
                0x0000000020014538       0x14 /home/sss22213/Desktop/RISC-V-E-SDK-automatically-build-tools/freedom-e-sdk/bsp/sifive-hifive1-revb/install/lib/debug//libmetal.a(sifive_fe310-g000_pll.o)
 .text.__metal_driver_sifive_fe310_g000_pll_config_base
                0x000000002001454c       0x12 /home/sss22213/Desktop/RISC-V-E-SDK-automatically-build-tools/freedom-e-sdk/bsp/sifive-hifive1-revb/install/lib/debug//libmetal.a(sifive_fe310-g000_pll.o)
 .text.__metal_driver_sifive_fe310_g000_pll_config_offset
                0x000000002001455e       0x10 /home/sss22213/Desktop/RISC-V-E-SDK-automatically-build-tools/freedom-e-sdk/bsp/sifive-hifive1-revb/install/lib/debug//libmetal.a(sifive_fe310-g000_pll.o)
 .text.__metal_driver_sifive_fe310_g000_pll_init_rate
                0x000000002001456e       0x16 /home/sss22213/Desktop/RISC-V-E-SDK-automatically-build-tools/freedom-e-sdk/bsp/sifive-hifive1-revb/install/lib/debug//libmetal.a(sifive_fe310-g000_pll.o)
 .text.__metal_driver_sifive_fe310_g000_prci_base
                0x0000000020014584       0x12 /home/sss22213/Desktop/RISC-V-E-SDK-automatically-build-tools/freedom-e-sdk/bsp/sifive-hifive1-revb/install/lib/debug//libmetal.a(sifive_fe310-g000_pll.o)
 .text.__metal_driver_sifive_fe310_g000_prci_vtable
                0x0000000020014596       0x12 /home/sss22213/Desktop/RISC-V-E-SDK-automatically-build-tools/freedom-e-sdk/bsp/sifive-hifive1-revb/install/lib/debug//libmetal.a(sifive_fe310-g000_pll.o)
 .text.get_pll_config_freq
                0x00000000200145a8       0x4e /home/sss22213/Desktop/RISC-V-E-SDK-automatically-build-tools/freedom-e-sdk/bsp/sifive-hifive1-revb/install/lib/debug//libmetal.a(sifive_fe310-g000_pll.o)
 .text.__metal_driver_sifive_fe310_g000_pll_init
                0x00000000200145f6       0xa4 /home/sss22213/Desktop/RISC-V-E-SDK-automatically-build-tools/freedom-e-sdk/bsp/sifive-hifive1-revb/install/lib/debug//libmetal.a(sifive_fe310-g000_pll.o)
                0x00000000200145f6                __metal_driver_sifive_fe310_g000_pll_init
 .text.__metal_driver_sifive_fe310_g000_pll_get_rate_hz
                0x000000002001469a      0x170 /home/sss22213/Desktop/RISC-V-E-SDK-automatically-build-tools/freedom-e-sdk/bsp/sifive-hifive1-revb/install/lib/debug//libmetal.a(sifive_fe310-g000_pll.o)
                0x000000002001469a                __metal_driver_sifive_fe310_g000_pll_get_rate_hz
 .text.find_closest_config
                0x000000002001480a       0xac /home/sss22213/Desktop/RISC-V-E-SDK-automatically-build-tools/freedom-e-sdk/bsp/sifive-hifive1-revb/install/lib/debug//libmetal.a(sifive_fe310-g000_pll.o)
 .text.configure_pll
                0x00000000200148b6      0x1ac /home/sss22213/Desktop/RISC-V-E-SDK-automatically-build-tools/freedom-e-sdk/bsp/sifive-hifive1-revb/install/lib/debug//libmetal.a(sifive_fe310-g000_pll.o)
 .text.__metal_driver_sifive_fe310_g000_pll_set_rate_hz
                0x0000000020014a62      0x166 /home/sss22213/Desktop/RISC-V-E-SDK-automatically-build-tools/freedom-e-sdk/bsp/sifive-hifive1-revb/install/lib/debug//libmetal.a(sifive_fe310-g000_pll.o)
                0x0000000020014a62                __metal_driver_sifive_fe310_g000_pll_set_rate_hz
 .text.__metal_driver_sifive_fe310_g000_prci_base
                0x0000000020014bc8       0x12 /home/sss22213/Desktop/RISC-V-E-SDK-automatically-build-tools/freedom-e-sdk/bsp/sifive-hifive1-revb/install/lib/debug//libmetal.a(sifive_fe310-g000_prci.o)
 .text.__metal_driver_sifive_fe310_g000_prci_get_reg
                0x0000000020014bda       0x2e /home/sss22213/Desktop/RISC-V-E-SDK-automatically-build-tools/freedom-e-sdk/bsp/sifive-hifive1-revb/install/lib/debug//libmetal.a(sifive_fe310-g000_prci.o)
                0x0000000020014bda                __metal_driver_sifive_fe310_g000_prci_get_reg
 .text.__metal_driver_sifive_fe310_g000_prci_set_reg
                0x0000000020014c08       0x38 /home/sss22213/Desktop/RISC-V-E-SDK-automatically-build-tools/freedom-e-sdk/bsp/sifive-hifive1-revb/install/lib/debug//libmetal.a(sifive_fe310-g000_prci.o)
                0x0000000020014c08                __metal_driver_sifive_fe310_g000_prci_set_reg
 .text.__metal_driver_sifive_gpio_led_gpio
                0x0000000020014c40       0x4a /home/sss22213/Desktop/RISC-V-E-SDK-automatically-build-tools/freedom-e-sdk/bsp/sifive-hifive1-revb/install/lib/debug//libmetal.a(sifive_gpio-leds.o)
 .text.__metal_driver_sifive_gpio_led_pin
                0x0000000020014c8a       0x44 /home/sss22213/Desktop/RISC-V-E-SDK-automatically-build-tools/freedom-e-sdk/bsp/sifive-hifive1-revb/install/lib/debug//libmetal.a(sifive_gpio-leds.o)
 .text.__metal_driver_sifive_gpio_led_label
                0x0000000020014cce       0x5c /home/sss22213/Desktop/RISC-V-E-SDK-automatically-build-tools/freedom-e-sdk/bsp/sifive-hifive1-revb/install/lib/debug//libmetal.a(sifive_gpio-leds.o)
 .text.__metal_driver_led_exist
                0x0000000020014d2a       0x36 /home/sss22213/Desktop/RISC-V-E-SDK-automatically-build-tools/freedom-e-sdk/bsp/sifive-hifive1-revb/install/lib/debug//libmetal.a(sifive_gpio-leds.o)
                0x0000000020014d2a                __metal_driver_led_exist
 .text.__metal_driver_led_enable
                0x0000000020014d60       0x48 /home/sss22213/Desktop/RISC-V-E-SDK-automatically-build-tools/freedom-e-sdk/bsp/sifive-hifive1-revb/install/lib/debug//libmetal.a(sifive_gpio-leds.o)
                0x0000000020014d60                __metal_driver_led_enable
 .text.__metal_driver_led_on
                0x0000000020014da8       0x3e /home/sss22213/Desktop/RISC-V-E-SDK-automatically-build-tools/freedom-e-sdk/bsp/sifive-hifive1-revb/install/lib/debug//libmetal.a(sifive_gpio-leds.o)
                0x0000000020014da8                __metal_driver_led_on
 .text.__metal_driver_led_off
                0x0000000020014de6       0x3e /home/sss22213/Desktop/RISC-V-E-SDK-automatically-build-tools/freedom-e-sdk/bsp/sifive-hifive1-revb/install/lib/debug//libmetal.a(sifive_gpio-leds.o)
                0x0000000020014de6                __metal_driver_led_off
 .text.__metal_driver_led_toggle
                0x0000000020014e24       0x3e /home/sss22213/Desktop/RISC-V-E-SDK-automatically-build-tools/freedom-e-sdk/bsp/sifive-hifive1-revb/install/lib/debug//libmetal.a(sifive_gpio-leds.o)
                0x0000000020014e24                __metal_driver_led_toggle
 .text.__metal_driver_sifive_gpio0_base
                0x0000000020014e62       0x26 /home/sss22213/Desktop/RISC-V-E-SDK-automatically-build-tools/freedom-e-sdk/bsp/sifive-hifive1-revb/install/lib/debug//libmetal.a(sifive_gpio0.o)
 .text.__metal_driver_sifive_gpio0_interrupt_parent
                0x0000000020014e88       0x2a /home/sss22213/Desktop/RISC-V-E-SDK-automatically-build-tools/freedom-e-sdk/bsp/sifive-hifive1-revb/install/lib/debug//libmetal.a(sifive_gpio0.o)
 .text.__metal_driver_sifive_gpio0_interrupt_lines
                0x0000000020014eb2      0x35e /home/sss22213/Desktop/RISC-V-E-SDK-automatically-build-tools/freedom-e-sdk/bsp/sifive-hifive1-revb/install/lib/debug//libmetal.a(sifive_gpio0.o)
 .text.__metal_driver_sifive_gpio0_enable_input
                0x0000000020015210       0x40 /home/sss22213/Desktop/RISC-V-E-SDK-automatically-build-tools/freedom-e-sdk/bsp/sifive-hifive1-revb/install/lib/debug//libmetal.a(sifive_gpio0.o)
                0x0000000020015210                __metal_driver_sifive_gpio0_enable_input
 .text.__metal_driver_sifive_gpio0_disable_input
                0x0000000020015250       0x46 /home/sss22213/Desktop/RISC-V-E-SDK-automatically-build-tools/freedom-e-sdk/bsp/sifive-hifive1-revb/install/lib/debug//libmetal.a(sifive_gpio0.o)
                0x0000000020015250                __metal_driver_sifive_gpio0_disable_input
 .text.__metal_driver_sifive_gpio0_input
                0x0000000020015296       0x2a /home/sss22213/Desktop/RISC-V-E-SDK-automatically-build-tools/freedom-e-sdk/bsp/sifive-hifive1-revb/install/lib/debug//libmetal.a(sifive_gpio0.o)
                0x0000000020015296                __metal_driver_sifive_gpio0_input
 .text.__metal_driver_sifive_gpio0_output
                0x00000000200152c0       0x2c /home/sss22213/Desktop/RISC-V-E-SDK-automatically-build-tools/freedom-e-sdk/bsp/sifive-hifive1-revb/install/lib/debug//libmetal.a(sifive_gpio0.o)
                0x00000000200152c0                __metal_driver_sifive_gpio0_output
 .text.__metal_driver_sifive_gpio0_disable_output
                0x00000000200152ec       0x46 /home/sss22213/Desktop/RISC-V-E-SDK-automatically-build-tools/freedom-e-sdk/bsp/sifive-hifive1-revb/install/lib/debug//libmetal.a(sifive_gpio0.o)
                0x00000000200152ec                __metal_driver_sifive_gpio0_disable_output
 .text.__metal_driver_sifive_gpio0_enable_output
                0x0000000020015332       0x40 /home/sss22213/Desktop/RISC-V-E-SDK-automatically-build-tools/freedom-e-sdk/bsp/sifive-hifive1-revb/install/lib/debug//libmetal.a(sifive_gpio0.o)
                0x0000000020015332                __metal_driver_sifive_gpio0_enable_output
 .text.__metal_driver_sifive_gpio0_output_set
                0x0000000020015372       0x40 /home/sss22213/Desktop/RISC-V-E-SDK-automatically-build-tools/freedom-e-sdk/bsp/sifive-hifive1-revb/install/lib/debug//libmetal.a(sifive_gpio0.o)
                0x0000000020015372                __metal_driver_sifive_gpio0_output_set
 .text.__metal_driver_sifive_gpio0_output_clear
                0x00000000200153b2       0x46 /home/sss22213/Desktop/RISC-V-E-SDK-automatically-build-tools/freedom-e-sdk/bsp/sifive-hifive1-revb/install/lib/debug//libmetal.a(sifive_gpio0.o)
                0x00000000200153b2                __metal_driver_sifive_gpio0_output_clear
 .text.__metal_driver_sifive_gpio0_output_toggle
                0x00000000200153f8       0x40 /home/sss22213/Desktop/RISC-V-E-SDK-automatically-build-tools/freedom-e-sdk/bsp/sifive-hifive1-revb/install/lib/debug//libmetal.a(sifive_gpio0.o)
                0x00000000200153f8                __metal_driver_sifive_gpio0_output_toggle
 .text.__metal_driver_sifive_gpio0_enable_io
                0x0000000020015438       0x62 /home/sss22213/Desktop/RISC-V-E-SDK-automatically-build-tools/freedom-e-sdk/bsp/sifive-hifive1-revb/install/lib/debug//libmetal.a(sifive_gpio0.o)
                0x0000000020015438                __metal_driver_sifive_gpio0_enable_io
 .text.__metal_driver_sifive_gpio0_disable_io
                0x000000002001549a       0x4a /home/sss22213/Desktop/RISC-V-E-SDK-automatically-build-tools/freedom-e-sdk/bsp/sifive-hifive1-revb/install/lib/debug//libmetal.a(sifive_gpio0.o)
                0x000000002001549a                __metal_driver_sifive_gpio0_disable_io
 .text.__metal_driver_sifive_gpio0_config_int
                0x00000000200154e4      0x206 /home/sss22213/Desktop/RISC-V-E-SDK-automatically-build-tools/freedom-e-sdk/bsp/sifive-hifive1-revb/install/lib/debug//libmetal.a(sifive_gpio0.o)
                0x00000000200154e4                __metal_driver_sifive_gpio0_config_int
 .text.__metal_driver_sifive_gpio0_clear_int
                0x00000000200156ea      0x188 /home/sss22213/Desktop/RISC-V-E-SDK-automatically-build-tools/freedom-e-sdk/bsp/sifive-hifive1-revb/install/lib/debug//libmetal.a(sifive_gpio0.o)
                0x00000000200156ea                __metal_driver_sifive_gpio0_clear_int
 .text.__metal_driver_gpio_interrupt_controller
                0x0000000020015872       0x20 /home/sss22213/Desktop/RISC-V-E-SDK-automatically-build-tools/freedom-e-sdk/bsp/sifive-hifive1-revb/install/lib/debug//libmetal.a(sifive_gpio0.o)
                0x0000000020015872                __metal_driver_gpio_interrupt_controller
 .text.__metal_driver_gpio_get_interrupt_id
                0x0000000020015892       0x2e /home/sss22213/Desktop/RISC-V-E-SDK-automatically-build-tools/freedom-e-sdk/bsp/sifive-hifive1-revb/install/lib/debug//libmetal.a(sifive_gpio0.o)
                0x0000000020015892                __metal_driver_gpio_get_interrupt_id
 .text.__metal_driver_sifive_uart0_control_base
                0x00000000200158c0       0x40 /home/sss22213/Desktop/RISC-V-E-SDK-automatically-build-tools/freedom-e-sdk/bsp/sifive-hifive1-revb/install/lib/debug//libmetal.a(sifive_uart0.o)
 .text.__metal_driver_sifive_uart0_interrupt_parent
                0x0000000020015900       0x48 /home/sss22213/Desktop/RISC-V-E-SDK-automatically-build-tools/freedom-e-sdk/bsp/sifive-hifive1-revb/install/lib/debug//libmetal.a(sifive_uart0.o)
 .text.__metal_driver_sifive_uart0_interrupt_line
                0x0000000020015948       0x3c /home/sss22213/Desktop/RISC-V-E-SDK-automatically-build-tools/freedom-e-sdk/bsp/sifive-hifive1-revb/install/lib/debug//libmetal.a(sifive_uart0.o)
 .text.__metal_driver_sifive_uart0_clock
                0x0000000020015984       0x48 /home/sss22213/Desktop/RISC-V-E-SDK-automatically-build-tools/freedom-e-sdk/bsp/sifive-hifive1-revb/install/lib/debug//libmetal.a(sifive_uart0.o)
 .text.__metal_driver_sifive_uart0_pinmux
                0x00000000200159cc       0x40 /home/sss22213/Desktop/RISC-V-E-SDK-automatically-build-tools/freedom-e-sdk/bsp/sifive-hifive1-revb/install/lib/debug//libmetal.a(sifive_uart0.o)
 .text.__metal_driver_sifive_uart0_pinmux_output_selector
                0x0000000020015a0c       0x3c /home/sss22213/Desktop/RISC-V-E-SDK-automatically-build-tools/freedom-e-sdk/bsp/sifive-hifive1-revb/install/lib/debug//libmetal.a(sifive_uart0.o)
 .text.__metal_driver_sifive_uart0_pinmux_source_selector
                0x0000000020015a48       0x40 /home/sss22213/Desktop/RISC-V-E-SDK-automatically-build-tools/freedom-e-sdk/bsp/sifive-hifive1-revb/install/lib/debug//libmetal.a(sifive_uart0.o)
 .text.__metal_driver_sifive_uart0_interrupt_controller
                0x0000000020015a88       0x20 /home/sss22213/Desktop/RISC-V-E-SDK-automatically-build-tools/freedom-e-sdk/bsp/sifive-hifive1-revb/install/lib/debug//libmetal.a(sifive_uart0.o)
                0x0000000020015a88                __metal_driver_sifive_uart0_interrupt_controller
 .text.__metal_driver_sifive_uart0_get_interrupt_id
                0x0000000020015aa8       0x20 /home/sss22213/Desktop/RISC-V-E-SDK-automatically-build-tools/freedom-e-sdk/bsp/sifive-hifive1-revb/install/lib/debug//libmetal.a(sifive_uart0.o)
                0x0000000020015aa8                __metal_driver_sifive_uart0_get_interrupt_id
 .text.__metal_driver_sifive_uart0_tx_interrupt_enable
                0x0000000020015ac8       0x3a /home/sss22213/Desktop/RISC-V-E-SDK-automatically-build-tools/freedom-e-sdk/bsp/sifive-hifive1-revb/install/lib/debug//libmetal.a(sifive_uart0.o)
                0x0000000020015ac8                __metal_driver_sifive_uart0_tx_interrupt_enable
 .text.__metal_driver_sifive_uart0_tx_interrupt_disable
                0x0000000020015b02       0x38 /home/sss22213/Desktop/RISC-V-E-SDK-automatically-build-tools/freedom-e-sdk/bsp/sifive-hifive1-revb/install/lib/debug//libmetal.a(sifive_uart0.o)
                0x0000000020015b02                __metal_driver_sifive_uart0_tx_interrupt_disable
 .text.__metal_driver_sifive_uart0_rx_interrupt_enable
                0x0000000020015b3a       0x3a /home/sss22213/Desktop/RISC-V-E-SDK-automatically-build-tools/freedom-e-sdk/bsp/sifive-hifive1-revb/install/lib/debug//libmetal.a(sifive_uart0.o)
                0x0000000020015b3a                __metal_driver_sifive_uart0_rx_interrupt_enable
 .text.__metal_driver_sifive_uart0_rx_interrupt_disable
                0x0000000020015b74       0x38 /home/sss22213/Desktop/RISC-V-E-SDK-automatically-build-tools/freedom-e-sdk/bsp/sifive-hifive1-revb/install/lib/debug//libmetal.a(sifive_uart0.o)
                0x0000000020015b74                __metal_driver_sifive_uart0_rx_interrupt_disable
 .text.__metal_driver_sifive_uart0_txready
                0x0000000020015bac       0x30 /home/sss22213/Desktop/RISC-V-E-SDK-automatically-build-tools/freedom-e-sdk/bsp/sifive-hifive1-revb/install/lib/debug//libmetal.a(sifive_uart0.o)
                0x0000000020015bac                __metal_driver_sifive_uart0_txready
 .text.__metal_driver_sifive_uart0_set_tx_watermark
                0x0000000020015bdc       0x4a /home/sss22213/Desktop/RISC-V-E-SDK-automatically-build-tools/freedom-e-sdk/bsp/sifive-hifive1-revb/install/lib/debug//libmetal.a(sifive_uart0.o)
                0x0000000020015bdc                __metal_driver_sifive_uart0_set_tx_watermark
 .text.__metal_driver_sifive_uart0_get_tx_watermark
                0x0000000020015c26       0x30 /home/sss22213/Desktop/RISC-V-E-SDK-automatically-build-tools/freedom-e-sdk/bsp/sifive-hifive1-revb/install/lib/debug//libmetal.a(sifive_uart0.o)
                0x0000000020015c26                __metal_driver_sifive_uart0_get_tx_watermark
 .text.__metal_driver_sifive_uart0_set_rx_watermark
                0x0000000020015c56       0x4a /home/sss22213/Desktop/RISC-V-E-SDK-automatically-build-tools/freedom-e-sdk/bsp/sifive-hifive1-revb/install/lib/debug//libmetal.a(sifive_uart0.o)
                0x0000000020015c56                __metal_driver_sifive_uart0_set_rx_watermark
 .text.__metal_driver_sifive_uart0_get_rx_watermark
                0x0000000020015ca0       0x30 /home/sss22213/Desktop/RISC-V-E-SDK-automatically-build-tools/freedom-e-sdk/bsp/sifive-hifive1-revb/install/lib/debug//libmetal.a(sifive_uart0.o)
                0x0000000020015ca0                __metal_driver_sifive_uart0_get_rx_watermark
 .text.__metal_driver_sifive_uart0_putc
                0x0000000020015cd0       0x42 /home/sss22213/Desktop/RISC-V-E-SDK-automatically-build-tools/freedom-e-sdk/bsp/sifive-hifive1-revb/install/lib/debug//libmetal.a(sifive_uart0.o)
                0x0000000020015cd0                __metal_driver_sifive_uart0_putc
 .text.__metal_driver_sifive_uart0_getc
                0x0000000020015d12       0x56 /home/sss22213/Desktop/RISC-V-E-SDK-automatically-build-tools/freedom-e-sdk/bsp/sifive-hifive1-revb/install/lib/debug//libmetal.a(sifive_uart0.o)
                0x0000000020015d12                __metal_driver_sifive_uart0_getc
 .text.__metal_driver_sifive_uart0_get_baud_rate
                0x0000000020015d68       0x20 /home/sss22213/Desktop/RISC-V-E-SDK-automatically-build-tools/freedom-e-sdk/bsp/sifive-hifive1-revb/install/lib/debug//libmetal.a(sifive_uart0.o)
                0x0000000020015d68                __metal_driver_sifive_uart0_get_baud_rate
 .text.__metal_driver_sifive_uart0_set_baud_rate
                0x0000000020015d88       0xa0 /home/sss22213/Desktop/RISC-V-E-SDK-automatically-build-tools/freedom-e-sdk/bsp/sifive-hifive1-revb/install/lib/debug//libmetal.a(sifive_uart0.o)
                0x0000000020015d88                __metal_driver_sifive_uart0_set_baud_rate
 .text.pre_rate_change_callback_func
                0x0000000020015e28       0xd8 /home/sss22213/Desktop/RISC-V-E-SDK-automatically-build-tools/freedom-e-sdk/bsp/sifive-hifive1-revb/install/lib/debug//libmetal.a(sifive_uart0.o)
 .text.post_rate_change_callback_func
                0x0000000020015f00       0x2e /home/sss22213/Desktop/RISC-V-E-SDK-automatically-build-tools/freedom-e-sdk/bsp/sifive-hifive1-revb/install/lib/debug//libmetal.a(sifive_uart0.o)
 .text.__metal_driver_sifive_uart0_init
                0x0000000020015f2e       0xd0 /home/sss22213/Desktop/RISC-V-E-SDK-automatically-build-tools/freedom-e-sdk/bsp/sifive-hifive1-revb/install/lib/debug//libmetal.a(sifive_uart0.o)
                0x0000000020015f2e                __metal_driver_sifive_uart0_init
 .text._metal_clock_call_all_callbacks
                0x0000000020015ffe       0x40 /home/sss22213/Desktop/RISC-V-E-SDK-automatically-build-tools/freedom-e-sdk/bsp/sifive-hifive1-revb/install/lib/debug//libmetal.a(clock.o)
                0x0000000020015ffe                _metal_clock_call_all_callbacks
 .text._metal_clock_append_to_callbacks
                0x000000002001603e       0x54 /home/sss22213/Desktop/RISC-V-E-SDK-automatically-build-tools/freedom-e-sdk/bsp/sifive-hifive1-revb/install/lib/debug//libmetal.a(clock.o)
                0x000000002001603e                _metal_clock_append_to_callbacks
 .text.metal_clock_get_rate_hz
                0x0000000020016092       0x26 /home/sss22213/Desktop/RISC-V-E-SDK-automatically-build-tools/freedom-e-sdk/bsp/sifive-hifive1-revb/install/lib/debug//libmetal.a(clock.o)
                0x0000000020016092                metal_clock_get_rate_hz
 .text.metal_clock_set_rate_hz
                0x00000000200160b8       0x4c /home/sss22213/Desktop/RISC-V-E-SDK-automatically-build-tools/freedom-e-sdk/bsp/sifive-hifive1-revb/install/lib/debug//libmetal.a(clock.o)
                0x00000000200160b8                metal_clock_set_rate_hz
 .text.metal_clock_register_pre_rate_change_callback
                0x0000000020016104       0x32 /home/sss22213/Desktop/RISC-V-E-SDK-automatically-build-tools/freedom-e-sdk/bsp/sifive-hifive1-revb/install/lib/debug//libmetal.a(clock.o)
                0x0000000020016104                metal_clock_register_pre_rate_change_callback
 .text.metal_clock_register_post_rate_change_callback
                0x0000000020016136       0x32 /home/sss22213/Desktop/RISC-V-E-SDK-automatically-build-tools/freedom-e-sdk/bsp/sifive-hifive1-revb/install/lib/debug//libmetal.a(clock.o)
                0x0000000020016136                metal_clock_register_post_rate_change_callback
 .text.metal_cpu_interrupt_controller
                0x0000000020016168       0x26 /home/sss22213/Desktop/RISC-V-E-SDK-automatically-build-tools/freedom-e-sdk/bsp/sifive-hifive1-revb/install/lib/debug//libmetal.a(cpu.o)
                0x0000000020016168                metal_cpu_interrupt_controller
 .text.metal_cpu_get
                0x000000002001618e       0x2e /home/sss22213/Desktop/RISC-V-E-SDK-automatically-build-tools/freedom-e-sdk/bsp/sifive-hifive1-revb/install/lib/debug//libmetal.a(cpu.o)
                0x000000002001618e                metal_cpu_get
 .text.metal_cpu_get_current_hartid
                0x00000000200161bc       0x1a /home/sss22213/Desktop/RISC-V-E-SDK-automatically-build-tools/freedom-e-sdk/bsp/sifive-hifive1-revb/install/lib/debug//libmetal.a(cpu.o)
                0x00000000200161bc                metal_cpu_get_current_hartid
 .text.metal_gpio_disable_input
                0x00000000200161d6       0x40 /home/sss22213/Desktop/RISC-V-E-SDK-automatically-build-tools/freedom-e-sdk/bsp/sifive-hifive1-revb/install/lib/debug//libmetal.a(gpio.o)
                0x00000000200161d6                metal_gpio_disable_input
 .text.metal_gpio_enable_output
                0x0000000020016216       0x40 /home/sss22213/Desktop/RISC-V-E-SDK-automatically-build-tools/freedom-e-sdk/bsp/sifive-hifive1-revb/install/lib/debug//libmetal.a(gpio.o)
                0x0000000020016216                metal_gpio_enable_output
 .text.metal_gpio_set_pin
                0x0000000020016256       0x68 /home/sss22213/Desktop/RISC-V-E-SDK-automatically-build-tools/freedom-e-sdk/bsp/sifive-hifive1-revb/install/lib/debug//libmetal.a(gpio.o)
                0x0000000020016256                metal_gpio_set_pin
 .text.metal_gpio_toggle_pin
                0x00000000200162be       0x40 /home/sss22213/Desktop/RISC-V-E-SDK-automatically-build-tools/freedom-e-sdk/bsp/sifive-hifive1-revb/install/lib/debug//libmetal.a(gpio.o)
                0x00000000200162be                metal_gpio_toggle_pin
 .text.metal_interrupt_init
                0x00000000200162fe       0x24 /home/sss22213/Desktop/RISC-V-E-SDK-automatically-build-tools/freedom-e-sdk/bsp/sifive-hifive1-revb/install/lib/debug//libmetal.a(interrupt.o)
                0x00000000200162fe                metal_interrupt_init
 .text.metal_interrupt_get_controller
                0x0000000020016322       0x58 /home/sss22213/Desktop/RISC-V-E-SDK-automatically-build-tools/freedom-e-sdk/bsp/sifive-hifive1-revb/install/lib/debug//libmetal.a(interrupt.o)
                0x0000000020016322                metal_interrupt_get_controller
 .text.metal_led_enable
                0x000000002001637a       0x24 /home/sss22213/Desktop/RISC-V-E-SDK-automatically-build-tools/freedom-e-sdk/bsp/sifive-hifive1-revb/install/lib/debug//libmetal.a(led.o)
                0x000000002001637a                metal_led_enable
 .text.metal_led_on
                0x000000002001639e       0x24 /home/sss22213/Desktop/RISC-V-E-SDK-automatically-build-tools/freedom-e-sdk/bsp/sifive-hifive1-revb/install/lib/debug//libmetal.a(led.o)
                0x000000002001639e                metal_led_on
 .text.metal_led_off
                0x00000000200163c2       0x24 /home/sss22213/Desktop/RISC-V-E-SDK-automatically-build-tools/freedom-e-sdk/bsp/sifive-hifive1-revb/install/lib/debug//libmetal.a(led.o)
                0x00000000200163c2                metal_led_off
 .text.metal_led_get_rgb
                0x00000000200163e6       0x96 /home/sss22213/Desktop/RISC-V-E-SDK-automatically-build-tools/freedom-e-sdk/bsp/sifive-hifive1-revb/install/lib/debug//libmetal.a(led.o)
                0x00000000200163e6                metal_led_get_rgb
 .text.metal_shutdown
                0x000000002001647c        0xe /home/sss22213/Desktop/RISC-V-E-SDK-automatically-build-tools/freedom-e-sdk/bsp/sifive-hifive1-revb/install/lib/debug//libmetal.a(shutdown.o)
                0x000000002001647c                metal_shutdown
 .text.metal_uart_init
                0x000000002001648a       0x2c /home/sss22213/Desktop/RISC-V-E-SDK-automatically-build-tools/freedom-e-sdk/bsp/sifive-hifive1-revb/install/lib/debug//libmetal.a(uart.o)
                0x000000002001648a                metal_uart_init
 .text.metal_uart_putc
                0x00000000200164b6       0x2e /home/sss22213/Desktop/RISC-V-E-SDK-automatically-build-tools/freedom-e-sdk/bsp/sifive-hifive1-revb/install/lib/debug//libmetal.a(uart.o)
                0x00000000200164b6                metal_uart_putc
 .text.metal_uart_set_baud_rate
                0x00000000200164e4       0x2e /home/sss22213/Desktop/RISC-V-E-SDK-automatically-build-tools/freedom-e-sdk/bsp/sifive-hifive1-revb/install/lib/debug//libmetal.a(uart.o)
                0x00000000200164e4                metal_uart_set_baud_rate
 *fill*         0x0000000020016512       0x6e 
 .text          0x0000000020016580       0x80 /home/sss22213/Desktop/RISC-V-E-SDK-automatically-build-tools/freedom-e-sdk/bsp/sifive-hifive1-revb/install/lib/debug//libmetal.a(vector.o)
                0x0000000020016580                __metal_vector_table
 .text.__metal_driver_fixed_clock_rate
                0x0000000020016600       0x70 /home/sss22213/Desktop/RISC-V-E-SDK-automatically-build-tools/freedom-e-sdk/bsp/sifive-hifive1-revb/install/lib/debug//libmetal.a(fixed-clock.o)
 .text.__metal_driver_fixed_clock_get_rate_hz
                0x0000000020016670       0x1e /home/sss22213/Desktop/RISC-V-E-SDK-automatically-build-tools/freedom-e-sdk/bsp/sifive-hifive1-revb/install/lib/debug//libmetal.a(fixed-clock.o)
                0x0000000020016670                __metal_driver_fixed_clock_get_rate_hz
 .text.__metal_driver_fixed_clock_set_rate_hz
                0x000000002001668e       0x22 /home/sss22213/Desktop/RISC-V-E-SDK-automatically-build-tools/freedom-e-sdk/bsp/sifive-hifive1-revb/install/lib/debug//libmetal.a(fixed-clock.o)
                0x000000002001668e                __metal_driver_fixed_clock_set_rate_hz
 .text._exit    0x00000000200166b0       0x14 /home/sss22213/Desktop/RISC-V-E-SDK-automatically-build-tools/freedom-e-sdk/bsp/sifive-hifive1-revb/install/lib/debug//libmetal-gloss.a(sys_exit.o)
                0x00000000200166b0                _exit
 .text._write   0x00000000200166c4       0x72 /home/sss22213/Desktop/RISC-V-E-SDK-automatically-build-tools/freedom-e-sdk/bsp/sifive-hifive1-revb/install/lib/debug//libmetal-gloss.a(sys_write.o)
                0x00000000200166c4                _write
 .text.xQueueGenericReset
                0x0000000020016736       0xd6 /home/sss22213/Desktop/RISC-V-E-SDK-automatically-build-tools/freedom-e-sdk/software/example-freertos-sht20/build/FreeRTOS/lib/libFreeRTOS.a(queue.o)
                0x0000000020016736                xQueueGenericReset
 .text.xQueueGenericCreate
                0x000000002001680c       0x84 /home/sss22213/Desktop/RISC-V-E-SDK-automatically-build-tools/freedom-e-sdk/software/example-freertos-sht20/build/FreeRTOS/lib/libFreeRTOS.a(queue.o)
                0x000000002001680c                xQueueGenericCreate
 .text.prvInitialiseNewQueue
                0x0000000020016890       0x6e /home/sss22213/Desktop/RISC-V-E-SDK-automatically-build-tools/freedom-e-sdk/software/example-freertos-sht20/build/FreeRTOS/lib/libFreeRTOS.a(queue.o)
 .text.xQueueGenericSend
                0x00000000200168fe      0x166 /home/sss22213/Desktop/RISC-V-E-SDK-automatically-build-tools/freedom-e-sdk/software/example-freertos-sht20/build/FreeRTOS/lib/libFreeRTOS.a(queue.o)
                0x00000000200168fe                xQueueGenericSend
 .text.xQueueGenericSendFromISR
                0x0000000020016a64       0xbe /home/sss22213/Desktop/RISC-V-E-SDK-automatically-build-tools/freedom-e-sdk/software/example-freertos-sht20/build/FreeRTOS/lib/libFreeRTOS.a(queue.o)
                0x0000000020016a64                xQueueGenericSendFromISR
 .text.xQueueReceive
                0x0000000020016b22      0x15a /home/sss22213/Desktop/RISC-V-E-SDK-automatically-build-tools/freedom-e-sdk/software/example-freertos-sht20/build/FreeRTOS/lib/libFreeRTOS.a(queue.o)
                0x0000000020016b22                xQueueReceive
 .text.prvCopyDataToQueue
                0x0000000020016c7c      0x12a /home/sss22213/Desktop/RISC-V-E-SDK-automatically-build-tools/freedom-e-sdk/software/example-freertos-sht20/build/FreeRTOS/lib/libFreeRTOS.a(queue.o)
 .text.prvCopyDataFromQueue
                0x0000000020016da6       0x6a /home/sss22213/Desktop/RISC-V-E-SDK-automatically-build-tools/freedom-e-sdk/software/example-freertos-sht20/build/FreeRTOS/lib/libFreeRTOS.a(queue.o)
 .text.prvUnlockQueue
                0x0000000020016e10       0xc4 /home/sss22213/Desktop/RISC-V-E-SDK-automatically-build-tools/freedom-e-sdk/software/example-freertos-sht20/build/FreeRTOS/lib/libFreeRTOS.a(queue.o)
 .text.prvIsQueueEmpty
                0x0000000020016ed4       0x36 /home/sss22213/Desktop/RISC-V-E-SDK-automatically-build-tools/freedom-e-sdk/software/example-freertos-sht20/build/FreeRTOS/lib/libFreeRTOS.a(queue.o)
 .text.prvIsQueueFull
                0x0000000020016f0a       0x3e /home/sss22213/Desktop/RISC-V-E-SDK-automatically-build-tools/freedom-e-sdk/software/example-freertos-sht20/build/FreeRTOS/lib/libFreeRTOS.a(queue.o)
 .text.vQueueAddToRegistry
                0x0000000020016f48       0x66 /home/sss22213/Desktop/RISC-V-E-SDK-automatically-build-tools/freedom-e-sdk/software/example-freertos-sht20/build/FreeRTOS/lib/libFreeRTOS.a(queue.o)
                0x0000000020016f48                vQueueAddToRegistry
 .text.vQueueWaitForMessageRestricted
                0x0000000020016fae       0x8c /home/sss22213/Desktop/RISC-V-E-SDK-automatically-build-tools/freedom-e-sdk/software/example-freertos-sht20/build/FreeRTOS/lib/libFreeRTOS.a(queue.o)
                0x0000000020016fae                vQueueWaitForMessageRestricted
 .text.vListInitialise
                0x000000002001703a       0x4c /home/sss22213/Desktop/RISC-V-E-SDK-automatically-build-tools/freedom-e-sdk/software/example-freertos-sht20/build/FreeRTOS/lib/libFreeRTOS.a(list.o)
                0x000000002001703a                vListInitialise
 .text.vListInitialiseItem
                0x0000000020017086       0x1a /home/sss22213/Desktop/RISC-V-E-SDK-automatically-build-tools/freedom-e-sdk/software/example-freertos-sht20/build/FreeRTOS/lib/libFreeRTOS.a(list.o)
                0x0000000020017086                vListInitialiseItem
 .text.vListInsertEnd
                0x00000000200170a0       0x66 /home/sss22213/Desktop/RISC-V-E-SDK-automatically-build-tools/freedom-e-sdk/software/example-freertos-sht20/build/FreeRTOS/lib/libFreeRTOS.a(list.o)
                0x00000000200170a0                vListInsertEnd
 .text.vListInsert
                0x0000000020017106       0xa2 /home/sss22213/Desktop/RISC-V-E-SDK-automatically-build-tools/freedom-e-sdk/software/example-freertos-sht20/build/FreeRTOS/lib/libFreeRTOS.a(list.o)
                0x0000000020017106                vListInsert
 .text.uxListRemove
                0x00000000200171a8       0x70 /home/sss22213/Desktop/RISC-V-E-SDK-automatically-build-tools/freedom-e-sdk/software/example-freertos-sht20/build/FreeRTOS/lib/libFreeRTOS.a(list.o)
                0x00000000200171a8                uxListRemove
 .text.xTaskCreate
                0x0000000020017218       0xac /home/sss22213/Desktop/RISC-V-E-SDK-automatically-build-tools/freedom-e-sdk/software/example-freertos-sht20/build/FreeRTOS/lib/libFreeRTOS.a(tasks.o)
                0x0000000020017218                xTaskCreate
 .text.prvInitialiseNewTask
                0x00000000200172c4      0x1b4 /home/sss22213/Desktop/RISC-V-E-SDK-automatically-build-tools/freedom-e-sdk/software/example-freertos-sht20/build/FreeRTOS/lib/libFreeRTOS.a(tasks.o)
 .text.prvAddNewTaskToReadyList
                0x0000000020017478      0x112 /home/sss22213/Desktop/RISC-V-E-SDK-automatically-build-tools/freedom-e-sdk/software/example-freertos-sht20/build/FreeRTOS/lib/libFreeRTOS.a(tasks.o)
 .text.vTaskDelete
                0x000000002001758a      0x124 /home/sss22213/Desktop/RISC-V-E-SDK-automatically-build-tools/freedom-e-sdk/software/example-freertos-sht20/build/FreeRTOS/lib/libFreeRTOS.a(tasks.o)
                0x000000002001758a                vTaskDelete
 .text.vTaskDelayUntil
                0x00000000200176ae       0xc4 /home/sss22213/Desktop/RISC-V-E-SDK-automatically-build-tools/freedom-e-sdk/software/example-freertos-sht20/build/FreeRTOS/lib/libFreeRTOS.a(tasks.o)
                0x00000000200176ae                vTaskDelayUntil
 .text.vTaskStartScheduler
                0x0000000020017772       0x8e /home/sss22213/Desktop/RISC-V-E-SDK-automatically-build-tools/freedom-e-sdk/software/example-freertos-sht20/build/FreeRTOS/lib/libFreeRTOS.a(tasks.o)
                0x0000000020017772                vTaskStartScheduler
 .text.vTaskEndScheduler
                0x0000000020017800       0x22 /home/sss22213/Desktop/RISC-V-E-SDK-automatically-build-tools/freedom-e-sdk/software/example-freertos-sht20/build/FreeRTOS/lib/libFreeRTOS.a(tasks.o)
                0x0000000020017800                vTaskEndScheduler
 .text.vTaskSuspendAll
                0x0000000020017822       0x22 /home/sss22213/Desktop/RISC-V-E-SDK-automatically-build-tools/freedom-e-sdk/software/example-freertos-sht20/build/FreeRTOS/lib/libFreeRTOS.a(tasks.o)
                0x0000000020017822                vTaskSuspendAll
 .text.xTaskResumeAll
                0x0000000020017844      0x1a2 /home/sss22213/Desktop/RISC-V-E-SDK-automatically-build-tools/freedom-e-sdk/software/example-freertos-sht20/build/FreeRTOS/lib/libFreeRTOS.a(tasks.o)
                0x0000000020017844                xTaskResumeAll
 .text.xTaskGetTickCount
                0x00000000200179e6       0x2a /home/sss22213/Desktop/RISC-V-E-SDK-automatically-build-tools/freedom-e-sdk/software/example-freertos-sht20/build/FreeRTOS/lib/libFreeRTOS.a(tasks.o)
                0x00000000200179e6                xTaskGetTickCount
 .text.xTaskIncrementTick
                0x0000000020017a10      0x1b0 /home/sss22213/Desktop/RISC-V-E-SDK-automatically-build-tools/freedom-e-sdk/software/example-freertos-sht20/build/FreeRTOS/lib/libFreeRTOS.a(tasks.o)
                0x0000000020017a10                xTaskIncrementTick
 .text.vTaskSwitchContext
                0x0000000020017bc0      0x128 /home/sss22213/Desktop/RISC-V-E-SDK-automatically-build-tools/freedom-e-sdk/software/example-freertos-sht20/build/FreeRTOS/lib/libFreeRTOS.a(tasks.o)
                0x0000000020017bc0                vTaskSwitchContext
 .text.vTaskPlaceOnEventList