Archive member included to satisfy reference by file (symbol)

/opt/sifive/riscv64-unknown-elf-gcc-8.3.0-2020.04.0-x86_64-linux-ubuntu14/bin/../lib/gcc/riscv64-unknown-elf/8.3.0/../../../../riscv64-unknown-elf/lib/rv32imac/ilp32/libc_nano.a(lib_a-calloc.o)
                              .//build/sht20.o (calloc)
/opt/sifive/riscv64-unknown-elf-gcc-8.3.0-2020.04.0-x86_64-linux-ubuntu14/bin/../lib/gcc/riscv64-unknown-elf/8.3.0/../../../../riscv64-unknown-elf/lib/rv32imac/ilp32/libc_nano.a(lib_a-impure.o)
                              /opt/sifive/riscv64-unknown-elf-gcc-8.3.0-2020.04.0-x86_64-linux-ubuntu14/bin/../lib/gcc/riscv64-unknown-elf/8.3.0/../../../../riscv64-unknown-elf/lib/rv32imac/ilp32/libc_nano.a(lib_a-calloc.o) (_impure_ptr)
/opt/sifive/riscv64-unknown-elf-gcc-8.3.0-2020.04.0-x86_64-linux-ubuntu14/bin/../lib/gcc/riscv64-unknown-elf/8.3.0/../../../../riscv64-unknown-elf/lib/rv32imac/ilp32/libc_nano.a(lib_a-nano-callocr.o)
                              /opt/sifive/riscv64-unknown-elf-gcc-8.3.0-2020.04.0-x86_64-linux-ubuntu14/bin/../lib/gcc/riscv64-unknown-elf/8.3.0/../../../../riscv64-unknown-elf/lib/rv32imac/ilp32/libc_nano.a(lib_a-calloc.o) (_calloc_r)
/opt/sifive/riscv64-unknown-elf-gcc-8.3.0-2020.04.0-x86_64-linux-ubuntu14/bin/../lib/gcc/riscv64-unknown-elf/8.3.0/../../../../riscv64-unknown-elf/lib/rv32imac/ilp32/libc_nano.a(lib_a-nano-mallocr.o)
                              /opt/sifive/riscv64-unknown-elf-gcc-8.3.0-2020.04.0-x86_64-linux-ubuntu14/bin/../lib/gcc/riscv64-unknown-elf/8.3.0/../../../../riscv64-unknown-elf/lib/rv32imac/ilp32/libc_nano.a(lib_a-nano-callocr.o) (_malloc_r)
/opt/sifive/riscv64-unknown-elf-gcc-8.3.0-2020.04.0-x86_64-linux-ubuntu14/bin/../lib/gcc/riscv64-unknown-elf/8.3.0/../../../../riscv64-unknown-elf/lib/rv32imac/ilp32/libc_nano.a(lib_a-sbrkr.o)
                              /opt/sifive/riscv64-unknown-elf-gcc-8.3.0-2020.04.0-x86_64-linux-ubuntu14/bin/../lib/gcc/riscv64-unknown-elf/8.3.0/../../../../riscv64-unknown-elf/lib/rv32imac/ilp32/libc_nano.a(lib_a-nano-mallocr.o) (_sbrk_r)
/opt/sifive/riscv64-unknown-elf-gcc-8.3.0-2020.04.0-x86_64-linux-ubuntu14/bin/../lib/gcc/riscv64-unknown-elf/8.3.0/../../../../riscv64-unknown-elf/lib/rv32imac/ilp32/libc_nano.a(lib_a-strlen.o)
                              .//build/example-freertos-blinky.o (strlen)
/opt/sifive/riscv64-unknown-elf-gcc-8.3.0-2020.04.0-x86_64-linux-ubuntu14/bin/../lib/gcc/riscv64-unknown-elf/8.3.0/../../../../riscv64-unknown-elf/lib/rv32imac/ilp32/libc_nano.a(lib_a-syswrite.o)
                              .//build/example-freertos-blinky.o (write)
/opt/sifive/riscv64-unknown-elf-gcc-8.3.0-2020.04.0-x86_64-linux-ubuntu14/bin/../lib/gcc/riscv64-unknown-elf/8.3.0/../../../../riscv64-unknown-elf/lib/rv32imac/ilp32/libc_nano.a(lib_a-writer.o)
                              /opt/sifive/riscv64-unknown-elf-gcc-8.3.0-2020.04.0-x86_64-linux-ubuntu14/bin/../lib/gcc/riscv64-unknown-elf/8.3.0/../../../../riscv64-unknown-elf/lib/rv32imac/ilp32/libc_nano.a(lib_a-syswrite.o) (_write_r)
/opt/sifive/riscv64-unknown-elf-gcc-8.3.0-2020.04.0-x86_64-linux-ubuntu14/bin/../lib/gcc/riscv64-unknown-elf/8.3.0/../../../../riscv64-unknown-elf/lib/rv32imac/ilp32/libc_nano.a(lib_a-memset.o)
                              /opt/sifive/riscv64-unknown-elf-gcc-8.3.0-2020.04.0-x86_64-linux-ubuntu14/bin/../lib/gcc/riscv64-unknown-elf/8.3.0/../../../../riscv64-unknown-elf/lib/rv32imac/ilp32/libc_nano.a(lib_a-nano-callocr.o) (memset)
/opt/sifive/riscv64-unknown-elf-gcc-8.3.0-2020.04.0-x86_64-linux-ubuntu14/bin/../lib/gcc/riscv64-unknown-elf/8.3.0/../../../../riscv64-unknown-elf/lib/rv32imac/ilp32/libc_nano.a(lib_a-mlock.o)
                              /opt/sifive/riscv64-unknown-elf-gcc-8.3.0-2020.04.0-x86_64-linux-ubuntu14/bin/../lib/gcc/riscv64-unknown-elf/8.3.0/../../../../riscv64-unknown-elf/lib/rv32imac/ilp32/libc_nano.a(lib_a-nano-mallocr.o) (__malloc_lock)
/opt/sifive/riscv64-unknown-elf-gcc-8.3.0-2020.04.0-x86_64-linux-ubuntu14/bin/../lib/gcc/riscv64-unknown-elf/8.3.0/../../../../riscv64-unknown-elf/lib/rv32imac/ilp32/libc_nano.a(lib_a-reent.o)
                              /opt/sifive/riscv64-unknown-elf-gcc-8.3.0-2020.04.0-x86_64-linux-ubuntu14/bin/../lib/gcc/riscv64-unknown-elf/8.3.0/../../../../riscv64-unknown-elf/lib/rv32imac/ilp32/libc_nano.a(lib_a-sbrkr.o) (errno)
/opt/sifive/riscv64-unknown-elf-gcc-8.3.0-2020.04.0-x86_64-linux-ubuntu14/bin/../lib/gcc/riscv64-unknown-elf/8.3.0/../../../../riscv64-unknown-elf/lib/rv32imac/ilp32/libc_nano.a(lib_a-nano-freer.o)
                              /opt/sifive/riscv64-unknown-elf-gcc-8.3.0-2020.04.0-x86_64-linux-ubuntu14/bin/../lib/gcc/riscv64-unknown-elf/8.3.0/../../../../riscv64-unknown-elf/lib/rv32imac/ilp32/libc_nano.a(lib_a-reent.o) (_free_r)
/home/sss22213/Desktop/RISC-V-E-SDK-automatically-build-tools/freedom-e-sdk/bsp/sifive-hifive1-revb/install/lib/debug//libmetal.a(inline.o)
                              .//build/example-freertos-blinky.o (__metal_dt_mem_dtim_80000000)
[...]
Memory Configuration

Name             Origin             Length             Attributes
itim             0x0000000008000000 0x0000000000002000 axrwl
ram              0x0000000080000000 0x0000000000004000 arw !xl
rom              0x0000000020010000 0x000000000006a120 xrl !aw
*default*        0x0000000000000000 0xffffffffffffffff

Linker script and memory map

                0x0000000000000200                __stack_size = 0x200
                0x0000000000000200                __heap_size = 0x200
LOAD .//build/sht20.o
LOAD .//build/example-freertos-blinky.o
LOAD .//build/Bridge_Freedom-metal_FreeRTOS.o
LOAD .//build/i2c.o
START GROUP
LOAD /opt/sifive/riscv64-unknown-elf-gcc-8.3.0-2020.04.0-x86_64-linux-ubuntu14/bin/../lib/gcc/riscv64-unknown-elf/8.3.0/../../../../riscv64-unknown-elf/lib/rv32imac/ilp32/libc_nano.a
LOAD /opt/sifive/riscv64-unknown-elf-gcc-8.3.0-2020.04.0-x86_64-linux-ubuntu14/bin/../lib/gcc/riscv64-unknown-elf/8.3.0/rv32imac/ilp32/libgcc.a
LOAD /opt/sifive/riscv64-unknown-elf-gcc-8.3.0-2020.04.0-x86_64-linux-ubuntu14/bin/../lib/gcc/riscv64-unknown-elf/8.3.0/../../../../riscv64-unknown-elf/lib/rv32imac/ilp32/libm.a
LOAD /home/sss22213/Desktop/RISC-V-E-SDK-automatically-build-tools/freedom-e-sdk/bsp/sifive-hifive1-revb/install/lib/debug//libmetal.a
LOAD /home/sss22213/Desktop/RISC-V-E-SDK-automatically-build-tools/freedom-e-sdk/bsp/sifive-hifive1-revb/install/lib/debug//libmetal-gloss.a
LOAD /home/sss22213/Desktop/RISC-V-E-SDK-automatically-build-tools/freedom-e-sdk/software/SHT20-for-hifive1-revb/build/FreeRTOS/lib/libFreeRTOS.a
END GROUP
                0x0000000000000200                __stack_size = DEFINED (__stack_size)?__stack_size:0x400
                [!provide]                        PROVIDE (__stack_size = __stack_size)
                0x0000000000000200                __heap_size = DEFINED (__heap_size)?__heap_size:0x800
                0x0000000000000000                PROVIDE (__metal_boot_hart = 0x0)
                0x0000000000000001                PROVIDE (__metal_chicken_bit = 0x1)
                0x0000000000000000                PROVIDE (__metal_eccscrub_bit = 0x0)
                [!provide]                        PROVIDE (metal_dtim_0_memory_start = 0x80000000)
                [!provide]                        PROVIDE (metal_dtim_0_memory_end = 0x80004000)
                [!provide]                        PROVIDE (metal_itim_0_memory_start = 0x8000000)
                [!provide]                        PROVIDE (metal_itim_0_memory_end = 0x8002000)

.init           0x0000000020010000      0x2e6
 *(.text.metal.init.enter)
 .text.metal.init.enter
                0x0000000020010000       0x90 /home/sss22213/Desktop/RISC-V-E-SDK-automatically-build-tools/freedom-e-sdk/bsp/sifive-hifive1-revb/install/lib/debug//libmetal.a(entry.o)
                0x0000000020010000                _enter
 *(.text.metal.init.*)
 .text.metal.init.__register_frame_info
                0x0000000020010090        0x2 /home/sss22213/Desktop/RISC-V-E-SDK-automatically-build-tools/freedom-e-sdk/bsp/sifive-hifive1-revb/install/lib/debug//libmetal.a(entry.o)
                0x0000000020010090                __register_frame_info
 .text.metal.init.scrub
                0x0000000020010092       0xaa /home/sss22213/Desktop/RISC-V-E-SDK-automatically-build-tools/freedom-e-sdk/bsp/sifive-hifive1-revb/install/lib/debug//libmetal.a(scrub.o)
                0x0000000020010092                metal_mem_scrub
                0x00000000200100d6                __metal_before_start
 *fill*         0x000000002001013c        0x0 
 .text.metal.init.trapvec
                0x000000002001013c        0xe /home/sss22213/Desktop/RISC-V-E-SDK-automatically-build-tools/freedom-e-sdk/bsp/sifive-hifive1-revb/install/lib/debug//libmetal.a(trap.o)
                0x000000002001013c                early_trap_vector
 *(SORT_NONE(.init))
 .init          0x000000002001014a        0xe /home/sss22213/Desktop/RISC-V-E-SDK-automatically-build-tools/freedom-e-sdk/bsp/sifive-hifive1-revb/install/lib/debug//libmetal.a(synchronize_harts.o)
                0x000000002001014a                __metal_synchronize_harts
 *(.text.libgloss.start)
 .text.libgloss.start
                0x0000000020010158      0x18e /home/sss22213/Desktop/RISC-V-E-SDK-automatically-build-tools/freedom-e-sdk/bsp/sifive-hifive1-revb/install/lib/debug//libmetal-gloss.a(crt0.o)
                0x0000000020010158                _start
                0x00000000200102c4                _init
                0x00000000200102c4                _fini
                0x00000000200102c6                secondary_main

.fini
 *(SORT_NONE(.fini))

.preinit_array  0x00000000200102e8        0x0
                0x00000000200102e8                PROVIDE (__preinit_array_start = .)
 *(.preinit_array)
                0x00000000200102e8                PROVIDE (__preinit_array_end = .)

.init_array     0x00000000200102e8       0x10
                0x00000000200102e8                PROVIDE (__init_array_start = .)
 *(SORT_BY_INIT_PRIORITY(.init_array.*) SORT_BY_INIT_PRIORITY(.ctors.*))
 *(.init_array EXCLUDE_FILE(*crtend?.o *crtend.o *crtbegin?.o *crtbegin.o) .ctors)
 .init_array    0x00000000200102e8        0x4 .//build/Bridge_Freedom-metal_FreeRTOS.o
                0x00000000200102ec                PROVIDE (__init_array_end = .)
                0x00000000200102ec                PROVIDE (metal_constructors_start = .)
 *(SORT_BY_INIT_PRIORITY(.metal.init_array.*))
 .metal.init_array.5000
                0x00000000200102ec        0x8 /home/sss22213/Desktop/RISC-V-E-SDK-automatically-build-tools/freedom-e-sdk/bsp/sifive-hifive1-revb/install/lib/debug//libmetal.a(sifive_fe310-g000_pll.o)
                0x00000000200102ec                _metal_sifive_fe310_g000_pll_init_ptr
                0x00000000200102f0                _use_hfxosc_ptr
 .metal.init_array.5000
                0x00000000200102f4        0x4 /home/sss22213/Desktop/RISC-V-E-SDK-automatically-build-tools/freedom-e-sdk/bsp/sifive-hifive1-revb/install/lib/debug//libmetal.a(tty.o)
                0x00000000200102f4                _metal_tty_init_ptr
 *(.metal.init_array)
                0x00000000200102f8                PROVIDE (metal_constructors_end = .)

.fini_array     0x00000000200102f8        0x0
                0x00000000200102f8                PROVIDE (__fini_array_start = .)
 *(SORT_BY_INIT_PRIORITY(.fini_array.*) SORT_BY_INIT_PRIORITY(.dtors.*))
 *(.fini_array EXCLUDE_FILE(*crtend?.o *crtend.o *crtbegin?.o *crtbegin.o) .dtors)
                0x00000000200102f8                PROVIDE (__fini_array_end = .)
                0x00000000200102f8                PROVIDE (metal_destructors_start = .)
 *(SORT_BY_INIT_PRIORITY(.metal.fini_array.*))
 *(.metal.fini_array)
                0x00000000200102f8                PROVIDE (metal_destructors_end = .)

.privileged_functions
                0x0000000020010300        0x0
                0x0000000020010300                __privileged_functions_start__ = .
 *(privileged_functions)
                0x0000000020010300                . = ALIGN (0x20)
                0x0000000020010300                __privileged_functions_end__ = .

.ctors          0x00000000200102f8       0x82
                0x0000000020010300                . = ALIGN (0x20)
 *fill*         0x00000000200102f8        0x8 
                0x0000000020010300                __unprivileged_section_start__ = .
 *crtbegin.o(.ctors)
 *crtbegin?.o(.ctors)
 *(EXCLUDE_FILE(*crtend?.o *crtend.o) .ctors)
 *(SORT_BY_NAME(.ctors.*))
 *(.ctors)
 *(.metal.ctors .metal.ctors.*)
 .metal.ctors   0x0000000020010300       0x56 /home/sss22213/Desktop/RISC-V-E-SDK-automatically-build-tools/freedom-e-sdk/bsp/sifive-hifive1-revb/install/lib/debug//libmetal.a(sifive_fe310-g000_pll.o)
                0x0000000020010300                metal_sifive_fe310_g000_pll_init
                0x000000002001032c                use_hfxosc
 .metal.ctors   0x0000000020010356       0x24 /home/sss22213/Desktop/RISC-V-E-SDK-automatically-build-tools/freedom-e-sdk/bsp/sifive-hifive1-revb/install/lib/debug//libmetal.a(tty.o)
                0x0000000020010356                metal_tty_init

.dtors
 *crtbegin.o(.dtors)
 *crtbegin?.o(.dtors)
 *(EXCLUDE_FILE(*crtend?.o *crtend.o) .dtors)
 *(SORT_BY_NAME(.dtors.*))
 *(.dtors)
 *(.metal.dtors .metal.dtors.*)

.rodata         0x000000002001037c      0xdb4
 *(.rdata)
 *(.rodata .rodata.*)
 .rodata        0x000000002001037c       0x63 .//build/example-freertos-blinky.o
 *fill*         0x00000000200103df        0x1 
 .rodata        0x00000000200103e0       0x18 .//build/Bridge_Freedom-metal_FreeRTOS.o
 .rodata.__metal_driver_vtable_riscv_clint0
                0x00000000200103f8       0x64 /home/sss22213/Desktop/RISC-V-E-SDK-automatically-build-tools/freedom-e-sdk/bsp/sifive-hifive1-revb/install/lib/debug//libmetal.a(riscv_clint0.o)
                0x00000000200103f8                __metal_driver_vtable_riscv_clint0
 .rodata.__metal_controller_interrupt_vector
                0x000000002001045c       0x14 /home/sss22213/Desktop/RISC-V-E-SDK-automatically-build-tools/freedom-e-sdk/bsp/sifive-hifive1-revb/install/lib/debug//libmetal.a(riscv_cpu.o)
 .rodata.__metal_local_interrupt_enable
                0x0000000020010470       0x80 /home/sss22213/Desktop/RISC-V-E-SDK-automatically-build-tools/freedom-e-sdk/bsp/sifive-hifive1-revb/install/lib/debug//libmetal.a(riscv_cpu.o)
 .rodata.__metal_driver_vtable_riscv_cpu_intc
                0x00000000200104f0       0x64 /home/sss22213/Desktop/RISC-V-E-SDK-automatically-build-tools/freedom-e-sdk/bsp/sifive-hifive1-revb/install/lib/debug//libmetal.a(riscv_cpu.o)
                0x00000000200104f0                __metal_driver_vtable_riscv_cpu_intc
 .rodata.__metal_driver_vtable_cpu
                0x0000000020010554       0x44 /home/sss22213/Desktop/RISC-V-E-SDK-automatically-build-tools/freedom-e-sdk/bsp/sifive-hifive1-revb/install/lib/debug//libmetal.a(riscv_cpu.o)
                0x0000000020010554                __metal_driver_vtable_cpu
 .rodata.__metal_driver_vtable_riscv_plic0
                0x0000000020010598       0x64 /home/sss22213/Desktop/RISC-V-E-SDK-automatically-build-tools/freedom-e-sdk/bsp/sifive-hifive1-revb/install/lib/debug//libmetal.a(riscv_plic0.o)
                0x0000000020010598                __metal_driver_vtable_riscv_plic0
 .rodata.pll_configs
                0x00000000200105fc      0x880 /home/sss22213/Desktop/RISC-V-E-SDK-automatically-build-tools/freedom-e-sdk/bsp/sifive-hifive1-revb/install/lib/debug//libmetal.a(sifive_fe310-g000_pll.o)
 .rodata.__metal_driver_vtable_sifive_fe310_g000_pll
                0x0000000020010e7c        0xc /home/sss22213/Desktop/RISC-V-E-SDK-automatically-build-tools/freedom-e-sdk/bsp/sifive-hifive1-revb/install/lib/debug//libmetal.a(sifive_fe310-g000_pll.o)
                0x0000000020010e7c                __metal_driver_vtable_sifive_fe310_g000_pll
 .rodata        0x0000000020010e88       0x1d /home/sss22213/Desktop/RISC-V-E-SDK-automatically-build-tools/freedom-e-sdk/bsp/sifive-hifive1-revb/install/lib/debug//libmetal.a(sifive_gpio-leds.o)
 *fill*         0x0000000020010ea5        0x3 
 .rodata.__metal_driver_vtable_sifive_led
                0x0000000020010ea8       0x14 /home/sss22213/Desktop/RISC-V-E-SDK-automatically-build-tools/freedom-e-sdk/bsp/sifive-hifive1-revb/install/lib/debug//libmetal.a(sifive_gpio-leds.o)
                0x0000000020010ea8                __metal_driver_vtable_sifive_led
 .rodata.__metal_driver_sifive_gpio0_config_int
                0x0000000020010ebc       0x20 /home/sss22213/Desktop/RISC-V-E-SDK-automatically-build-tools/freedom-e-sdk/bsp/sifive-hifive1-revb/install/lib/debug//libmetal.a(sifive_gpio0.o)
 .rodata.__metal_driver_sifive_gpio0_clear_int
                0x0000000020010edc       0x20 /home/sss22213/Desktop/RISC-V-E-SDK-automatically-build-tools/freedom-e-sdk/bsp/sifive-hifive1-revb/install/lib/debug//libmetal.a(sifive_gpio0.o)
 .rodata.__metal_driver_vtable_sifive_gpio0
                0x0000000020010efc       0x3c /home/sss22213/Desktop/RISC-V-E-SDK-automatically-build-tools/freedom-e-sdk/bsp/sifive-hifive1-revb/install/lib/debug//libmetal.a(sifive_gpio0.o)
                0x0000000020010efc                __metal_driver_vtable_sifive_gpio0
 .rodata.__metal_driver_vtable_sifive_uart0
                0x0000000020010f38       0x40 /home/sss22213/Desktop/RISC-V-E-SDK-automatically-build-tools/freedom-e-sdk/bsp/sifive-hifive1-revb/install/lib/debug//libmetal.a(sifive_uart0.o)
                0x0000000020010f38                __metal_driver_vtable_sifive_uart0
 .rodata.libgloss.start
                0x0000000020010f78       0x11 /home/sss22213/Desktop/RISC-V-E-SDK-automatically-build-tools/freedom-e-sdk/bsp/sifive-hifive1-revb/install/lib/debug//libmetal-gloss.a(crt0.o)
 *fill*         0x0000000020010f89        0x3 
 .rodata        0x0000000020010f8c        0x5 /home/sss22213/Desktop/RISC-V-E-SDK-automatically-build-tools/freedom-e-sdk/software/SHT20-for-hifive1-revb/build/FreeRTOS/lib/libFreeRTOS.a(tasks.o)
 *fill*         0x0000000020010f91        0x3 
 .rodata        0x0000000020010f94        0xd /home/sss22213/Desktop/RISC-V-E-SDK-automatically-build-tools/freedom-e-sdk/software/SHT20-for-hifive1-revb/build/FreeRTOS/lib/libFreeRTOS.a(timers.o)
 *fill*         0x0000000020010fa1        0x3 
 .rodata.prvProcessReceivedCommands
                0x0000000020010fa4       0x28 /home/sss22213/Desktop/RISC-V-E-SDK-automatically-build-tools/freedom-e-sdk/software/SHT20-for-hifive1-revb/build/FreeRTOS/lib/libFreeRTOS.a(timers.o)
 .rodata.__sf_fake_stderr
                0x0000000020010fcc       0x20 /opt/sifive/riscv64-unknown-elf-gcc-8.3.0-2020.04.0-x86_64-linux-ubuntu14/bin/../lib/gcc/riscv64-unknown-elf/8.3.0/../../../../riscv64-unknown-elf/lib/rv32imac/ilp32/libc_nano.a(lib_a-findfp.o)
                0x0000000020010fcc                __sf_fake_stderr
 .rodata.__sf_fake_stdin
                0x0000000020010fec       0x20 /opt/sifive/riscv64-unknown-elf-gcc-8.3.0-2020.04.0-x86_64-linux-ubuntu14/bin/../lib/gcc/riscv64-unknown-elf/8.3.0/../../../../riscv64-unknown-elf/lib/rv32imac/ilp32/libc_nano.a(lib_a-findfp.o)
                0x0000000020010fec                __sf_fake_stdin
 .rodata.__sf_fake_stdout
                0x000000002001100c       0x20 /opt/sifive/riscv64-unknown-elf-gcc-8.3.0-2020.04.0-x86_64-linux-ubuntu14/bin/../lib/gcc/riscv64-unknown-elf/8.3.0/../../../../riscv64-unknown-elf/lib/rv32imac/ilp32/libc_nano.a(lib_a-findfp.o)
                0x000000002001100c                __sf_fake_stdout
 .rodata        0x000000002001102c      0x100 /opt/sifive/riscv64-unknown-elf-gcc-8.3.0-2020.04.0-x86_64-linux-ubuntu14/bin/../lib/gcc/riscv64-unknown-elf/8.3.0/rv32imac/ilp32/libgcc.a(_clz.o)
                0x000000002001102c                __clz_tab
 *(.gnu.linkonce.r.*)
                0x0000000020011130                . = ALIGN (0x8)
 *fill*         0x000000002001112c        0x4 
 *(.srodata.cst16)
 *(.srodata.cst8)
 *(.srodata.cst4)
 *(.srodata.cst2)
 *(.srodata .srodata.*)

.itim           0x0000000008000000        0x0 load address 0x0000000020011130
 *(.itim .itim.*)
                0x0000000020011130                PROVIDE (metal_segment_itim_source_start = LOADADDR (.itim))
                0x0000000008000000                PROVIDE (metal_segment_itim_target_start = ADDR (.itim))
                0x0000000008000000                PROVIDE (metal_segment_itim_target_end = (ADDR (.itim) + SIZEOF (.itim)))

.lim            0x0000000080000000        0x0 load address 0x0000000020011130
 *(.lim .lim.*)
                0x0000000020011130                PROVIDE (metal_segment_lim_source_start = LOADADDR (.lim))
                0x0000000080000000                PROVIDE (metal_segment_lim_target_start = ADDR (.lim))
                0x0000000080000000                PROVIDE (metal_segment_lim_target_end = (ADDR (.lim) + SIZEOF (.lim)))

.text           0x0000000020011200     0x8c20
 *(.text.unlikely .text.unlikely.*)
 *(.text.startup .text.startup.*)
 *(.text .text.*)
 .text.main     0x0000000020011200       0x48 .//build/example-freertos-blinky.o
                0x0000000020011200                main
 .text.prvReadSensor
                0x0000000020011248       0x32 .//build/example-freertos-blinky.o
 .text.prvSetupHardware
                0x000000002001127a       0xce .//build/example-freertos-blinky.o
 .text.vApplicationMallocFailedHook
                0x0000000020011348       0x22 .//build/example-freertos-blinky.o
                0x0000000020011348                vApplicationMallocFailedHook
 .text.vApplicationStackOverflowHook
                0x000000002001136a       0x4a .//build/example-freertos-blinky.o
                0x000000002001136a                vApplicationStackOverflowHook
 .text.__metal_driver_cpu_interrupt_controller
                0x00000000200113b4       0x2a .//build/Bridge_Freedom-metal_FreeRTOS.o
 .text.FreeRTOS_init
                0x00000000200113de       0x94 .//build/Bridge_Freedom-metal_FreeRTOS.o
 .text.FreedomMetal_InterruptHandler
                0x0000000020011472      0x10e .//build/Bridge_Freedom-metal_FreeRTOS.o
                0x0000000020011472                FreedomMetal_InterruptHandler
 .text.FreedomMetal_ExceptionHandler
                0x0000000020011580       0x86 .//build/Bridge_Freedom-metal_FreeRTOS.o
                0x0000000020011580                FreedomMetal_ExceptionHandler
 .text.strlen   0x0000000020011606       0x12 /opt/sifive/riscv64-unknown-elf-gcc-8.3.0-2020.04.0-x86_64-linux-ubuntu14/bin/../lib/gcc/riscv64-unknown-elf/8.3.0/../../../../riscv64-unknown-elf/lib/rv32imac/ilp32/libc_nano.a(lib_a-strlen.o)
                0x0000000020011606                strlen
 .text.write    0x0000000020011618       0x12 /opt/sifive/riscv64-unknown-elf-gcc-8.3.0-2020.04.0-x86_64-linux-ubuntu14/bin/../lib/gcc/riscv64-unknown-elf/8.3.0/../../../../riscv64-unknown-elf/lib/rv32imac/ilp32/libc_nano.a(lib_a-syswrite.o)
                0x0000000020011618                write
 .text._write_r
                0x000000002001162a       0x2e /opt/sifive/riscv64-unknown-elf-gcc-8.3.0-2020.04.0-x86_64-linux-ubuntu14/bin/../lib/gcc/riscv64-unknown-elf/8.3.0/../../../../riscv64-unknown-elf/lib/rv32imac/ilp32/libc_nano.a(lib_a-writer.o)
                0x000000002001162a                _write_r
 .text          0x0000000020011658       0x10 /opt/sifive/riscv64-unknown-elf-gcc-8.3.0-2020.04.0-x86_64-linux-ubuntu14/bin/../lib/gcc/riscv64-unknown-elf/8.3.0/../../../../riscv64-unknown-elf/lib/rv32imac/ilp32/libc_nano.a(lib_a-memset.o)
                0x0000000020011658                memset
 .text.__malloc_lock
                0x0000000020011668        0x2 /opt/sifive/riscv64-unknown-elf-gcc-8.3.0-2020.04.0-x86_64-linux-ubuntu14/bin/../lib/gcc/riscv64-unknown-elf/8.3.0/../../../../riscv64-unknown-elf/lib/rv32imac/ilp32/libc_nano.a(lib_a-mlock.o)
                0x0000000020011668                __malloc_lock
 .text.__malloc_unlock
                0x000000002001166a        0x2 /opt/sifive/riscv64-unknown-elf-gcc-8.3.0-2020.04.0-x86_64-linux-ubuntu14/bin/../lib/gcc/riscv64-unknown-elf/8.3.0/../../../../riscv64-unknown-elf/lib/rv32imac/ilp32/libc_nano.a(lib_a-mlock.o)
                0x000000002001166a                __malloc_unlock
 .text.cleanup_glue
                0x000000002001166c       0x20 /opt/sifive/riscv64-unknown-elf-gcc-8.3.0-2020.04.0-x86_64-linux-ubuntu14/bin/../lib/gcc/riscv64-unknown-elf/8.3.0/../../../../riscv64-unknown-elf/lib/rv32imac/ilp32/libc_nano.a(lib_a-reent.o)
                0x000000002001166c                cleanup_glue
 .text._reclaim_reent
                0x000000002001168c       0xc4 /opt/sifive/riscv64-unknown-elf-gcc-8.3.0-2020.04.0-x86_64-linux-ubuntu14/bin/../lib/gcc/riscv64-unknown-elf/8.3.0/../../../../riscv64-unknown-elf/lib/rv32imac/ilp32/libc_nano.a(lib_a-reent.o)
                0x000000002001168c                _reclaim_reent
 .text._free_r  0x0000000020011750       0xac /opt/sifive/riscv64-unknown-elf-gcc-8.3.0-2020.04.0-x86_64-linux-ubuntu14/bin/../lib/gcc/riscv64-unknown-elf/8.3.0/../../../../riscv64-unknown-elf/lib/rv32imac/ilp32/libc_nano.a(lib_a-nano-freer.o)
                0x0000000020011750                _free_r
 .text.__metal_driver_sifive_clint0_control_base
                0x00000000200117fc       0x2a /home/sss22213/Desktop/RISC-V-E-SDK-automatically-build-tools/freedom-e-sdk/bsp/sifive-hifive1-revb/install/lib/debug//libmetal.a(riscv_clint0.o)
 .text.__metal_driver_sifive_clint0_num_interrupts
                0x0000000020011826       0x28 /home/sss22213/Desktop/RISC-V-E-SDK-automatically-build-tools/freedom-e-sdk/bsp/sifive-hifive1-revb/install/lib/debug//libmetal.a(riscv_clint0.o)
 .text.__metal_driver_sifive_clint0_interrupt_parents
                0x000000002001184e       0x3c /home/sss22213/Desktop/RISC-V-E-SDK-automatically-build-tools/freedom-e-sdk/bsp/sifive-hifive1-revb/install/lib/debug//libmetal.a(riscv_clint0.o)
 .text.__metal_driver_sifive_clint0_interrupt_lines
                0x000000002001188a       0x30 /home/sss22213/Desktop/RISC-V-E-SDK-automatically-build-tools/freedom-e-sdk/bsp/sifive-hifive1-revb/install/lib/debug//libmetal.a(riscv_clint0.o)
 .text.__metal_clint0_mtime_get
                0x00000000200118ba       0x9a /home/sss22213/Desktop/RISC-V-E-SDK-automatically-build-tools/freedom-e-sdk/bsp/sifive-hifive1-revb/install/lib/debug//libmetal.a(riscv_clint0.o)
                0x00000000200118ba                __metal_clint0_mtime_get
 .text.__metal_driver_riscv_clint0_mtimecmp_set
                0x0000000020011954       0x96 /home/sss22213/Desktop/RISC-V-E-SDK-automatically-build-tools/freedom-e-sdk/bsp/sifive-hifive1-revb/install/lib/debug//libmetal.a(riscv_clint0.o)
                0x0000000020011954                __metal_driver_riscv_clint0_mtimecmp_set
 .text._get_cpu_intc
                0x00000000200119ea       0x36 /home/sss22213/Desktop/RISC-V-E-SDK-automatically-build-tools/freedom-e-sdk/bsp/sifive-hifive1-revb/install/lib/debug//libmetal.a(riscv_clint0.o)
 .text.__metal_driver_riscv_clint0_init
                0x0000000020011a20       0x88 /home/sss22213/Desktop/RISC-V-E-SDK-automatically-build-tools/freedom-e-sdk/bsp/sifive-hifive1-revb/install/lib/debug//libmetal.a(riscv_clint0.o)
                0x0000000020011a20                __metal_driver_riscv_clint0_init
 .text.__metal_driver_riscv_clint0_register
                0x0000000020011aa8       0xda /home/sss22213/Desktop/RISC-V-E-SDK-automatically-build-tools/freedom-e-sdk/bsp/sifive-hifive1-revb/install/lib/debug//libmetal.a(riscv_clint0.o)
                0x0000000020011aa8                __metal_driver_riscv_clint0_register
 .text.__metal_driver_riscv_clint0_vector_register
                0x0000000020011b82       0x28 /home/sss22213/Desktop/RISC-V-E-SDK-automatically-build-tools/freedom-e-sdk/bsp/sifive-hifive1-revb/install/lib/debug//libmetal.a(riscv_clint0.o)
                0x0000000020011b82                __metal_driver_riscv_clint0_vector_register
 .text.__metal_driver_riscv_clint0_get_vector_mode
                0x0000000020011baa       0x1c /home/sss22213/Desktop/RISC-V-E-SDK-automatically-build-tools/freedom-e-sdk/bsp/sifive-hifive1-revb/install/lib/debug//libmetal.a(riscv_clint0.o)
                0x0000000020011baa                __metal_driver_riscv_clint0_get_vector_mode
 .text.__metal_driver_riscv_clint0_set_vector_mode
                0x0000000020011bc6       0x58 /home/sss22213/Desktop/RISC-V-E-SDK-automatically-build-tools/freedom-e-sdk/bsp/sifive-hifive1-revb/install/lib/debug//libmetal.a(riscv_clint0.o)
                0x0000000020011bc6                __metal_driver_riscv_clint0_set_vector_mode
 .text.__metal_driver_riscv_clint0_enable
                0x0000000020011c1e       0xb2 /home/sss22213/Desktop/RISC-V-E-SDK-automatically-build-tools/freedom-e-sdk/bsp/sifive-hifive1-revb/install/lib/debug//libmetal.a(riscv_clint0.o)
                0x0000000020011c1e                __metal_driver_riscv_clint0_enable
 .text.__metal_driver_riscv_clint0_disable
                0x0000000020011cd0       0xb2 /home/sss22213/Desktop/RISC-V-E-SDK-automatically-build-tools/freedom-e-sdk/bsp/sifive-hifive1-revb/install/lib/debug//libmetal.a(riscv_clint0.o)
                0x0000000020011cd0                __metal_driver_riscv_clint0_disable
 .text.__metal_driver_riscv_clint0_command_request
                0x0000000020011d82      0x132 /home/sss22213/Desktop/RISC-V-E-SDK-automatically-build-tools/freedom-e-sdk/bsp/sifive-hifive1-revb/install/lib/debug//libmetal.a(riscv_clint0.o)
                0x0000000020011d82                __metal_driver_riscv_clint0_command_request
 .text.__metal_driver_riscv_clint0_clear_interrupt
                0x0000000020011eb4       0x34 /home/sss22213/Desktop/RISC-V-E-SDK-automatically-build-tools/freedom-e-sdk/bsp/sifive-hifive1-revb/install/lib/debug//libmetal.a(riscv_clint0.o)
                0x0000000020011eb4                __metal_driver_riscv_clint0_clear_interrupt
 .text.__metal_driver_riscv_clint0_set_interrupt
                0x0000000020011ee8       0x34 /home/sss22213/Desktop/RISC-V-E-SDK-automatically-build-tools/freedom-e-sdk/bsp/sifive-hifive1-revb/install/lib/debug//libmetal.a(riscv_clint0.o)
                0x0000000020011ee8                __metal_driver_riscv_clint0_set_interrupt
 .text.__metal_driver_cpu_hartid
                0x0000000020011f1c       0x24 /home/sss22213/Desktop/RISC-V-E-SDK-automatically-build-tools/freedom-e-sdk/bsp/sifive-hifive1-revb/install/lib/debug//libmetal.a(riscv_cpu.o)
 .text.__metal_driver_cpu_timebase
                0x0000000020011f40       0x2a /home/sss22213/Desktop/RISC-V-E-SDK-automatically-build-tools/freedom-e-sdk/bsp/sifive-hifive1-revb/install/lib/debug//libmetal.a(riscv_cpu.o)
 .text.__metal_driver_cpu_interrupt_controller
                0x0000000020011f6a       0x2a /home/sss22213/Desktop/RISC-V-E-SDK-automatically-build-tools/freedom-e-sdk/bsp/sifive-hifive1-revb/install/lib/debug//libmetal.a(riscv_cpu.o)
 .text.__metal_driver_cpu_buserror
                0x0000000020011f94       0x24 /home/sss22213/Desktop/RISC-V-E-SDK-automatically-build-tools/freedom-e-sdk/bsp/sifive-hifive1-revb/install/lib/debug//libmetal.a(riscv_cpu.o)
 .text.__metal_driver_cpu_get
                0x0000000020011fb8       0x30 /home/sss22213/Desktop/RISC-V-E-SDK-automatically-build-tools/freedom-e-sdk/bsp/sifive-hifive1-revb/install/lib/debug//libmetal.a(riscv_cpu.o)
                0x0000000020011fb8                __metal_driver_cpu_get
 .text.__metal_myhart_id
                0x0000000020011fe8       0x1a /home/sss22213/Desktop/RISC-V-E-SDK-automatically-build-tools/freedom-e-sdk/bsp/sifive-hifive1-revb/install/lib/debug//libmetal.a(riscv_cpu.o)
                0x0000000020011fe8                __metal_myhart_id
 .text.__metal_interrupt_global_enable
                0x0000000020012002       0x18 /home/sss22213/Desktop/RISC-V-E-SDK-automatically-build-tools/freedom-e-sdk/bsp/sifive-hifive1-revb/install/lib/debug//libmetal.a(riscv_cpu.o)
                0x0000000020012002                __metal_interrupt_global_enable
 .text.__metal_interrupt_global_disable
                0x000000002001201a       0x18 /home/sss22213/Desktop/RISC-V-E-SDK-automatically-build-tools/freedom-e-sdk/bsp/sifive-hifive1-revb/install/lib/debug//libmetal.a(riscv_cpu.o)
                0x000000002001201a                __metal_interrupt_global_disable
 .text.__metal_interrupt_software_enable
                0x0000000020012032       0x18 /home/sss22213/Desktop/RISC-V-E-SDK-automatically-build-tools/freedom-e-sdk/bsp/sifive-hifive1-revb/install/lib/debug//libmetal.a(riscv_cpu.o)
                0x0000000020012032                __metal_interrupt_software_enable
 .text.__metal_interrupt_software_disable
                0x000000002001204a       0x18 /home/sss22213/Desktop/RISC-V-E-SDK-automatically-build-tools/freedom-e-sdk/bsp/sifive-hifive1-revb/install/lib/debug//libmetal.a(riscv_cpu.o)
                0x000000002001204a                __metal_interrupt_software_disable
 .text.__metal_interrupt_timer_enable
                0x0000000020012062       0x1a /home/sss22213/Desktop/RISC-V-E-SDK-automatically-build-tools/freedom-e-sdk/bsp/sifive-hifive1-revb/install/lib/debug//libmetal.a(riscv_cpu.o)
                0x0000000020012062                __metal_interrupt_timer_enable
 .text.__metal_interrupt_timer_disable
                0x000000002001207c       0x1a /home/sss22213/Desktop/RISC-V-E-SDK-automatically-build-tools/freedom-e-sdk/bsp/sifive-hifive1-revb/install/lib/debug//libmetal.a(riscv_cpu.o)
                0x000000002001207c                __metal_interrupt_timer_disable
 .text.__metal_interrupt_external_enable
                0x0000000020012096       0x1c /home/sss22213/Desktop/RISC-V-E-SDK-automatically-build-tools/freedom-e-sdk/bsp/sifive-hifive1-revb/install/lib/debug//libmetal.a(riscv_cpu.o)
                0x0000000020012096                __metal_interrupt_external_enable
 .text.__metal_interrupt_external_disable
                0x00000000200120b2       0x1c /home/sss22213/Desktop/RISC-V-E-SDK-automatically-build-tools/freedom-e-sdk/bsp/sifive-hifive1-revb/install/lib/debug//libmetal.a(riscv_cpu.o)
                0x00000000200120b2                __metal_interrupt_external_disable
 .text.__metal_interrupt_local_enable
                0x00000000200120ce       0x2c /home/sss22213/Desktop/RISC-V-E-SDK-automatically-build-tools/freedom-e-sdk/bsp/sifive-hifive1-revb/install/lib/debug//libmetal.a(riscv_cpu.o)
                0x00000000200120ce                __metal_interrupt_local_enable
 .text.__metal_interrupt_local_disable
                0x00000000200120fa       0x2c /home/sss22213/Desktop/RISC-V-E-SDK-automatically-build-tools/freedom-e-sdk/bsp/sifive-hifive1-revb/install/lib/debug//libmetal.a(riscv_cpu.o)
                0x00000000200120fa                __metal_interrupt_local_disable
 .text.__metal_default_exception_handler
                0x0000000020012126       0x18 /home/sss22213/Desktop/RISC-V-E-SDK-automatically-build-tools/freedom-e-sdk/bsp/sifive-hifive1-revb/install/lib/debug//libmetal.a(riscv_cpu.o)
                0x0000000020012126                __metal_default_exception_handler
 .text.__metal_default_interrupt_handler
                0x000000002001213e       0x18 /home/sss22213/Desktop/RISC-V-E-SDK-automatically-build-tools/freedom-e-sdk/bsp/sifive-hifive1-revb/install/lib/debug//libmetal.a(riscv_cpu.o)
                0x000000002001213e                __metal_default_interrupt_handler
 .text.metal_interrupt_vector_handler
                0x0000000020012156       0x2e /home/sss22213/Desktop/RISC-V-E-SDK-automatically-build-tools/freedom-e-sdk/bsp/sifive-hifive1-revb/install/lib/debug//libmetal.a(riscv_cpu.o)
                0x0000000020012156                metal_interrupt_vector_handler
 .text.metal_software_interrupt_vector_handler
                0x0000000020012184       0x92 /home/sss22213/Desktop/RISC-V-E-SDK-automatically-build-tools/freedom-e-sdk/bsp/sifive-hifive1-revb/install/lib/debug//libmetal.a(riscv_cpu.o)
                0x0000000020012184                metal_software_interrupt_vector_handler
 .text.__metal_default_sw_handler
                0x0000000020012216       0x68 /home/sss22213/Desktop/RISC-V-E-SDK-automatically-build-tools/freedom-e-sdk/bsp/sifive-hifive1-revb/install/lib/debug//libmetal.a(riscv_cpu.o)
                0x0000000020012216                __metal_default_sw_handler
 .text.metal_timer_interrupt_vector_handler
                0x000000002001227e       0x92 /home/sss22213/Desktop/RISC-V-E-SDK-automatically-build-tools/freedom-e-sdk/bsp/sifive-hifive1-revb/install/lib/debug//libmetal.a(riscv_cpu.o)
                0x000000002001227e                metal_timer_interrupt_vector_handler
 .text.__metal_default_beu_handler
                0x0000000020012310       0x16 /home/sss22213/Desktop/RISC-V-E-SDK-automatically-build-tools/freedom-e-sdk/bsp/sifive-hifive1-revb/install/lib/debug//libmetal.a(riscv_cpu.o)
                0x0000000020012310                __metal_default_beu_handler
 .text.__metal_default_timer_handler
                0x0000000020012326       0x66 /home/sss22213/Desktop/RISC-V-E-SDK-automatically-build-tools/freedom-e-sdk/bsp/sifive-hifive1-revb/install/lib/debug//libmetal.a(riscv_cpu.o)
                0x0000000020012326                __metal_default_timer_handler
 *fill*         0x000000002001238c       0x74 
 .text.__metal_exception_handler
                0x0000000020012400      0x1f6 /home/sss22213/Desktop/RISC-V-E-SDK-automatically-build-tools/freedom-e-sdk/bsp/sifive-hifive1-revb/install/lib/debug//libmetal.a(riscv_cpu.o)
                0x0000000020012400                __metal_exception_handler
 .text.metal_lc0_interrupt_vector_handler
                0x00000000200125f6       0x96 /home/sss22213/Desktop/RISC-V-E-SDK-automatically-build-tools/freedom-e-sdk/bsp/sifive-hifive1-revb/install/lib/debug//libmetal.a(riscv_cpu.o)
                0x00000000200125f6                metal_lc0_interrupt_vector_handler
 .text.metal_lc1_interrupt_vector_handler
                0x000000002001268c       0x96 /home/sss22213/Desktop/RISC-V-E-SDK-automatically-build-tools/freedom-e-sdk/bsp/sifive-hifive1-revb/install/lib/debug//libmetal.a(riscv_cpu.o)
                0x000000002001268c                metal_lc1_interrupt_vector_handler
 .text.metal_lc2_interrupt_vector_handler
                0x0000000020012722       0x96 /home/sss22213/Desktop/RISC-V-E-SDK-automatically-build-tools/freedom-e-sdk/bsp/sifive-hifive1-revb/install/lib/debug//libmetal.a(riscv_cpu.o)
                0x0000000020012722                metal_lc2_interrupt_vector_handler
 .text.metal_lc3_interrupt_vector_handler
                0x00000000200127b8       0x96 /home/sss22213/Desktop/RISC-V-E-SDK-automatically-build-tools/freedom-e-sdk/bsp/sifive-hifive1-revb/install/lib/debug//libmetal.a(riscv_cpu.o)
                0x00000000200127b8                metal_lc3_interrupt_vector_handler
 .text.metal_lc4_interrupt_vector_handler
                0x000000002001284e       0x96 /home/sss22213/Desktop/RISC-V-E-SDK-automatically-build-tools/freedom-e-sdk/bsp/sifive-hifive1-revb/install/lib/debug//libmetal.a(riscv_cpu.o)
                0x000000002001284e                metal_lc4_interrupt_vector_handler
 .text.metal_lc5_interrupt_vector_handler
                0x00000000200128e4       0x96 /home/sss22213/Desktop/RISC-V-E-SDK-automatically-build-tools/freedom-e-sdk/bsp/sifive-hifive1-revb/install/lib/debug//libmetal.a(riscv_cpu.o)
                0x00000000200128e4                metal_lc5_interrupt_vector_handler
 .text.metal_lc6_interrupt_vector_handler
                0x000000002001297a       0x96 /home/sss22213/Desktop/RISC-V-E-SDK-automatically-build-tools/freedom-e-sdk/bsp/sifive-hifive1-revb/install/lib/debug//libmetal.a(riscv_cpu.o)
                0x000000002001297a                metal_lc6_interrupt_vector_handler
 .text.metal_lc7_interrupt_vector_handler
                0x0000000020012a10       0x96 /home/sss22213/Desktop/RISC-V-E-SDK-automatically-build-tools/freedom-e-sdk/bsp/sifive-hifive1-revb/install/lib/debug//libmetal.a(riscv_cpu.o)
                0x0000000020012a10                metal_lc7_interrupt_vector_handler
 .text.metal_lc8_interrupt_vector_handler
                0x0000000020012aa6       0x96 /home/sss22213/Desktop/RISC-V-E-SDK-automatically-build-tools/freedom-e-sdk/bsp/sifive-hifive1-revb/install/lib/debug//libmetal.a(riscv_cpu.o)
                0x0000000020012aa6                metal_lc8_interrupt_vector_handler
 .text.metal_lc9_interrupt_vector_handler
                0x0000000020012b3c       0x96 /home/sss22213/Desktop/RISC-V-E-SDK-automatically-build-tools/freedom-e-sdk/bsp/sifive-hifive1-revb/install/lib/debug//libmetal.a(riscv_cpu.o)
                0x0000000020012b3c                metal_lc9_interrupt_vector_handler
 .text.metal_lc10_interrupt_vector_handler
                0x0000000020012bd2       0x96 /home/sss22213/Desktop/RISC-V-E-SDK-automatically-build-tools/freedom-e-sdk/bsp/sifive-hifive1-revb/install/lib/debug//libmetal.a(riscv_cpu.o)
                0x0000000020012bd2                metal_lc10_interrupt_vector_handler
 .text.metal_lc11_interrupt_vector_handler
                0x0000000020012c68       0x96 /home/sss22213/Desktop/RISC-V-E-SDK-automatically-build-tools/freedom-e-sdk/bsp/sifive-hifive1-revb/install/lib/debug//libmetal.a(riscv_cpu.o)
                0x0000000020012c68                metal_lc11_interrupt_vector_handler
 .text.metal_lc12_interrupt_vector_handler
                0x0000000020012cfe       0x96 /home/sss22213/Desktop/RISC-V-E-SDK-automatically-build-tools/freedom-e-sdk/bsp/sifive-hifive1-revb/install/lib/debug//libmetal.a(riscv_cpu.o)
                0x0000000020012cfe                metal_lc12_interrupt_vector_handler
 .text.metal_lc13_interrupt_vector_handler
                0x0000000020012d94       0x96 /home/sss22213/Desktop/RISC-V-E-SDK-automatically-build-tools/freedom-e-sdk/bsp/sifive-hifive1-revb/install/lib/debug//libmetal.a(riscv_cpu.o)
                0x0000000020012d94                metal_lc13_interrupt_vector_handler
 .text.metal_lc14_interrupt_vector_handler
                0x0000000020012e2a       0x96 /home/sss22213/Desktop/RISC-V-E-SDK-automatically-build-tools/freedom-e-sdk/bsp/sifive-hifive1-revb/install/lib/debug//libmetal.a(riscv_cpu.o)
                0x0000000020012e2a                metal_lc14_interrupt_vector_handler
 .text.metal_lc15_interrupt_vector_handler
                0x0000000020012ec0       0x96 /home/sss22213/Desktop/RISC-V-E-SDK-automatically-build-tools/freedom-e-sdk/bsp/sifive-hifive1-revb/install/lib/debug//libmetal.a(riscv_cpu.o)
                0x0000000020012ec0                metal_lc15_interrupt_vector_handler
 .text.__metal_controller_interrupt_vector_mode
                0x0000000020012f56       0x50 /home/sss22213/Desktop/RISC-V-E-SDK-automatically-build-tools/freedom-e-sdk/bsp/sifive-hifive1-revb/install/lib/debug//libmetal.a(riscv_cpu.o)
                0x0000000020012f56                __metal_controller_interrupt_vector_mode
 .text.__metal_controller_interrupt_vector
                0x0000000020012fa6       0x98 /home/sss22213/Desktop/RISC-V-E-SDK-automatically-build-tools/freedom-e-sdk/bsp/sifive-hifive1-revb/install/lib/debug//libmetal.a(riscv_cpu.o)
                0x0000000020012fa6                __metal_controller_interrupt_vector
 .text.__metal_valid_interrupt_id
                0x000000002001303e       0x64 /home/sss22213/Desktop/RISC-V-E-SDK-automatically-build-tools/freedom-e-sdk/bsp/sifive-hifive1-revb/install/lib/debug//libmetal.a(riscv_cpu.o)
                0x000000002001303e                __metal_valid_interrupt_id
 .text.__metal_local_interrupt_enable
                0x00000000200130a2       0xbc /home/sss22213/Desktop/RISC-V-E-SDK-automatically-build-tools/freedom-e-sdk/bsp/sifive-hifive1-revb/install/lib/debug//libmetal.a(riscv_cpu.o)
                0x00000000200130a2                __metal_local_interrupt_enable
 .text.__metal_exception_register
                0x000000002001315e       0x4e /home/sss22213/Desktop/RISC-V-E-SDK-automatically-build-tools/freedom-e-sdk/bsp/sifive-hifive1-revb/install/lib/debug//libmetal.a(riscv_cpu.o)
                0x000000002001315e                __metal_exception_register
 .text.__metal_driver_riscv_cpu_controller_interrupt_init
                0x00000000200131ac       0xe2 /home/sss22213/Desktop/RISC-V-E-SDK-automatically-build-tools/freedom-e-sdk/bsp/sifive-hifive1-revb/install/lib/debug//libmetal.a(riscv_cpu.o)
                0x00000000200131ac                __metal_driver_riscv_cpu_controller_interrupt_init
 .text.__metal_driver_riscv_cpu_controller_interrupt_register
                0x000000002001328e      0x1d6 /home/sss22213/Desktop/RISC-V-E-SDK-automatically-build-tools/freedom-e-sdk/bsp/sifive-hifive1-revb/install/lib/debug//libmetal.a(riscv_cpu.o)
                0x000000002001328e                __metal_driver_riscv_cpu_controller_interrupt_register
 .text.__metal_driver_riscv_cpu_controller_interrupt_enable
                0x0000000020013464       0x2a /home/sss22213/Desktop/RISC-V-E-SDK-automatically-build-tools/freedom-e-sdk/bsp/sifive-hifive1-revb/install/lib/debug//libmetal.a(riscv_cpu.o)
                0x0000000020013464                __metal_driver_riscv_cpu_controller_interrupt_enable
 .text.__metal_driver_riscv_cpu_controller_interrupt_disable
                0x000000002001348e       0x2a /home/sss22213/Desktop/RISC-V-E-SDK-automatically-build-tools/freedom-e-sdk/bsp/sifive-hifive1-revb/install/lib/debug//libmetal.a(riscv_cpu.o)
                0x000000002001348e                __metal_driver_riscv_cpu_controller_interrupt_disable
 .text.__metal_driver_riscv_cpu_controller_get_vector_mode
                0x00000000200134b8       0x1c /home/sss22213/Desktop/RISC-V-E-SDK-automatically-build-tools/freedom-e-sdk/bsp/sifive-hifive1-revb/install/lib/debug//libmetal.a(riscv_cpu.o)
                0x00000000200134b8                __metal_driver_riscv_cpu_controller_get_vector_mode
 .text.__metal_driver_riscv_cpu_controller_set_vector_mode
                0x00000000200134d4       0x54 /home/sss22213/Desktop/RISC-V-E-SDK-automatically-build-tools/freedom-e-sdk/bsp/sifive-hifive1-revb/install/lib/debug//libmetal.a(riscv_cpu.o)
                0x00000000200134d4                __metal_driver_riscv_cpu_controller_set_vector_mode
 .text.__metal_driver_riscv_cpu_controller_command_request
                0x0000000020013528       0x1c /home/sss22213/Desktop/RISC-V-E-SDK-automatically-build-tools/freedom-e-sdk/bsp/sifive-hifive1-revb/install/lib/debug//libmetal.a(riscv_cpu.o)
                0x0000000020013528                __metal_driver_riscv_cpu_controller_command_request
 .text.__metal_driver_cpu_mcycle_get
                0x0000000020013544       0x72 /home/sss22213/Desktop/RISC-V-E-SDK-automatically-build-tools/freedom-e-sdk/bsp/sifive-hifive1-revb/install/lib/debug//libmetal.a(riscv_cpu.o)
                0x0000000020013544                __metal_driver_cpu_mcycle_get
 .text.__metal_driver_cpu_timebase_get
                0x00000000200135b6       0x46 /home/sss22213/Desktop/RISC-V-E-SDK-automatically-build-tools/freedom-e-sdk/bsp/sifive-hifive1-revb/install/lib/debug//libmetal.a(riscv_cpu.o)
                0x00000000200135b6                __metal_driver_cpu_timebase_get
 .text.__metal_driver_cpu_mtime_get
                0x00000000200135fc       0x66 /home/sss22213/Desktop/RISC-V-E-SDK-automatically-build-tools/freedom-e-sdk/bsp/sifive-hifive1-revb/install/lib/debug//libmetal.a(riscv_cpu.o)
                0x00000000200135fc                __metal_driver_cpu_mtime_get
 .text.__metal_driver_cpu_mtimecmp_set
                0x0000000020013662       0x76 /home/sss22213/Desktop/RISC-V-E-SDK-automatically-build-tools/freedom-e-sdk/bsp/sifive-hifive1-revb/install/lib/debug//libmetal.a(riscv_cpu.o)
                0x0000000020013662                __metal_driver_cpu_mtimecmp_set
 .text.__metal_driver_cpu_timer_controller_interrupt
                0x00000000200136d8       0x1a /home/sss22213/Desktop/RISC-V-E-SDK-automatically-build-tools/freedom-e-sdk/bsp/sifive-hifive1-revb/install/lib/debug//libmetal.a(riscv_cpu.o)
                0x00000000200136d8                __metal_driver_cpu_timer_controller_interrupt
 .text.__metal_driver_cpu_get_timer_interrupt_id
                0x00000000200136f2       0x14 /home/sss22213/Desktop/RISC-V-E-SDK-automatically-build-tools/freedom-e-sdk/bsp/sifive-hifive1-revb/install/lib/debug//libmetal.a(riscv_cpu.o)
                0x00000000200136f2                __metal_driver_cpu_get_timer_interrupt_id
 .text.__metal_driver_cpu_sw_controller_interrupt
                0x0000000020013706       0x1a /home/sss22213/Desktop/RISC-V-E-SDK-automatically-build-tools/freedom-e-sdk/bsp/sifive-hifive1-revb/install/lib/debug//libmetal.a(riscv_cpu.o)
                0x0000000020013706                __metal_driver_cpu_sw_controller_interrupt
 .text.__metal_driver_cpu_get_sw_interrupt_id
                0x0000000020013720       0x14 /home/sss22213/Desktop/RISC-V-E-SDK-automatically-build-tools/freedom-e-sdk/bsp/sifive-hifive1-revb/install/lib/debug//libmetal.a(riscv_cpu.o)
                0x0000000020013720                __metal_driver_cpu_get_sw_interrupt_id
 .text.__metal_driver_cpu_set_sw_ipi
                0x0000000020013734       0x62 /home/sss22213/Desktop/RISC-V-E-SDK-automatically-build-tools/freedom-e-sdk/bsp/sifive-hifive1-revb/install/lib/debug//libmetal.a(riscv_cpu.o)
                0x0000000020013734                __metal_driver_cpu_set_sw_ipi
 .text.__metal_driver_cpu_clear_sw_ipi
                0x0000000020013796       0x62 /home/sss22213/Desktop/RISC-V-E-SDK-automatically-build-tools/freedom-e-sdk/bsp/sifive-hifive1-revb/install/lib/debug//libmetal.a(riscv_cpu.o)
                0x0000000020013796                __metal_driver_cpu_clear_sw_ipi
 .text.__metal_driver_cpu_get_msip
                0x00000000200137f8       0x60 /home/sss22213/Desktop/RISC-V-E-SDK-automatically-build-tools/freedom-e-sdk/bsp/sifive-hifive1-revb/install/lib/debug//libmetal.a(riscv_cpu.o)
                0x00000000200137f8                __metal_driver_cpu_get_msip
 .text.__metal_driver_cpu_controller_interrupt
                0x0000000020013858       0x20 /home/sss22213/Desktop/RISC-V-E-SDK-automatically-build-tools/freedom-e-sdk/bsp/sifive-hifive1-revb/install/lib/debug//libmetal.a(riscv_cpu.o)
                0x0000000020013858                __metal_driver_cpu_controller_interrupt
 .text.__metal_driver_cpu_exception_register
                0x0000000020013878       0x46 /home/sss22213/Desktop/RISC-V-E-SDK-automatically-build-tools/freedom-e-sdk/bsp/sifive-hifive1-revb/install/lib/debug//libmetal.a(riscv_cpu.o)
                0x0000000020013878                __metal_driver_cpu_exception_register
 .text.__metal_driver_cpu_get_instruction_length
                0x00000000200138be       0x2e /home/sss22213/Desktop/RISC-V-E-SDK-automatically-build-tools/freedom-e-sdk/bsp/sifive-hifive1-revb/install/lib/debug//libmetal.a(riscv_cpu.o)
                0x00000000200138be                __metal_driver_cpu_get_instruction_length
 .text.__metal_driver_cpu_get_exception_pc
                0x00000000200138ec       0x1e /home/sss22213/Desktop/RISC-V-E-SDK-automatically-build-tools/freedom-e-sdk/bsp/sifive-hifive1-revb/install/lib/debug//libmetal.a(riscv_cpu.o)
                0x00000000200138ec                __metal_driver_cpu_get_exception_pc
 .text.__metal_driver_cpu_set_exception_pc
                0x000000002001390a       0x20 /home/sss22213/Desktop/RISC-V-E-SDK-automatically-build-tools/freedom-e-sdk/bsp/sifive-hifive1-revb/install/lib/debug//libmetal.a(riscv_cpu.o)
                0x000000002001390a                __metal_driver_cpu_set_exception_pc
 .text.__metal_driver_cpu_get_buserror
                0x000000002001392a       0x20 /home/sss22213/Desktop/RISC-V-E-SDK-automatically-build-tools/freedom-e-sdk/bsp/sifive-hifive1-revb/install/lib/debug//libmetal.a(riscv_cpu.o)
                0x000000002001392a                __metal_driver_cpu_get_buserror
 .text.__metal_driver_sifive_plic0_control_base
                0x000000002001394a       0x2a /home/sss22213/Desktop/RISC-V-E-SDK-automatically-build-tools/freedom-e-sdk/bsp/sifive-hifive1-revb/install/lib/debug//libmetal.a(riscv_plic0.o)
 .text.__metal_driver_sifive_plic0_num_interrupts
                0x0000000020013974       0x2a /home/sss22213/Desktop/RISC-V-E-SDK-automatically-build-tools/freedom-e-sdk/bsp/sifive-hifive1-revb/install/lib/debug//libmetal.a(riscv_plic0.o)
 .text.__metal_driver_sifive_plic0_max_priority
                0x000000002001399e       0x28 /home/sss22213/Desktop/RISC-V-E-SDK-automatically-build-tools/freedom-e-sdk/bsp/sifive-hifive1-revb/install/lib/debug//libmetal.a(riscv_plic0.o)
 .text.__metal_driver_sifive_plic0_interrupt_parents
                0x00000000200139c6       0x28 /home/sss22213/Desktop/RISC-V-E-SDK-automatically-build-tools/freedom-e-sdk/bsp/sifive-hifive1-revb/install/lib/debug//libmetal.a(riscv_plic0.o)
 .text.__metal_driver_sifive_plic0_interrupt_lines
                0x00000000200139ee       0x22 /home/sss22213/Desktop/RISC-V-E-SDK-automatically-build-tools/freedom-e-sdk/bsp/sifive-hifive1-revb/install/lib/debug//libmetal.a(riscv_plic0.o)
 .text.__metal_driver_sifive_plic0_context_ids
                0x0000000020013a10       0x1e /home/sss22213/Desktop/RISC-V-E-SDK-automatically-build-tools/freedom-e-sdk/bsp/sifive-hifive1-revb/install/lib/debug//libmetal.a(riscv_plic0.o)
 .text.__metal_plic0_claim_interrupt
                0x0000000020013a2e       0x3c /home/sss22213/Desktop/RISC-V-E-SDK-automatically-build-tools/freedom-e-sdk/bsp/sifive-hifive1-revb/install/lib/debug//libmetal.a(riscv_plic0.o)
                0x0000000020013a2e                __metal_plic0_claim_interrupt
 .text.__metal_plic0_complete_interrupt
                0x0000000020013a6a       0x46 /home/sss22213/Desktop/RISC-V-E-SDK-automatically-build-tools/freedom-e-sdk/bsp/sifive-hifive1-revb/install/lib/debug//libmetal.a(riscv_plic0.o)
                0x0000000020013a6a                __metal_plic0_complete_interrupt
 .text.__metal_plic0_set_threshold
                0x0000000020013ab0       0x46 /home/sss22213/Desktop/RISC-V-E-SDK-automatically-build-tools/freedom-e-sdk/bsp/sifive-hifive1-revb/install/lib/debug//libmetal.a(riscv_plic0.o)
                0x0000000020013ab0                __metal_plic0_set_threshold
 .text.__metal_plic0_get_threshold
                0x0000000020013af6       0x3a /home/sss22213/Desktop/RISC-V-E-SDK-automatically-build-tools/freedom-e-sdk/bsp/sifive-hifive1-revb/install/lib/debug//libmetal.a(riscv_plic0.o)
                0x0000000020013af6                __metal_plic0_get_threshold
 .text.__metal_driver_riscv_plic0_set_priority
                0x0000000020013b30       0x62 /home/sss22213/Desktop/RISC-V-E-SDK-automatically-build-tools/freedom-e-sdk/bsp/sifive-hifive1-revb/install/lib/debug//libmetal.a(riscv_plic0.o)
                0x0000000020013b30                __metal_driver_riscv_plic0_set_priority
 .text.__metal_driver_riscv_plic0_get_priority
                0x0000000020013b92       0x34 /home/sss22213/Desktop/RISC-V-E-SDK-automatically-build-tools/freedom-e-sdk/bsp/sifive-hifive1-revb/install/lib/debug//libmetal.a(riscv_plic0.o)
                0x0000000020013b92                __metal_driver_riscv_plic0_get_priority
 .text.__metal_plic0_enable
                0x0000000020013bc6       0xa2 /home/sss22213/Desktop/RISC-V-E-SDK-automatically-build-tools/freedom-e-sdk/bsp/sifive-hifive1-revb/install/lib/debug//libmetal.a(riscv_plic0.o)
                0x0000000020013bc6                __metal_plic0_enable
 .text.__metal_plic0_default_handler
                0x0000000020013c68       0x18 /home/sss22213/Desktop/RISC-V-E-SDK-automatically-build-tools/freedom-e-sdk/bsp/sifive-hifive1-revb/install/lib/debug//libmetal.a(riscv_plic0.o)
                0x0000000020013c68                __metal_plic0_default_handler
 .text.__metal_plic0_handler
                0x0000000020013c80       0xa4 /home/sss22213/Desktop/RISC-V-E-SDK-automatically-build-tools/freedom-e-sdk/bsp/sifive-hifive1-revb/install/lib/debug//libmetal.a(riscv_plic0.o)
                0x0000000020013c80                __metal_plic0_handler
 .text.__metal_driver_riscv_plic0_init
                0x0000000020013d24      0x150 /home/sss22213/Desktop/RISC-V-E-SDK-automatically-build-tools/freedom-e-sdk/bsp/sifive-hifive1-revb/install/lib/debug//libmetal.a(riscv_plic0.o)
                0x0000000020013d24                __metal_driver_riscv_plic0_init
 .text.__metal_driver_riscv_plic0_register
                0x0000000020013e74       0xbe /home/sss22213/Desktop/RISC-V-E-SDK-automatically-build-tools/freedom-e-sdk/bsp/sifive-hifive1-revb/install/lib/debug//libmetal.a(riscv_plic0.o)
                0x0000000020013e74                __metal_driver_riscv_plic0_register
 .text.__metal_driver_riscv_plic0_enable
                0x0000000020013f32       0x4e /home/sss22213/Desktop/RISC-V-E-SDK-automatically-build-tools/freedom-e-sdk/bsp/sifive-hifive1-revb/install/lib/debug//libmetal.a(riscv_plic0.o)
                0x0000000020013f32                __metal_driver_riscv_plic0_enable
 .text.__metal_driver_riscv_plic0_disable
                0x0000000020013f80       0x4e /home/sss22213/Desktop/RISC-V-E-SDK-automatically-build-tools/freedom-e-sdk/bsp/sifive-hifive1-revb/install/lib/debug//libmetal.a(riscv_plic0.o)
                0x0000000020013f80                __metal_driver_riscv_plic0_disable
 .text.__metal_driver_riscv_plic0_set_threshold
                0x0000000020013fce       0x30 /home/sss22213/Desktop/RISC-V-E-SDK-automatically-build-tools/freedom-e-sdk/bsp/sifive-hifive1-revb/install/lib/debug//libmetal.a(riscv_plic0.o)
                0x0000000020013fce                __metal_driver_riscv_plic0_set_threshold
 .text.__metal_driver_riscv_plic0_get_threshold
                0x0000000020013ffe       0x28 /home/sss22213/Desktop/RISC-V-E-SDK-automatically-build-tools/freedom-e-sdk/bsp/sifive-hifive1-revb/install/lib/debug//libmetal.a(riscv_plic0.o)
                0x0000000020013ffe                __metal_driver_riscv_plic0_get_threshold
 .text.__metal_driver_riscv_plic0_affinity_enable
                0x0000000020014026       0x9c /home/sss22213/Desktop/RISC-V-E-SDK-automatically-build-tools/freedom-e-sdk/bsp/sifive-hifive1-revb/install/lib/debug//libmetal.a(riscv_plic0.o)
                0x0000000020014026                __metal_driver_riscv_plic0_affinity_enable
 .text.__metal_driver_riscv_plic0_affinity_disable
                0x00000000200140c2       0x9c /home/sss22213/Desktop/RISC-V-E-SDK-automatically-build-tools/freedom-e-sdk/bsp/sifive-hifive1-revb/install/lib/debug//libmetal.a(riscv_plic0.o)
                0x00000000200140c2                __metal_driver_riscv_plic0_affinity_disable
 .text.__metal_driver_riscv_plic0_affinity_set_threshold
                0x000000002001415e       0x74 /home/sss22213/Desktop/RISC-V-E-SDK-automatically-build-tools/freedom-e-sdk/bsp/sifive-hifive1-revb/install/lib/debug//libmetal.a(riscv_plic0.o)
                0x000000002001415e                __metal_driver_riscv_plic0_affinity_set_threshold
 .text.__metal_driver_riscv_plic0_affinity_get_threshold
                0x00000000200141d2       0x28 /home/sss22213/Desktop/RISC-V-E-SDK-automatically-build-tools/freedom-e-sdk/bsp/sifive-hifive1-revb/install/lib/debug//libmetal.a(riscv_plic0.o)
                0x00000000200141d2                __metal_driver_riscv_plic0_affinity_get_threshold
 .text.__metal_driver_sifive_fe310_g000_hfrosc_ref
                0x00000000200141fa       0x1a /home/sss22213/Desktop/RISC-V-E-SDK-automatically-build-tools/freedom-e-sdk/bsp/sifive-hifive1-revb/install/lib/debug//libmetal.a(sifive_fe310-g000_hfrosc.o)
 .text.__metal_driver_sifive_fe310_g000_hfrosc_config_base
                0x0000000020014214       0x16 /home/sss22213/Desktop/RISC-V-E-SDK-automatically-build-tools/freedom-e-sdk/bsp/sifive-hifive1-revb/install/lib/debug//libmetal.a(sifive_fe310-g000_hfrosc.o)
 .text.__metal_driver_sifive_fe310_g000_hfrosc_config_offset
                0x000000002001422a       0x14 /home/sss22213/Desktop/RISC-V-E-SDK-automatically-build-tools/freedom-e-sdk/bsp/sifive-hifive1-revb/install/lib/debug//libmetal.a(sifive_fe310-g000_hfrosc.o)
 .text.__metal_driver_sifive_fe310_g000_prci_vtable
                0x000000002001423e       0x12 /home/sss22213/Desktop/RISC-V-E-SDK-automatically-build-tools/freedom-e-sdk/bsp/sifive-hifive1-revb/install/lib/debug//libmetal.a(sifive_fe310-g000_hfrosc.o)
 .text.__metal_driver_sifive_fe310_g000_hfrosc_get_rate_hz
                0x0000000020014250       0x84 /home/sss22213/Desktop/RISC-V-E-SDK-automatically-build-tools/freedom-e-sdk/bsp/sifive-hifive1-revb/install/lib/debug//libmetal.a(sifive_fe310-g000_hfrosc.o)
                0x0000000020014250                __metal_driver_sifive_fe310_g000_hfrosc_get_rate_hz
 .text.__metal_driver_sifive_fe310_g000_hfrosc_set_rate_hz
                0x00000000200142d4       0x22 /home/sss22213/Desktop/RISC-V-E-SDK-automatically-build-tools/freedom-e-sdk/bsp/sifive-hifive1-revb/install/lib/debug//libmetal.a(sifive_fe310-g000_hfrosc.o)
                0x00000000200142d4                __metal_driver_sifive_fe310_g000_hfrosc_set_rate_hz
 .text.__metal_driver_sifive_fe310_g000_hfxosc_ref
                0x00000000200142f6       0x1a /home/sss22213/Desktop/RISC-V-E-SDK-automatically-build-tools/freedom-e-sdk/bsp/sifive-hifive1-revb/install/lib/debug//libmetal.a(sifive_fe310-g000_hfxosc.o)
 .text.__metal_driver_sifive_fe310_g000_hfxosc_config_base
                0x0000000020014310       0x16 /home/sss22213/Desktop/RISC-V-E-SDK-automatically-build-tools/freedom-e-sdk/bsp/sifive-hifive1-revb/install/lib/debug//libmetal.a(sifive_fe310-g000_hfxosc.o)
 .text.__metal_driver_sifive_fe310_g000_hfxosc_config_offset
                0x0000000020014326       0x14 /home/sss22213/Desktop/RISC-V-E-SDK-automatically-build-tools/freedom-e-sdk/bsp/sifive-hifive1-revb/install/lib/debug//libmetal.a(sifive_fe310-g000_hfxosc.o)
 .text.__metal_driver_sifive_fe310_g000_prci_vtable
                0x000000002001433a       0x12 /home/sss22213/Desktop/RISC-V-E-SDK-automatically-build-tools/freedom-e-sdk/bsp/sifive-hifive1-revb/install/lib/debug//libmetal.a(sifive_fe310-g000_hfxosc.o)
 .text.__metal_driver_sifive_fe310_g000_hfxosc_get_rate_hz
                0x000000002001434c       0x74 /home/sss22213/Desktop/RISC-V-E-SDK-automatically-build-tools/freedom-e-sdk/bsp/sifive-hifive1-revb/install/lib/debug//libmetal.a(sifive_fe310-g000_hfxosc.o)
                0x000000002001434c                __metal_driver_sifive_fe310_g000_hfxosc_get_rate_hz
 .text.__metal_driver_sifive_fe310_g000_hfxosc_set_rate_hz
                0x00000000200143c0       0x22 /home/sss22213/Desktop/RISC-V-E-SDK-automatically-build-tools/freedom-e-sdk/bsp/sifive-hifive1-revb/install/lib/debug//libmetal.a(sifive_fe310-g000_hfxosc.o)
                0x00000000200143c0                __metal_driver_sifive_fe310_g000_hfxosc_set_rate_hz
 .text.__metal_driver_sifive_fe310_g000_pll_pllsel0
                0x00000000200143e2       0x1a /home/sss22213/Desktop/RISC-V-E-SDK-automatically-build-tools/freedom-e-sdk/bsp/sifive-hifive1-revb/install/lib/debug//libmetal.a(sifive_fe310-g000_pll.o)
 .text.__metal_driver_sifive_fe310_g000_pll_pllref
                0x00000000200143fc       0x1a /home/sss22213/Desktop/RISC-V-E-SDK-automatically-build-tools/freedom-e-sdk/bsp/sifive-hifive1-revb/install/lib/debug//libmetal.a(sifive_fe310-g000_pll.o)
 .text.__metal_driver_sifive_fe310_g000_pll_divider_base
                0x0000000020014416       0x16 /home/sss22213/Desktop/RISC-V-E-SDK-automatically-build-tools/freedom-e-sdk/bsp/sifive-hifive1-revb/install/lib/debug//libmetal.a(sifive_fe310-g000_pll.o)
 .text.__metal_driver_sifive_fe310_g000_pll_divider_offset
                0x000000002001442c       0x14 /home/sss22213/Desktop/RISC-V-E-SDK-automatically-build-tools/freedom-e-sdk/bsp/sifive-hifive1-revb/install/lib/debug//libmetal.a(sifive_fe310-g000_pll.o)
 .text.__metal_driver_sifive_fe310_g000_pll_config_base
                0x0000000020014440       0x12 /home/sss22213/Desktop/RISC-V-E-SDK-automatically-build-tools/freedom-e-sdk/bsp/sifive-hifive1-revb/install/lib/debug//libmetal.a(sifive_fe310-g000_pll.o)
 .text.__metal_driver_sifive_fe310_g000_pll_config_offset
                0x0000000020014452       0x10 /home/sss22213/Desktop/RISC-V-E-SDK-automatically-build-tools/freedom-e-sdk/bsp/sifive-hifive1-revb/install/lib/debug//libmetal.a(sifive_fe310-g000_pll.o)
 .text.__metal_driver_sifive_fe310_g000_pll_init_rate
                0x0000000020014462       0x16 /home/sss22213/Desktop/RISC-V-E-SDK-automatically-build-tools/freedom-e-sdk/bsp/sifive-hifive1-revb/install/lib/debug//libmetal.a(sifive_fe310-g000_pll.o)
 .text.__metal_driver_sifive_fe310_g000_prci_base
                0x0000000020014478       0x12 /home/sss22213/Desktop/RISC-V-E-SDK-automatically-build-tools/freedom-e-sdk/bsp/sifive-hifive1-revb/install/lib/debug//libmetal.a(sifive_fe310-g000_pll.o)
 .text.__metal_driver_sifive_fe310_g000_prci_vtable
                0x000000002001448a       0x12 /home/sss22213/Desktop/RISC-V-E-SDK-automatically-build-tools/freedom-e-sdk/bsp/sifive-hifive1-revb/install/lib/debug//libmetal.a(sifive_fe310-g000_pll.o)
 .text.get_pll_config_freq
                0x000000002001449c       0x4e /home/sss22213/Desktop/RISC-V-E-SDK-automatically-build-tools/freedom-e-sdk/bsp/sifive-hifive1-revb/install/lib/debug//libmetal.a(sifive_fe310-g000_pll.o)
 .text.__metal_driver_sifive_fe310_g000_pll_init
                0x00000000200144ea       0xa4 /home/sss22213/Desktop/RISC-V-E-SDK-automatically-build-tools/freedom-e-sdk/bsp/sifive-hifive1-revb/install/lib/debug//libmetal.a(sifive_fe310-g000_pll.o)
                0x00000000200144ea                __metal_driver_sifive_fe310_g000_pll_init
 .text.__metal_driver_sifive_fe310_g000_pll_get_rate_hz
                0x000000002001458e      0x170 /home/sss22213/Desktop/RISC-V-E-SDK-automatically-build-tools/freedom-e-sdk/bsp/sifive-hifive1-revb/install/lib/debug//libmetal.a(sifive_fe310-g000_pll.o)
                0x000000002001458e                __metal_driver_sifive_fe310_g000_pll_get_rate_hz
 .text.find_closest_config
                0x00000000200146fe       0xaa /home/sss22213/Desktop/RISC-V-E-SDK-automatically-build-tools/freedom-e-sdk/bsp/sifive-hifive1-revb/install/lib/debug//libmetal.a(sifive_fe310-g000_pll.o)
 .text.configure_pll
                0x00000000200147a8      0x1ac /home/sss22213/Desktop/RISC-V-E-SDK-automatically-build-tools/freedom-e-sdk/bsp/sifive-hifive1-revb/install/lib/debug//libmetal.a(sifive_fe310-g000_pll.o)
 .text.__metal_driver_sifive_fe310_g000_pll_set_rate_hz
                0x0000000020014954      0x162 /home/sss22213/Desktop/RISC-V-E-SDK-automatically-build-tools/freedom-e-sdk/bsp/sifive-hifive1-revb/install/lib/debug//libmetal.a(sifive_fe310-g000_pll.o)
                0x0000000020014954                __metal_driver_sifive_fe310_g000_pll_set_rate_hz
 .text.__metal_driver_sifive_fe310_g000_prci_base
                0x0000000020014ab6       0x12 /home/sss22213/Desktop/RISC-V-E-SDK-automatically-build-tools/freedom-e-sdk/bsp/sifive-hifive1-revb/install/lib/debug//libmetal.a(sifive_fe310-g000_prci.o)
 .text.__metal_driver_sifive_fe310_g000_prci_get_reg
                0x0000000020014ac8       0x2e /home/sss22213/Desktop/RISC-V-E-SDK-automatically-build-tools/freedom-e-sdk/bsp/sifive-hifive1-revb/install/lib/debug//libmetal.a(sifive_fe310-g000_prci.o)
                0x0000000020014ac8                __metal_driver_sifive_fe310_g000_prci_get_reg
 .text.__metal_driver_sifive_fe310_g000_prci_set_reg
                0x0000000020014af6       0x38 /home/sss22213/Desktop/RISC-V-E-SDK-automatically-build-tools/freedom-e-sdk/bsp/sifive-hifive1-revb/install/lib/debug//libmetal.a(sifive_fe310-g000_prci.o)
                0x0000000020014af6                __metal_driver_sifive_fe310_g000_prci_set_reg
 .text.__metal_driver_sifive_gpio_led_gpio
                0x0000000020014b2e       0x4a /home/sss22213/Desktop/RISC-V-E-SDK-automatically-build-tools/freedom-e-sdk/bsp/sifive-hifive1-revb/install/lib/debug//libmetal.a(sifive_gpio-leds.o)
 .text.__metal_driver_sifive_gpio_led_pin
                0x0000000020014b78       0x44 /home/sss22213/Desktop/RISC-V-E-SDK-automatically-build-tools/freedom-e-sdk/bsp/sifive-hifive1-revb/install/lib/debug//libmetal.a(sifive_gpio-leds.o)
 .text.__metal_driver_sifive_gpio_led_label
                0x0000000020014bbc       0x5c /home/sss22213/Desktop/RISC-V-E-SDK-automatically-build-tools/freedom-e-sdk/bsp/sifive-hifive1-revb/install/lib/debug//libmetal.a(sifive_gpio-leds.o)
 .text.__metal_driver_led_exist
                0x0000000020014c18       0x36 /home/sss22213/Desktop/RISC-V-E-SDK-automatically-build-tools/freedom-e-sdk/bsp/sifive-hifive1-revb/install/lib/debug//libmetal.a(sifive_gpio-leds.o)
                0x0000000020014c18                __metal_driver_led_exist
 .text.__metal_driver_led_enable
                0x0000000020014c4e       0x48 /home/sss22213/Desktop/RISC-V-E-SDK-automatically-build-tools/freedom-e-sdk/bsp/sifive-hifive1-revb/install/lib/debug//libmetal.a(sifive_gpio-leds.o)
                0x0000000020014c4e                __metal_driver_led_enable
 .text.__metal_driver_led_on
                0x0000000020014c96       0x3e /home/sss22213/Desktop/RISC-V-E-SDK-automatically-build-tools/freedom-e-sdk/bsp/sifive-hifive1-revb/install/lib/debug//libmetal.a(sifive_gpio-leds.o)
                0x0000000020014c96                __metal_driver_led_on
 .text.__metal_driver_led_off
                0x0000000020014cd4       0x3e /home/sss22213/Desktop/RISC-V-E-SDK-automatically-build-tools/freedom-e-sdk/bsp/sifive-hifive1-revb/install/lib/debug//libmetal.a(sifive_gpio-leds.o)
                0x0000000020014cd4                __metal_driver_led_off
 .text.__metal_driver_led_toggle
                0x0000000020014d12       0x3c /home/sss22213/Desktop/RISC-V-E-SDK-automatically-build-tools/freedom-e-sdk/bsp/sifive-hifive1-revb/install/lib/debug//libmetal.a(sifive_gpio-leds.o)
                0x0000000020014d12                __metal_driver_led_toggle
 .text.__metal_driver_sifive_gpio0_base
                0x0000000020014d4e       0x26 /home/sss22213/Desktop/RISC-V-E-SDK-automatically-build-tools/freedom-e-sdk/bsp/sifive-hifive1-revb/install/lib/debug//libmetal.a(sifive_gpio0.o)
 .text.__metal_driver_sifive_gpio0_interrupt_parent
                0x0000000020014d74       0x2a /home/sss22213/Desktop/RISC-V-E-SDK-automatically-build-tools/freedom-e-sdk/bsp/sifive-hifive1-revb/install/lib/debug//libmetal.a(sifive_gpio0.o)
 .text.__metal_driver_sifive_gpio0_interrupt_lines
                0x0000000020014d9e      0x35e /home/sss22213/Desktop/RISC-V-E-SDK-automatically-build-tools/freedom-e-sdk/bsp/sifive-hifive1-revb/install/lib/debug//libmetal.a(sifive_gpio0.o)
 .text.__metal_driver_sifive_gpio0_enable_input
                0x00000000200150fc       0x40 /home/sss22213/Desktop/RISC-V-E-SDK-automatically-build-tools/freedom-e-sdk/bsp/sifive-hifive1-revb/install/lib/debug//libmetal.a(sifive_gpio0.o)
                0x00000000200150fc                __metal_driver_sifive_gpio0_enable_input
 .text.__metal_driver_sifive_gpio0_disable_input
                0x000000002001513c       0x46 /home/sss22213/Desktop/RISC-V-E-SDK-automatically-build-tools/freedom-e-sdk/bsp/sifive-hifive1-revb/install/lib/debug//libmetal.a(sifive_gpio0.o)
                0x000000002001513c                __metal_driver_sifive_gpio0_disable_input
 .text.__metal_driver_sifive_gpio0_input
                0x0000000020015182       0x2a /home/sss22213/Desktop/RISC-V-E-SDK-automatically-build-tools/freedom-e-sdk/bsp/sifive-hifive1-revb/install/lib/debug//libmetal.a(sifive_gpio0.o)
                0x0000000020015182                __metal_driver_sifive_gpio0_input
 .text.__metal_driver_sifive_gpio0_output
                0x00000000200151ac       0x2c /home/sss22213/Desktop/RISC-V-E-SDK-automatically-build-tools/freedom-e-sdk/bsp/sifive-hifive1-revb/install/lib/debug//libmetal.a(sifive_gpio0.o)
                0x00000000200151ac                __metal_driver_sifive_gpio0_output
 .text.__metal_driver_sifive_gpio0_disable_output
                0x00000000200151d8       0x46 /home/sss22213/Desktop/RISC-V-E-SDK-automatically-build-tools/freedom-e-sdk/bsp/sifive-hifive1-revb/install/lib/debug//libmetal.a(sifive_gpio0.o)
                0x00000000200151d8                __metal_driver_sifive_gpio0_disable_output
 .text.__metal_driver_sifive_gpio0_enable_output
                0x000000002001521e       0x40 /home/sss22213/Desktop/RISC-V-E-SDK-automatically-build-tools/freedom-e-sdk/bsp/sifive-hifive1-revb/install/lib/debug//libmetal.a(sifive_gpio0.o)
                0x000000002001521e                __metal_driver_sifive_gpio0_enable_output
 .text.__metal_driver_sifive_gpio0_output_set
                0x000000002001525e       0x40 /home/sss22213/Desktop/RISC-V-E-SDK-automatically-build-tools/freedom-e-sdk/bsp/sifive-hifive1-revb/install/lib/debug//libmetal.a(sifive_gpio0.o)
                0x000000002001525e                __metal_driver_sifive_gpio0_output_set
 .text.__metal_driver_sifive_gpio0_output_clear
                0x000000002001529e       0x46 /home/sss22213/Desktop/RISC-V-E-SDK-automatically-build-tools/freedom-e-sdk/bsp/sifive-hifive1-revb/install/lib/debug//libmetal.a(sifive_gpio0.o)
                0x000000002001529e                __metal_driver_sifive_gpio0_output_clear
 .text.__metal_driver_sifive_gpio0_output_toggle
                0x00000000200152e4       0x40 /home/sss22213/Desktop/RISC-V-E-SDK-automatically-build-tools/freedom-e-sdk/bsp/sifive-hifive1-revb/install/lib/debug//libmetal.a(sifive_gpio0.o)
                0x00000000200152e4                __metal_driver_sifive_gpio0_output_toggle
 .text.__metal_driver_sifive_gpio0_enable_io
                0x0000000020015324       0x62 /home/sss22213/Desktop/RISC-V-E-SDK-automatically-build-tools/freedom-e-sdk/bsp/sifive-hifive1-revb/install/lib/debug//libmetal.a(sifive_gpio0.o)
                0x0000000020015324                __metal_driver_sifive_gpio0_enable_io
 .text.__metal_driver_sifive_gpio0_disable_io
                0x0000000020015386       0x4a /home/sss22213/Desktop/RISC-V-E-SDK-automatically-build-tools/freedom-e-sdk/bsp/sifive-hifive1-revb/install/lib/debug//libmetal.a(sifive_gpio0.o)
                0x0000000020015386                __metal_driver_sifive_gpio0_disable_io
 .text.__metal_driver_sifive_gpio0_config_int
                0x00000000200153d0      0x206 /home/sss22213/Desktop/RISC-V-E-SDK-automatically-build-tools/freedom-e-sdk/bsp/sifive-hifive1-revb/install/lib/debug//libmetal.a(sifive_gpio0.o)
                0x00000000200153d0                __metal_driver_sifive_gpio0_config_int
 .text.__metal_driver_sifive_gpio0_clear_int
                0x00000000200155d6      0x188 /home/sss22213/Desktop/RISC-V-E-SDK-automatically-build-tools/freedom-e-sdk/bsp/sifive-hifive1-revb/install/lib/debug//libmetal.a(sifive_gpio0.o)
                0x00000000200155d6                __metal_driver_sifive_gpio0_clear_int
 .text.__metal_driver_gpio_interrupt_controller
                0x000000002001575e       0x20 /home/sss22213/Desktop/RISC-V-E-SDK-automatically-build-tools/freedom-e-sdk/bsp/sifive-hifive1-revb/install/lib/debug//libmetal.a(sifive_gpio0.o)
                0x000000002001575e                __metal_driver_gpio_interrupt_controller
 .text.__metal_driver_gpio_get_interrupt_id
                0x000000002001577e       0x2e /home/sss22213/Desktop/RISC-V-E-SDK-automatically-build-tools/freedom-e-sdk/bsp/sifive-hifive1-revb/install/lib/debug//libmetal.a(sifive_gpio0.o)
                0x000000002001577e                __metal_driver_gpio_get_interrupt_id
 .text.__metal_driver_sifive_uart0_control_base
                0x00000000200157ac       0x40 /home/sss22213/Desktop/RISC-V-E-SDK-automatically-build-tools/freedom-e-sdk/bsp/sifive-hifive1-revb/install/lib/debug//libmetal.a(sifive_uart0.o)
 .text.__metal_driver_sifive_uart0_interrupt_parent
                0x00000000200157ec       0x48 /home/sss22213/Desktop/RISC-V-E-SDK-automatically-build-tools/freedom-e-sdk/bsp/sifive-hifive1-revb/install/lib/debug//libmetal.a(sifive_uart0.o)
 .text.__metal_driver_sifive_uart0_interrupt_line
                0x0000000020015834       0x3c /home/sss22213/Desktop/RISC-V-E-SDK-automatically-build-tools/freedom-e-sdk/bsp/sifive-hifive1-revb/install/lib/debug//libmetal.a(sifive_uart0.o)
 .text.__metal_driver_sifive_uart0_clock
                0x0000000020015870       0x48 /home/sss22213/Desktop/RISC-V-E-SDK-automatically-build-tools/freedom-e-sdk/bsp/sifive-hifive1-revb/install/lib/debug//libmetal.a(sifive_uart0.o)
 .text.__metal_driver_sifive_uart0_pinmux
                0x00000000200158b8       0x40 /home/sss22213/Desktop/RISC-V-E-SDK-automatically-build-tools/freedom-e-sdk/bsp/sifive-hifive1-revb/install/lib/debug//libmetal.a(sifive_uart0.o)
 .text.__metal_driver_sifive_uart0_pinmux_output_selector
                0x00000000200158f8       0x3c /home/sss22213/Desktop/RISC-V-E-SDK-automatically-build-tools/freedom-e-sdk/bsp/sifive-hifive1-revb/install/lib/debug//libmetal.a(sifive_uart0.o)
 .text.__metal_driver_sifive_uart0_pinmux_source_selector
                0x0000000020015934       0x40 /home/sss22213/Desktop/RISC-V-E-SDK-automatically-build-tools/freedom-e-sdk/bsp/sifive-hifive1-revb/install/lib/debug//libmetal.a(sifive_uart0.o)
 .text.__metal_driver_sifive_uart0_interrupt_controller
                0x0000000020015974       0x1e /home/sss22213/Desktop/RISC-V-E-SDK-automatically-build-tools/freedom-e-sdk/bsp/sifive-hifive1-revb/install/lib/debug//libmetal.a(sifive_uart0.o)
                0x0000000020015974                __metal_driver_sifive_uart0_interrupt_controller
 .text.__metal_driver_sifive_uart0_get_interrupt_id
                0x0000000020015992       0x1e /home/sss22213/Desktop/RISC-V-E-SDK-automatically-build-tools/freedom-e-sdk/bsp/sifive-hifive1-revb/install/lib/debug//libmetal.a(sifive_uart0.o)
                0x0000000020015992                __metal_driver_sifive_uart0_get_interrupt_id
 .text.__metal_driver_sifive_uart0_tx_interrupt_enable
                0x00000000200159b0       0x3a /home/sss22213/Desktop/RISC-V-E-SDK-automatically-build-tools/freedom-e-sdk/bsp/sifive-hifive1-revb/install/lib/debug//libmetal.a(sifive_uart0.o)
                0x00000000200159b0                __metal_driver_sifive_uart0_tx_interrupt_enable
 .text.__metal_driver_sifive_uart0_tx_interrupt_disable
                0x00000000200159ea       0x38 /home/sss22213/Desktop/RISC-V-E-SDK-automatically-build-tools/freedom-e-sdk/bsp/sifive-hifive1-revb/install/lib/debug//libmetal.a(sifive_uart0.o)
                0x00000000200159ea                __metal_driver_sifive_uart0_tx_interrupt_disable
 .text.__metal_driver_sifive_uart0_rx_interrupt_enable
                0x0000000020015a22       0x3a /home/sss22213/Desktop/RISC-V-E-SDK-automatically-build-tools/freedom-e-sdk/bsp/sifive-hifive1-revb/install/lib/debug//libmetal.a(sifive_uart0.o)
                0x0000000020015a22                __metal_driver_sifive_uart0_rx_interrupt_enable
 .text.__metal_driver_sifive_uart0_rx_interrupt_disable
                0x0000000020015a5c       0x38 /home/sss22213/Desktop/RISC-V-E-SDK-automatically-build-tools/freedom-e-sdk/bsp/sifive-hifive1-revb/install/lib/debug//libmetal.a(sifive_uart0.o)
                0x0000000020015a5c                __metal_driver_sifive_uart0_rx_interrupt_disable
 .text.__metal_driver_sifive_uart0_txready
                0x0000000020015a94       0x30 /home/sss22213/Desktop/RISC-V-E-SDK-automatically-build-tools/freedom-e-sdk/bsp/sifive-hifive1-revb/install/lib/debug//libmetal.a(sifive_uart0.o)
                0x0000000020015a94                __metal_driver_sifive_uart0_txready
 .text.__metal_driver_sifive_uart0_set_tx_watermark
                0x0000000020015ac4       0x4a /home/sss22213/Desktop/RISC-V-E-SDK-automatically-build-tools/freedom-e-sdk/bsp/sifive-hifive1-revb/install/lib/debug//libmetal.a(sifive_uart0.o)
                0x0000000020015ac4                __metal_driver_sifive_uart0_set_tx_watermark
 .text.__metal_driver_sifive_uart0_get_tx_watermark
                0x0000000020015b0e       0x30 /home/sss22213/Desktop/RISC-V-E-SDK-automatically-build-tools/freedom-e-sdk/bsp/sifive-hifive1-revb/install/lib/debug//libmetal.a(sifive_uart0.o)
                0x0000000020015b0e                __metal_driver_sifive_uart0_get_tx_watermark
 .text.__metal_driver_sifive_uart0_set_rx_watermark
                0x0000000020015b3e       0x4a /home/sss22213/Desktop/RISC-V-E-SDK-automatically-build-tools/freedom-e-sdk/bsp/sifive-hifive1-revb/install/lib/debug//libmetal.a(sifive_uart0.o)
                0x0000000020015b3e                __metal_driver_sifive_uart0_set_rx_watermark
 .text.__metal_driver_sifive_uart0_get_rx_watermark
                0x0000000020015b88       0x30 /home/sss22213/Desktop/RISC-V-E-SDK-automatically-build-tools/freedom-e-sdk/bsp/sifive-hifive1-revb/install/lib/debug//libmetal.a(sifive_uart0.o)
                0x0000000020015b88                __metal_driver_sifive_uart0_get_rx_watermark
 .text.__metal_driver_sifive_uart0_putc
                0x0000000020015bb8       0x40 /home/sss22213/Desktop/RISC-V-E-SDK-automatically-build-tools/freedom-e-sdk/bsp/sifive-hifive1-revb/install/lib/debug//libmetal.a(sifive_uart0.o)
                0x0000000020015bb8                __metal_driver_sifive_uart0_putc
 .text.__metal_driver_sifive_uart0_getc
                0x0000000020015bf8       0x56 /home/sss22213/Desktop/RISC-V-E-SDK-automatically-build-tools/freedom-e-sdk/bsp/sifive-hifive1-revb/install/lib/debug//libmetal.a(sifive_uart0.o)
                0x0000000020015bf8                __metal_driver_sifive_uart0_getc
 .text.__metal_driver_sifive_uart0_get_baud_rate
                0x0000000020015c4e       0x20 /home/sss22213/Desktop/RISC-V-E-SDK-automatically-build-tools/freedom-e-sdk/bsp/sifive-hifive1-revb/install/lib/debug//libmetal.a(sifive_uart0.o)
                0x0000000020015c4e                __metal_driver_sifive_uart0_get_baud_rate
 .text.__metal_driver_sifive_uart0_set_baud_rate
                0x0000000020015c6e       0xa0 /home/sss22213/Desktop/RISC-V-E-SDK-automatically-build-tools/freedom-e-sdk/bsp/sifive-hifive1-revb/install/lib/debug//libmetal.a(sifive_uart0.o)
                0x0000000020015c6e                __metal_driver_sifive_uart0_set_baud_rate
 .text.pre_rate_change_callback_func
                0x0000000020015d0e       0xd8 /home/sss22213/Desktop/RISC-V-E-SDK-automatically-build-tools/freedom-e-sdk/bsp/sifive-hifive1-revb/install/lib/debug//libmetal.a(sifive_uart0.o)
 .text.post_rate_change_callback_func
                0x0000000020015de6       0x2e /home/sss22213/Desktop/RISC-V-E-SDK-automatically-build-tools/freedom-e-sdk/bsp/sifive-hifive1-revb/install/lib/debug//libmetal.a(sifive_uart0.o)
 .text.__metal_driver_sifive_uart0_init
                0x0000000020015e14       0xd0 /home/sss22213/Desktop/RISC-V-E-SDK-automatically-build-tools/freedom-e-sdk/bsp/sifive-hifive1-revb/install/lib/debug//libmetal.a(sifive_uart0.o)
                0x0000000020015e14                __metal_driver_sifive_uart0_init
 .text._metal_clock_call_all_callbacks
                0x0000000020015ee4       0x40 /home/sss22213/Desktop/RISC-V-E-SDK-automatically-build-tools/freedom-e-sdk/bsp/sifive-hifive1-revb/install/lib/debug//libmetal.a(clock.o)
                0x0000000020015ee4                _metal_clock_call_all_callbacks
 .text._metal_clock_append_to_callbacks
                0x0000000020015f24       0x54 /home/sss22213/Desktop/RISC-V-E-SDK-automatically-build-tools/freedom-e-sdk/bsp/sifive-hifive1-revb/install/lib/debug//libmetal.a(clock.o)
                0x0000000020015f24                _metal_clock_append_to_callbacks
 .text.metal_clock_get_rate_hz
                0x0000000020015f78       0x26 /home/sss22213/Desktop/RISC-V-E-SDK-automatically-build-tools/freedom-e-sdk/bsp/sifive-hifive1-revb/install/lib/debug//libmetal.a(clock.o)
                0x0000000020015f78                metal_clock_get_rate_hz
 .text.metal_clock_set_rate_hz
                0x0000000020015f9e       0x48 /home/sss22213/Desktop/RISC-V-E-SDK-automatically-build-tools/freedom-e-sdk/bsp/sifive-hifive1-revb/install/lib/debug//libmetal.a(clock.o)
                0x0000000020015f9e                metal_clock_set_rate_hz
 .text.metal_clock_register_pre_rate_change_callback
                0x0000000020015fe6       0x30 /home/sss22213/Desktop/RISC-V-E-SDK-automatically-build-tools/freedom-e-sdk/bsp/sifive-hifive1-revb/install/lib/debug//libmetal.a(clock.o)
                0x0000000020015fe6                metal_clock_register_pre_rate_change_callback
 .text.metal_clock_register_post_rate_change_callback
                0x0000000020016016       0x30 /home/sss22213/Desktop/RISC-V-E-SDK-automatically-build-tools/freedom-e-sdk/bsp/sifive-hifive1-revb/install/lib/debug//libmetal.a(clock.o)
                0x0000000020016016                metal_clock_register_post_rate_change_callback
 .text.metal_cpu_interrupt_controller
                0x0000000020016046       0x26 /home/sss22213/Desktop/RISC-V-E-SDK-automatically-build-tools/freedom-e-sdk/bsp/sifive-hifive1-revb/install/lib/debug//libmetal.a(cpu.o)
                0x0000000020016046                metal_cpu_interrupt_controller
 .text.metal_cpu_get
                0x000000002001606c       0x2e /home/sss22213/Desktop/RISC-V-E-SDK-automatically-build-tools/freedom-e-sdk/bsp/sifive-hifive1-revb/install/lib/debug//libmetal.a(cpu.o)
                0x000000002001606c                metal_cpu_get
 .text.metal_cpu_get_current_hartid
                0x000000002001609a       0x1a /home/sss22213/Desktop/RISC-V-E-SDK-automatically-build-tools/freedom-e-sdk/bsp/sifive-hifive1-revb/install/lib/debug//libmetal.a(cpu.o)
                0x000000002001609a                metal_cpu_get_current_hartid
 .text.metal_gpio_disable_input
                0x00000000200160b4       0x40 /home/sss22213/Desktop/RISC-V-E-SDK-automatically-build-tools/freedom-e-sdk/bsp/sifive-hifive1-revb/install/lib/debug//libmetal.a(gpio.o)
                0x00000000200160b4                metal_gpio_disable_input
 .text.metal_gpio_enable_output
                0x00000000200160f4       0x40 /home/sss22213/Desktop/RISC-V-E-SDK-automatically-build-tools/freedom-e-sdk/bsp/sifive-hifive1-revb/install/lib/debug//libmetal.a(gpio.o)
                0x00000000200160f4                metal_gpio_enable_output
 .text.metal_gpio_set_pin
                0x0000000020016134       0x68 /home/sss22213/Desktop/RISC-V-E-SDK-automatically-build-tools/freedom-e-sdk/bsp/sifive-hifive1-revb/install/lib/debug//libmetal.a(gpio.o)
                0x0000000020016134                metal_gpio_set_pin
 .text.metal_gpio_toggle_pin
                0x000000002001619c       0x40 /home/sss22213/Desktop/RISC-V-E-SDK-automatically-build-tools/freedom-e-sdk/bsp/sifive-hifive1-revb/install/lib/debug//libmetal.a(gpio.o)
                0x000000002001619c                metal_gpio_toggle_pin
 .text.metal_interrupt_init
                0x00000000200161dc       0x24 /home/sss22213/Desktop/RISC-V-E-SDK-automatically-build-tools/freedom-e-sdk/bsp/sifive-hifive1-revb/install/lib/debug//libmetal.a(interrupt.o)
                0x00000000200161dc                metal_interrupt_init
 .text.metal_interrupt_get_controller
                0x0000000020016200       0x58 /home/sss22213/Desktop/RISC-V-E-SDK-automatically-build-tools/freedom-e-sdk/bsp/sifive-hifive1-revb/install/lib/debug//libmetal.a(interrupt.o)
                0x0000000020016200                metal_interrupt_get_controller
 .text.metal_led_enable
                0x0000000020016258       0x24 /home/sss22213/Desktop/RISC-V-E-SDK-automatically-build-tools/freedom-e-sdk/bsp/sifive-hifive1-revb/install/lib/debug//libmetal.a(led.o)
                0x0000000020016258                metal_led_enable
 .text.metal_led_on
                0x000000002001627c       0x24 /home/sss22213/Desktop/RISC-V-E-SDK-automatically-build-tools/freedom-e-sdk/bsp/sifive-hifive1-revb/install/lib/debug//libmetal.a(led.o)
                0x000000002001627c                metal_led_on
 .text.metal_led_off
                0x00000000200162a0       0x24 /home/sss22213/Desktop/RISC-V-E-SDK-automatically-build-tools/freedom-e-sdk/bsp/sifive-hifive1-revb/install/lib/debug//libmetal.a(led.o)
                0x00000000200162a0                metal_led_off
 .text.metal_led_get_rgb
                0x00000000200162c4       0x96 /home/sss22213/Desktop/RISC-V-E-SDK-automatically-build-tools/freedom-e-sdk/bsp/sifive-hifive1-revb/install/lib/debug//libmetal.a(led.o)
                0x00000000200162c4                metal_led_get_rgb
 .text.metal_shutdown
                0x000000002001635a        0xe /home/sss22213/Desktop/RISC-V-E-SDK-automatically-build-tools/freedom-e-sdk/bsp/sifive-hifive1-revb/install/lib/debug//libmetal.a(shutdown.o)
                0x000000002001635a                metal_shutdown
 .text.metal_uart_init
                0x0000000020016368       0x2c /home/sss22213/Desktop/RISC-V-E-SDK-automatically-build-tools/freedom-e-sdk/bsp/sifive-hifive1-revb/install/lib/debug//libmetal.a(uart.o)
                0x0000000020016368                metal_uart_init
 .text.metal_uart_putc
                0x0000000020016394       0x2e /home/sss22213/Desktop/RISC-V-E-SDK-automatically-build-tools/freedom-e-sdk/bsp/sifive-hifive1-revb/install/lib/debug//libmetal.a(uart.o)
                0x0000000020016394                metal_uart_putc
 .text.metal_uart_set_baud_rate
                0x00000000200163c2       0x2e /home/sss22213/Desktop/RISC-V-E-SDK-automatically-build-tools/freedom-e-sdk/bsp/sifive-hifive1-revb/install/lib/debug//libmetal.a(uart.o)
                0x00000000200163c2                metal_uart_set_baud_rate
 *fill*         0x00000000200163f0       0x10 
 .text          0x0000000020016400       0x80 /home/sss22213/Desktop/RISC-V-E-SDK-automatically-build-tools/freedom-e-sdk/bsp/sifive-hifive1-revb/install/lib/debug//libmetal.a(vector.o)
                0x0000000020016400                __metal_vector_table
 .text.__metal_driver_fixed_clock_rate
                0x0000000020016480       0x70 /home/sss22213/Desktop/RISC-V-E-SDK-automatically-build-tools/freedom-e-sdk/bsp/sifive-hifive1-revb/install/lib/debug//libmetal.a(fixed-clock.o)
 .text.__metal_driver_fixed_clock_get_rate_hz
                0x00000000200164f0       0x1e /home/sss22213/Desktop/RISC-V-E-SDK-automatically-build-tools/freedom-e-sdk/bsp/sifive-hifive1-revb/install/lib/debug//libmetal.a(fixed-clock.o)
                0x00000000200164f0                __metal_driver_fixed_clock_get_rate_hz
 .text.__metal_driver_fixed_clock_set_rate_hz
                0x000000002001650e       0x22 /home/sss22213/Desktop/RISC-V-E-SDK-automatically-build-tools/freedom-e-sdk/bsp/sifive-hifive1-revb/install/lib/debug//libmetal.a(fixed-clock.o)
                0x000000002001650e                __metal_driver_fixed_clock_set_rate_hz
 .text._exit    0x0000000020016530       0x14 /home/sss22213/Desktop/RISC-V-E-SDK-automatically-build-tools/freedom-e-sdk/bsp/sifive-hifive1-revb/install/lib/debug//libmetal-gloss.a(sys_exit.o)
                0x0000000020016530                _exit
 .text._write   0x0000000020016544       0x72 /home/sss22213/Desktop/RISC-V-E-SDK-automatically-build-tools/freedom-e-sdk/bsp/sifive-hifive1-revb/install/lib/debug//libmetal-gloss.a(sys_write.o)
                0x0000000020016544                _write
 .text.xQueueGenericReset
                0x00000000200165b6       0xd6 /home/sss22213/Desktop/RISC-V-E-SDK-automatically-build-tools/freedom-e-sdk/software/SHT20-for-hifive1-revb/build/FreeRTOS/lib/libFreeRTOS.a(queue.o)
                0x00000000200165b6                xQueueGenericReset
 .text.xQueueGenericCreate
                0x000000002001668c       0x84 /home/sss22213/Desktop/RISC-V-E-SDK-automatically-build-tools/freedom-e-sdk/software/SHT20-for-hifive1-revb/build/FreeRTOS/lib/libFreeRTOS.a(queue.o)
                0x000000002001668c                xQueueGenericCreate
 .text.prvInitialiseNewQueue
                0x0000000020016710       0x6e /home/sss22213/Desktop/RISC-V-E-SDK-automatically-build-tools/freedom-e-sdk/software/SHT20-for-hifive1-revb/build/FreeRTOS/lib/libFreeRTOS.a(queue.o)
 .text.xQueueGenericSend
                0x000000002001677e      0x168 /home/sss22213/Desktop/RISC-V-E-SDK-automatically-build-tools/freedom-e-sdk/software/SHT20-for-hifive1-revb/build/FreeRTOS/lib/libFreeRTOS.a(queue.o)
                0x000000002001677e                xQueueGenericSend
 .text.xQueueGenericSendFromISR
                0x00000000200168e6       0xbe /home/sss22213/Desktop/RISC-V-E-SDK-automatically-build-tools/freedom-e-sdk/software/SHT20-for-hifive1-revb/build/FreeRTOS/lib/libFreeRTOS.a(queue.o)
                0x00000000200168e6                xQueueGenericSendFromISR
 .text.xQueueReceive
                0x00000000200169a4      0x15a /home/sss22213/Desktop/RISC-V-E-SDK-automatically-build-tools/freedom-e-sdk/software/SHT20-for-hifive1-revb/build/FreeRTOS/lib/libFreeRTOS.a(queue.o)
                0x00000000200169a4                xQueueReceive
 .text.xQueueSemaphoreTake
                0x0000000020016afe      0x1ac /home/sss22213/Desktop/RISC-V-E-SDK-automatically-build-tools/freedom-e-sdk/software/SHT20-for-hifive1-revb/build/FreeRTOS/lib/libFreeRTOS.a(queue.o)
                0x0000000020016afe                xQueueSemaphoreTake
 .text.prvGetDisinheritPriorityAfterTimeout
                0x0000000020016caa       0x36 /home/sss22213/Desktop/RISC-V-E-SDK-automatically-build-tools/freedom-e-sdk/software/SHT20-for-hifive1-revb/build/FreeRTOS/lib/libFreeRTOS.a(queue.o)
 .text.prvCopyDataToQueue
                0x0000000020016ce0      0x12a /home/sss22213/Desktop/RISC-V-E-SDK-automatically-build-tools/freedom-e-sdk/software/SHT20-for-hifive1-revb/build/FreeRTOS/lib/libFreeRTOS.a(queue.o)
 .text.prvCopyDataFromQueue
                0x0000000020016e0a       0x6a /home/sss22213/Desktop/RISC-V-E-SDK-automatically-build-tools/freedom-e-sdk/software/SHT20-for-hifive1-revb/build/FreeRTOS/lib/libFreeRTOS.a(queue.o)
 .text.prvUnlockQueue
                0x0000000020016e74       0xc4 /home/sss22213/Desktop/RISC-V-E-SDK-automatically-build-tools/freedom-e-sdk/software/SHT20-for-hifive1-revb/build/FreeRTOS/lib/libFreeRTOS.a(queue.o)
 .text.prvIsQueueEmpty
                0x0000000020016f38       0x36 /home/sss22213/Desktop/RISC-V-E-SDK-automatically-build-tools/freedom-e-sdk/software/SHT20-for-hifive1-revb/build/FreeRTOS/lib/libFreeRTOS.a(queue.o)
 .text.prvIsQueueFull
                0x0000000020016f6e       0x3e /home/sss22213/Desktop/RISC-V-E-SDK-automatically-build-tools/freedom-e-sdk/software/SHT20-for-hifive1-revb/build/FreeRTOS/lib/libFreeRTOS.a(queue.o)
 .text.vQueueAddToRegistry
                0x0000000020016fac       0x66 /home/sss22213/Desktop/RISC-V-E-SDK-automatically-build-tools/freedom-e-sdk/software/SHT20-for-hifive1-revb/build/FreeRTOS/lib/libFreeRTOS.a(queue.o)
                0x0000000020016fac                vQueueAddToRegistry
 .text.vQueueWaitForMessageRestricted
                0x0000000020017012       0x8c /home/sss22213/Desktop/RISC-V-E-SDK-automatically-build-tools/freedom-e-sdk/software/SHT20-for-hifive1-revb/build/FreeRTOS/lib/libFreeRTOS.a(queue.o)
                0x0000000020017012                vQueueWaitForMessageRestricted
 .text.vListInitialise
                0x000000002001709e       0x4c /home/sss22213/Desktop/RISC-V-E-SDK-automatically-build-tools/freedom-e-sdk/software/SHT20-for-hifive1-revb/build/FreeRTOS/lib/libFreeRTOS.a(list.o)
                0x000000002001709e                vListInitialise
 .text.vListInitialiseItem
                0x00000000200170ea       0x1a /home/sss22213/Desktop/RISC-V-E-SDK-automatically-build-tools/freedom-e-sdk/software/SHT20-for-hifive1-revb/build/FreeRTOS/lib/libFreeRTOS.a(list.o)
                0x00000000200170ea                vListInitialiseItem
 .text.vListInsertEnd
                0x0000000020017104       0x66 /home/sss22213/Desktop/RISC-V-E-SDK-automatically-build-tools/freedom-e-sdk/software/SHT20-for-hifive1-revb/build/FreeRTOS/lib/libFreeRTOS.a(list.o)
                0x0000000020017104                vListInsertEnd
 .text.vListInsert
                0x000000002001716a       0xa2 /home/sss22213/Desktop/RISC-V-E-SDK-automatically-build-tools/freedom-e-sdk/software/SHT20-for-hifive1-revb/build/FreeRTOS/lib/libFreeRTOS.a(list.o)
                0x000000002001716a                vListInsert
 .text.uxListRemove
                0x000000002001720c       0x70 /home/sss22213/Desktop/RISC-V-E-SDK-automatically-build-tools/freedom-e-sdk/software/SHT20-for-hifive1-revb/build/FreeRTOS/lib/libFreeRTOS.a(list.o)
                0x000000002001720c                uxListRemove
 .text.xTaskCreate
                0x000000002001727c       0xac /home/sss22213/Desktop/RISC-V-E-SDK-automatically-build-tools/freedom-e-sdk/software/SHT20-for-hifive1-revb/build/FreeRTOS/lib/libFreeRTOS.a(tasks.o)
                0x000000002001727c                xTaskCreate
 .text.prvInitialiseNewTask
                0x0000000020017328      0x1b4 /home/sss22213/Desktop/RISC-V-E-SDK-automatically-build-tools/freedom-e-sdk/software/SHT20-for-hifive1-revb/build/FreeRTOS/lib/libFreeRTOS.a(tasks.o)
 .text.prvAddNewTaskToReadyList
                0x00000000200174dc      0x112 /home/sss22213/Desktop/RISC-V-E-SDK-automatically-build-tools/freedom-e-sdk/software/SHT20-for-hifive1-revb/build/FreeRTOS/lib/libFreeRTOS.a(tasks.o)
 .text.vTaskStartScheduler
                0x00000000200175ee       0x8e /home/sss22213/Desktop/RISC-V-E-SDK-automatically-build-tools/freedom-e-sdk/software/SHT20-for-hifive1-revb/build/FreeRTOS/lib/libFreeRTOS.a(tasks.o)
                0x00000000200175ee                vTaskStartScheduler
 .text.vTaskSuspendAll
                0x000000002001767c       0x22 /home/sss22213/Desktop/RISC-V-E-SDK-automatically-build-tools/freedom-e-sdk/software/SHT20-for-hifive1-revb/build/FreeRTOS/lib/libFreeRTOS.a(tasks.o)
                0x000000002001767c                vTaskSuspendAll
 .text.xTaskResumeAll
                0x000000002001769e      0x1a2 /home/sss22213/Desktop/RISC-V-E-SDK-automatically-build-tools/freedom-e-sdk/software/SHT20-for-hifive1-revb/build/FreeRTOS/lib/libFreeRTOS.a(tasks.o)
                0x000000002001769e                xTaskResumeAll
 .text.xTaskGetTickCount
                0x0000000020017840       0x2a /home/sss22213/Desktop/RISC-V-E-SDK-automatically-build-tools/freedom-e-sdk/software/SHT20-for-hifive1-revb/build/FreeRTOS/lib/libFreeRTOS.a(tasks.o)
                0x0000000020017840                xTaskGetTickCount
 .text.xTaskIncrementTick
                0x000000002001786a      0x1b0 /home/sss22213/Desktop/RISC-V-E-SDK-automatically-build-tools/freedom-e-sdk/software/SHT20-for-hifive1-revb/build/FreeRTOS/lib/libFreeRTOS.a(tasks.o)
                0x000000002001786a                xTaskIncrementTick
 .text.vTaskSwitchContext
                0x0000000020017a1a      0x128 /home/sss22213/Desktop/RISC-V-E-SDK-automatically-build-tools/freedom-e-sdk/software/SHT20-for-hifive1-revb/build/FreeRTOS/lib/libFreeRTOS.a(tasks.o)
                0x0000000020017a1a                vTaskSwitchContext
 .text.vTaskPlaceOnEventList